<!doctype html public "-//w3c//dtd html 4.0 transitional//en">
<html><head>
<title>Static Call Graph - [.\Objects\pp_cppUtests.axf]</title></head>
<body><HR>
<H1>Static Call Graph for image .\Objects\pp_cppUtests.axf</H1><HR>
<BR><P>#&#060CALLGRAPH&#062# ARM Linker, 5060750: Last Updated: Sun Feb 20 23:40:48 2022
<BR><P>
<H3>Maximum Stack Usage =       1048 bytes + Unknown(Functions without stacksize, Cycles, Untraceable Function Pointers)</H3><H3>
Call chain for Maximum Stack Depth:</H3>
__rt_entry_main &rArr; main &rArr; CommandLineTestRunner::RunAllTests(int, const char*const *) &rArr; CommandLineTestRunner::runAllTestsMain() &rArr; CommandLineTestRunner::parseArguments(TestPlugin*) &rArr; CommandLineArguments::parse(TestPlugin*) &rArr; CommandLineArguments::addGroupDotNameFilter(int, const char*const *, int&) &rArr; SimpleString::split(const SimpleString&, SimpleStringCollection&) const &rArr; SimpleStringCollection::allocate(unsigned) &rArr; __aeabi_vec_delete &rArr; __aeabi_vec_dtor_cookie &rArr; __aeabi_vec_dtor &rArr; __ARM_vec_cleanup_rethrow &rArr; __cxa_rethrow &rArr; __cxa_call_terminate &rArr; __cxa_begin_catch &rArr; __ARM::get_foreign_intermediary(__cxa_exception*, _Unwind_Control_Block*) &rArr; __cxa_allocate_exception &rArr; __ARM::call_terminate_handler(_Unwind_Control_Block*) &rArr; std::terminate() &rArr; __cxa_get_globals &rArr; __ARM_exceptions_buffer_init &rArr; malloc &rArr; __Heap_Full &rArr; __Heap_ProvideMemory &rArr; free
<P>
<H3>
Functions with no stack information
</H3><UL>
 <LI><a href="#[26e]">__user_initial_stackheap</a>
</UL>
</UL>
<P>
<H3>
Mutually Recursive functions
</H3> <LI><a href="#[3e]">NMI_Handler</a>&nbsp;&nbsp;&nbsp;&rArr;&nbsp;&nbsp;&nbsp;<a href="#[3e]">NMI_Handler</a><BR>
 <LI><a href="#[3f]">HardFault_Handler</a>&nbsp;&nbsp;&nbsp;&rArr;&nbsp;&nbsp;&nbsp;<a href="#[3f]">HardFault_Handler</a><BR>
 <LI><a href="#[40]">MemManage_Handler</a>&nbsp;&nbsp;&nbsp;&rArr;&nbsp;&nbsp;&nbsp;<a href="#[40]">MemManage_Handler</a><BR>
 <LI><a href="#[41]">BusFault_Handler</a>&nbsp;&nbsp;&nbsp;&rArr;&nbsp;&nbsp;&nbsp;<a href="#[41]">BusFault_Handler</a><BR>
 <LI><a href="#[42]">UsageFault_Handler</a>&nbsp;&nbsp;&nbsp;&rArr;&nbsp;&nbsp;&nbsp;<a href="#[42]">UsageFault_Handler</a><BR>
 <LI><a href="#[43]">SVC_Handler</a>&nbsp;&nbsp;&nbsp;&rArr;&nbsp;&nbsp;&nbsp;<a href="#[43]">SVC_Handler</a><BR>
 <LI><a href="#[44]">DebugMon_Handler</a>&nbsp;&nbsp;&nbsp;&rArr;&nbsp;&nbsp;&nbsp;<a href="#[44]">DebugMon_Handler</a><BR>
 <LI><a href="#[45]">PendSV_Handler</a>&nbsp;&nbsp;&nbsp;&rArr;&nbsp;&nbsp;&nbsp;<a href="#[45]">PendSV_Handler</a><BR>
 <LI><a href="#[46]">SysTick_Handler</a>&nbsp;&nbsp;&nbsp;&rArr;&nbsp;&nbsp;&nbsp;<a href="#[46]">SysTick_Handler</a><BR>
 <LI><a href="#[59]">ADC1_2_IRQHandler</a>&nbsp;&nbsp;&nbsp;&rArr;&nbsp;&nbsp;&nbsp;<a href="#[59]">ADC1_2_IRQHandler</a><BR>
 <LI><a href="#[305]">SimpleString::padStringsToSameLength(SimpleString&, SimpleString&, char)</a>&nbsp;&nbsp;&nbsp;&rArr;&nbsp;&nbsp;&nbsp;<a href="#[305]">SimpleString::padStringsToSameLength(SimpleString&, SimpleString&, char)</a><BR>
 <LI><a href="#[2d3]">TestPlugin::getPluginByName(const SimpleString&)</a>&nbsp;&nbsp;&nbsp;&rArr;&nbsp;&nbsp;&nbsp;<a href="#[2d3]">TestPlugin::getPluginByName(const SimpleString&)</a><BR>
</UL>
<P>
<H3>
Function Pointers
</H3><UL>
 <LI><a href="#[94]">&lang;Func64&rang;</a> from simplestring.o(i.<Func64>) referenced from simplestring.o(i._ZN22SimpleStringCollection8allocateEj)
 <LI><a href="#[59]">ADC1_2_IRQHandler</a> from startup_stm32f10x_xl.o(.text) referenced from startup_stm32f10x_xl.o(RESET)
 <LI><a href="#[76]">ADC3_IRQHandler</a> from startup_stm32f10x_xl.o(.text) referenced from startup_stm32f10x_xl.o(RESET)
 <LI><a href="#[41]">BusFault_Handler</a> from startup_stm32f10x_xl.o(.text) referenced from startup_stm32f10x_xl.o(RESET)
 <LI><a href="#[5c]">CAN1_RX1_IRQHandler</a> from startup_stm32f10x_xl.o(.text) referenced from startup_stm32f10x_xl.o(RESET)
 <LI><a href="#[5d]">CAN1_SCE_IRQHandler</a> from startup_stm32f10x_xl.o(.text) referenced from startup_stm32f10x_xl.o(RESET)
 <LI><a href="#[52]">DMA1_Channel1_IRQHandler</a> from startup_stm32f10x_xl.o(.text) referenced from startup_stm32f10x_xl.o(RESET)
 <LI><a href="#[53]">DMA1_Channel2_IRQHandler</a> from startup_stm32f10x_xl.o(.text) referenced from startup_stm32f10x_xl.o(RESET)
 <LI><a href="#[54]">DMA1_Channel3_IRQHandler</a> from startup_stm32f10x_xl.o(.text) referenced from startup_stm32f10x_xl.o(RESET)
 <LI><a href="#[55]">DMA1_Channel4_IRQHandler</a> from startup_stm32f10x_xl.o(.text) referenced from startup_stm32f10x_xl.o(RESET)
 <LI><a href="#[56]">DMA1_Channel5_IRQHandler</a> from startup_stm32f10x_xl.o(.text) referenced from startup_stm32f10x_xl.o(RESET)
 <LI><a href="#[57]">DMA1_Channel6_IRQHandler</a> from startup_stm32f10x_xl.o(.text) referenced from startup_stm32f10x_xl.o(RESET)
 <LI><a href="#[58]">DMA1_Channel7_IRQHandler</a> from startup_stm32f10x_xl.o(.text) referenced from startup_stm32f10x_xl.o(RESET)
 <LI><a href="#[7f]">DMA2_Channel1_IRQHandler</a> from startup_stm32f10x_xl.o(.text) referenced from startup_stm32f10x_xl.o(RESET)
 <LI><a href="#[80]">DMA2_Channel2_IRQHandler</a> from startup_stm32f10x_xl.o(.text) referenced from startup_stm32f10x_xl.o(RESET)
 <LI><a href="#[81]">DMA2_Channel3_IRQHandler</a> from startup_stm32f10x_xl.o(.text) referenced from startup_stm32f10x_xl.o(RESET)
 <LI><a href="#[82]">DMA2_Channel4_5_IRQHandler</a> from startup_stm32f10x_xl.o(.text) referenced from startup_stm32f10x_xl.o(RESET)
 <LI><a href="#[44]">DebugMon_Handler</a> from startup_stm32f10x_xl.o(.text) referenced from startup_stm32f10x_xl.o(RESET)
 <LI><a href="#[4d]">EXTI0_IRQHandler</a> from startup_stm32f10x_xl.o(.text) referenced from startup_stm32f10x_xl.o(RESET)
 <LI><a href="#[6f]">EXTI15_10_IRQHandler</a> from startup_stm32f10x_xl.o(.text) referenced from startup_stm32f10x_xl.o(RESET)
 <LI><a href="#[4e]">EXTI1_IRQHandler</a> from startup_stm32f10x_xl.o(.text) referenced from startup_stm32f10x_xl.o(RESET)
 <LI><a href="#[4f]">EXTI2_IRQHandler</a> from startup_stm32f10x_xl.o(.text) referenced from startup_stm32f10x_xl.o(RESET)
 <LI><a href="#[50]">EXTI3_IRQHandler</a> from startup_stm32f10x_xl.o(.text) referenced from startup_stm32f10x_xl.o(RESET)
 <LI><a href="#[51]">EXTI4_IRQHandler</a> from startup_stm32f10x_xl.o(.text) referenced from startup_stm32f10x_xl.o(RESET)
 <LI><a href="#[5e]">EXTI9_5_IRQHandler</a> from startup_stm32f10x_xl.o(.text) referenced from startup_stm32f10x_xl.o(RESET)
 <LI><a href="#[4b]">FLASH_IRQHandler</a> from startup_stm32f10x_xl.o(.text) referenced from startup_stm32f10x_xl.o(RESET)
 <LI><a href="#[77]">FSMC_IRQHandler</a> from startup_stm32f10x_xl.o(.text) referenced from startup_stm32f10x_xl.o(RESET)
 <LI><a href="#[3f]">HardFault_Handler</a> from startup_stm32f10x_xl.o(.text) referenced from startup_stm32f10x_xl.o(RESET)
 <LI><a href="#[67]">I2C1_ER_IRQHandler</a> from startup_stm32f10x_xl.o(.text) referenced from startup_stm32f10x_xl.o(RESET)
 <LI><a href="#[66]">I2C1_EV_IRQHandler</a> from startup_stm32f10x_xl.o(.text) referenced from startup_stm32f10x_xl.o(RESET)
 <LI><a href="#[69]">I2C2_ER_IRQHandler</a> from startup_stm32f10x_xl.o(.text) referenced from startup_stm32f10x_xl.o(RESET)
 <LI><a href="#[68]">I2C2_EV_IRQHandler</a> from startup_stm32f10x_xl.o(.text) referenced from startup_stm32f10x_xl.o(RESET)
 <LI><a href="#[40]">MemManage_Handler</a> from startup_stm32f10x_xl.o(.text) referenced from startup_stm32f10x_xl.o(RESET)
 <LI><a href="#[3e]">NMI_Handler</a> from startup_stm32f10x_xl.o(.text) referenced from startup_stm32f10x_xl.o(RESET)
 <LI><a href="#[48]">PVD_IRQHandler</a> from startup_stm32f10x_xl.o(.text) referenced from startup_stm32f10x_xl.o(RESET)
 <LI><a href="#[45]">PendSV_Handler</a> from startup_stm32f10x_xl.o(.text) referenced from startup_stm32f10x_xl.o(RESET)
 <LI><a href="#[4c]">RCC_IRQHandler</a> from startup_stm32f10x_xl.o(.text) referenced from startup_stm32f10x_xl.o(RESET)
 <LI><a href="#[70]">RTCAlarm_IRQHandler</a> from startup_stm32f10x_xl.o(.text) referenced from startup_stm32f10x_xl.o(RESET)
 <LI><a href="#[4a]">RTC_IRQHandler</a> from startup_stm32f10x_xl.o(.text) referenced from startup_stm32f10x_xl.o(RESET)
 <LI><a href="#[3d]">Reset_Handler</a> from startup_stm32f10x_xl.o(.text) referenced from startup_stm32f10x_xl.o(RESET)
 <LI><a href="#[78]">SDIO_IRQHandler</a> from startup_stm32f10x_xl.o(.text) referenced from startup_stm32f10x_xl.o(RESET)
 <LI><a href="#[6a]">SPI1_IRQHandler</a> from startup_stm32f10x_xl.o(.text) referenced from startup_stm32f10x_xl.o(RESET)
 <LI><a href="#[6b]">SPI2_IRQHandler</a> from startup_stm32f10x_xl.o(.text) referenced from startup_stm32f10x_xl.o(RESET)
 <LI><a href="#[7a]">SPI3_IRQHandler</a> from startup_stm32f10x_xl.o(.text) referenced from startup_stm32f10x_xl.o(RESET)
 <LI><a href="#[43]">SVC_Handler</a> from startup_stm32f10x_xl.o(.text) referenced from startup_stm32f10x_xl.o(RESET)
 <LI><a href="#[46]">SysTick_Handler</a> from startup_stm32f10x_xl.o(.text) referenced from startup_stm32f10x_xl.o(RESET)
 <LI><a href="#[83]">SystemInit</a> from system_stm32f10x.o(i.SystemInit) referenced from startup_stm32f10x_xl.o(.text)
 <LI><a href="#[49]">TAMPER_IRQHandler</a> from startup_stm32f10x_xl.o(.text) referenced from startup_stm32f10x_xl.o(RESET)
 <LI><a href="#[5f]">TIM1_BRK_TIM9_IRQHandler</a> from startup_stm32f10x_xl.o(.text) referenced from startup_stm32f10x_xl.o(RESET)
 <LI><a href="#[62]">TIM1_CC_IRQHandler</a> from startup_stm32f10x_xl.o(.text) referenced from startup_stm32f10x_xl.o(RESET)
 <LI><a href="#[61]">TIM1_TRG_COM_TIM11_IRQHandler</a> from startup_stm32f10x_xl.o(.text) referenced from startup_stm32f10x_xl.o(RESET)
 <LI><a href="#[60]">TIM1_UP_TIM10_IRQHandler</a> from startup_stm32f10x_xl.o(.text) referenced from startup_stm32f10x_xl.o(RESET)
 <LI><a href="#[63]">TIM2_IRQHandler</a> from startup_stm32f10x_xl.o(.text) referenced from startup_stm32f10x_xl.o(RESET)
 <LI><a href="#[64]">TIM3_IRQHandler</a> from startup_stm32f10x_xl.o(.text) referenced from startup_stm32f10x_xl.o(RESET)
 <LI><a href="#[65]">TIM4_IRQHandler</a> from startup_stm32f10x_xl.o(.text) referenced from startup_stm32f10x_xl.o(RESET)
 <LI><a href="#[79]">TIM5_IRQHandler</a> from startup_stm32f10x_xl.o(.text) referenced from startup_stm32f10x_xl.o(RESET)
 <LI><a href="#[7d]">TIM6_IRQHandler</a> from startup_stm32f10x_xl.o(.text) referenced from startup_stm32f10x_xl.o(RESET)
 <LI><a href="#[7e]">TIM7_IRQHandler</a> from startup_stm32f10x_xl.o(.text) referenced from startup_stm32f10x_xl.o(RESET)
 <LI><a href="#[72]">TIM8_BRK_TIM12_IRQHandler</a> from startup_stm32f10x_xl.o(.text) referenced from startup_stm32f10x_xl.o(RESET)
 <LI><a href="#[75]">TIM8_CC_IRQHandler</a> from startup_stm32f10x_xl.o(.text) referenced from startup_stm32f10x_xl.o(RESET)
 <LI><a href="#[74]">TIM8_TRG_COM_TIM14_IRQHandler</a> from startup_stm32f10x_xl.o(.text) referenced from startup_stm32f10x_xl.o(RESET)
 <LI><a href="#[73]">TIM8_UP_TIM13_IRQHandler</a> from startup_stm32f10x_xl.o(.text) referenced from startup_stm32f10x_xl.o(RESET)
 <LI><a href="#[7b]">UART4_IRQHandler</a> from startup_stm32f10x_xl.o(.text) referenced from startup_stm32f10x_xl.o(RESET)
 <LI><a href="#[7c]">UART5_IRQHandler</a> from startup_stm32f10x_xl.o(.text) referenced from startup_stm32f10x_xl.o(RESET)
 <LI><a href="#[6c]">USART1_IRQHandler</a> from startup_stm32f10x_xl.o(.text) referenced from startup_stm32f10x_xl.o(RESET)
 <LI><a href="#[6d]">USART2_IRQHandler</a> from startup_stm32f10x_xl.o(.text) referenced from startup_stm32f10x_xl.o(RESET)
 <LI><a href="#[6e]">USART3_IRQHandler</a> from startup_stm32f10x_xl.o(.text) referenced from startup_stm32f10x_xl.o(RESET)
 <LI><a href="#[71]">USBWakeUp_IRQHandler</a> from startup_stm32f10x_xl.o(.text) referenced from startup_stm32f10x_xl.o(RESET)
 <LI><a href="#[5a]">USB_HP_CAN1_TX_IRQHandler</a> from startup_stm32f10x_xl.o(.text) referenced from startup_stm32f10x_xl.o(RESET)
 <LI><a href="#[5b]">USB_LP_CAN1_RX0_IRQHandler</a> from startup_stm32f10x_xl.o(.text) referenced from startup_stm32f10x_xl.o(RESET)
 <LI><a href="#[42]">UsageFault_Handler</a> from startup_stm32f10x_xl.o(.text) referenced from startup_stm32f10x_xl.o(RESET)
 <LI><a href="#[47]">WWDG_IRQHandler</a> from startup_stm32f10x_xl.o(.text) referenced from startup_stm32f10x_xl.o(RESET)
 <LI><a href="#[a0]">normal_free(void*, const char*, unsigned)</a> from memoryleakwarningplugin.o(i._Z11normal_freePvPKcj) referenced from memoryleakwarningplugin.o(i._ZN23MemoryLeakWarningPlugin25turnOffNewDeleteOverloadsEv)
 <LI><a href="#[15]">mem_leak_free(void*, const char*, unsigned)</a> from memoryleakwarningplugin.o(i._Z13mem_leak_freePvPKcj) referenced 4 times from memoryleakwarningplugin.o(.data)
 <LI><a href="#[9e]">normal_malloc(unsigned, const char*, unsigned)</a> from memoryleakwarningplugin.o(i._Z13normal_mallocjPKcj) referenced from memoryleakwarningplugin.o(i._ZN23MemoryLeakWarningPlugin25turnOffNewDeleteOverloadsEv)
 <LI><a href="#[38]">DummyMutexLock(void*)</a> from utestplatform.o(i._Z14DummyMutexLockPv) referenced 2 times from utestplatform.o(.data)
 <LI><a href="#[9f]">normal_realloc(void*, unsigned, const char*, unsigned)</a> from memoryleakwarningplugin.o(i._Z14normal_reallocPvjPKcj) referenced from memoryleakwarningplugin.o(i._ZN23MemoryLeakWarningPlugin25turnOffNewDeleteOverloadsEv)
 <LI><a href="#[14]">mem_leak_malloc(unsigned, const char*, unsigned)</a> from memoryleakwarningplugin.o(i._Z15mem_leak_mallocjPKcj) referenced 4 times from memoryleakwarningplugin.o(.data)
 <LI><a href="#[37]">DummyMutexCreate()</a> from utestplatform.o(i._Z16DummyMutexCreatev) referenced 2 times from utestplatform.o(.data)
 <LI><a href="#[39]">DummyMutexUnlock(void*)</a> from utestplatform.o(i._Z16DummyMutexUnlockPv) referenced 2 times from utestplatform.o(.data)
 <LI><a href="#[a2]">helperDoTestBody(void*)</a> from utest.o(i._Z16helperDoTestBodyPv) referenced from utest.o(i._ZN5Utest3runEv)
 <LI><a href="#[16]">mem_leak_realloc(void*, unsigned, const char*, unsigned)</a> from memoryleakwarningplugin.o(i._Z16mem_leak_reallocPvjPKcj) referenced 4 times from memoryleakwarningplugin.o(.data)
 <LI><a href="#[3a]">DummyMutexDestroy(void*)</a> from utestplatform.o(i._Z17DummyMutexDestroyPv) referenced 2 times from utestplatform.o(.data)
 <LI><a href="#[a1]">helperDoTestSetup(void*)</a> from utest.o(i._Z17helperDoTestSetupPv) referenced from utest.o(i._ZN5Utest3runEv)
 <LI><a href="#[1f]">defaultCrashMethod()</a> from utest.o(i._Z18defaultCrashMethodv) referenced 2 times from utest.o(.data)
 <LI><a href="#[35]">IsInfImplementation(double)</a> from utestplatform.o(i._Z19IsInfImplementationd) referenced 2 times from utestplatform.o(.data)
 <LI><a href="#[34]">IsNanImplementation(double)</a> from utestplatform.o(i._Z19IsNanImplementationd) referenced 2 times from utestplatform.o(.data)
 <LI><a href="#[96]">normal_operator_new(unsigned)</a> from memoryleakwarningplugin.o(i._Z19normal_operator_newj) referenced from memoryleakwarningplugin.o(i._ZN23MemoryLeakWarningPlugin25turnOffNewDeleteOverloadsEv)
 <LI><a href="#[a3]">helperDoTestTeardown(void*)</a> from utest.o(i._Z20helperDoTestTeardownPv) referenced from utest.o(i._ZN5Utest3runEv)
 <LI><a href="#[17]">mem_leak_operator_new(unsigned)</a> from memoryleakwarningplugin.o(i._Z21mem_leak_operator_newj) referenced 4 times from memoryleakwarningplugin.o(.data)
 <LI><a href="#[17]">mem_leak_operator_new(unsigned)</a> from memoryleakwarningplugin.o(i._Z21mem_leak_operator_newj) referenced from memoryleakwarningplugin.o(i._ZN23MemoryLeakWarningPlugin22areNewDeleteOverloadedEv)
 <LI><a href="#[9c]">normal_operator_delete(void*)</a> from memoryleakwarningplugin.o(i._Z22normal_operator_deletePv) referenced from memoryleakwarningplugin.o(i._ZN23MemoryLeakWarningPlugin25turnOffNewDeleteOverloadsEv)
 <LI><a href="#[27]">TimeStringImplementation()</a> from utestplatform.o(i._Z24TimeStringImplementationv) referenced 2 times from utestplatform.o(.data)
 <LI><a href="#[1d]">mem_leak_operator_delete(void*)</a> from memoryleakwarningplugin.o(i._Z24mem_leak_operator_deletePv) referenced 4 times from memoryleakwarningplugin.o(.data)
 <LI><a href="#[21]">DummyPlatformSpecificFork()</a> from utestplatform.o(i._Z25DummyPlatformSpecificForkv) referenced 2 times from utestplatform.o(.data)
 <LI><a href="#[99]">normal_operator_new_array(unsigned)</a> from memoryleakwarningplugin.o(i._Z25normal_operator_new_arrayj) referenced from memoryleakwarningplugin.o(i._ZN23MemoryLeakWarningPlugin25turnOffNewDeleteOverloadsEv)
 <LI><a href="#[98]">normal_operator_new_debug(unsigned, const char*, unsigned)</a> from memoryleakwarningplugin.o(i._Z25normal_operator_new_debugjPKcj) referenced from memoryleakwarningplugin.o(i._ZN23MemoryLeakWarningPlugin25turnOffNewDeleteOverloadsEv)
 <LI><a href="#[26]">TimeInMillisImplementation()</a> from utestplatform.o(i._Z26TimeInMillisImplementationv) referenced 2 times from utestplatform.o(.data)
 <LI><a href="#[1a]">mem_leak_operator_new_array(unsigned)</a> from memoryleakwarningplugin.o(i._Z27mem_leak_operator_new_arrayj) referenced 4 times from memoryleakwarningplugin.o(.data)
 <LI><a href="#[19]">mem_leak_operator_new_debug(unsigned, const char*, unsigned)</a> from memoryleakwarningplugin.o(i._Z27mem_leak_operator_new_debugjPKcj) referenced 4 times from memoryleakwarningplugin.o(.data)
 <LI><a href="#[97]">normal_operator_new_nothrow(unsigned)</a> from memoryleakwarningplugin.o(i._Z27normal_operator_new_nothrowj) referenced from memoryleakwarningplugin.o(i._ZN23MemoryLeakWarningPlugin25turnOffNewDeleteOverloadsEv)
 <LI><a href="#[22]">DummyPlatformSpecificWaitPid(int, int*, int)</a> from utestplatform.o(i._Z28DummyPlatformSpecificWaitPidiPii) referenced 2 times from utestplatform.o(.data)
 <LI><a href="#[9d]">normal_operator_delete_array(void*)</a> from memoryleakwarningplugin.o(i._Z28normal_operator_delete_arrayPv) referenced from memoryleakwarningplugin.o(i._ZN23MemoryLeakWarningPlugin25turnOffNewDeleteOverloadsEv)
 <LI><a href="#[18]">mem_leak_operator_new_nothrow(unsigned)</a> from memoryleakwarningplugin.o(i._Z29mem_leak_operator_new_nothrowj) referenced 4 times from memoryleakwarningplugin.o(.data)
 <LI><a href="#[1e]">mem_leak_operator_delete_array(void*)</a> from memoryleakwarningplugin.o(i._Z30mem_leak_operator_delete_arrayPv) referenced 4 times from memoryleakwarningplugin.o(.data)
 <LI><a href="#[9b]">normal_operator_new_array_debug(unsigned, const char*, unsigned)</a> from memoryleakwarningplugin.o(i._Z31normal_operator_new_array_debugjPKcj) referenced from memoryleakwarningplugin.o(i._ZN23MemoryLeakWarningPlugin25turnOffNewDeleteOverloadsEv)
 <LI><a href="#[95]">threadsafe_mem_leak_operator_new(unsigned)</a> from memoryleakwarningplugin.o(i._Z32threadsafe_mem_leak_operator_newj) referenced from memoryleakwarningplugin.o(i._ZN23MemoryLeakWarningPlugin22areNewDeleteOverloadedEv)
 <LI><a href="#[8c]">helperDoRunOneTestSeperateProcess(void*)</a> from utest.o(i._Z33helperDoRunOneTestSeperateProcessPv) referenced from utest.o(i._ZN10UtestShell10runOneTestEP10TestPluginR10TestResult)
 <LI><a href="#[1c]">mem_leak_operator_new_array_debug(unsigned, const char*, unsigned)</a> from memoryleakwarningplugin.o(i._Z33mem_leak_operator_new_array_debugjPKcj) referenced 4 times from memoryleakwarningplugin.o(.data)
 <LI><a href="#[9a]">normal_operator_new_array_nothrow(unsigned)</a> from memoryleakwarningplugin.o(i._Z33normal_operator_new_array_nothrowj) referenced from memoryleakwarningplugin.o(i._ZN23MemoryLeakWarningPlugin25turnOffNewDeleteOverloadsEv)
 <LI><a href="#[8d]">helperDoRunOneTestInCurrentProcess(void*)</a> from utest.o(i._Z34helperDoRunOneTestInCurrentProcessPv) referenced from utest.o(i._ZN10UtestShell10runOneTestEP10TestPluginR10TestResult)
 <LI><a href="#[29]">PlatformSpecificFOpenImplementation(const char*, const char*)</a> from utestplatform.o(i._Z35PlatformSpecificFOpenImplementationPKcS0_) referenced 2 times from utestplatform.o(.data)
 <LI><a href="#[2a]">PlatformSpecificFPutsImplementation(const char*, void*)</a> from utestplatform.o(i._Z35PlatformSpecificFPutsImplementationPKcPv) referenced 2 times from utestplatform.o(.data)
 <LI><a href="#[2d]">PlatformSpecificFlushImplementation()</a> from utestplatform.o(i._Z35PlatformSpecificFlushImplementationv) referenced 2 times from utestplatform.o(.data)
 <LI><a href="#[1b]">mem_leak_operator_new_array_nothrow(unsigned)</a> from memoryleakwarningplugin.o(i._Z35mem_leak_operator_new_array_nothrowj) referenced 4 times from memoryleakwarningplugin.o(.data)
 <LI><a href="#[2b]">PlatformSpecificFCloseImplementation(void*)</a> from utestplatform.o(i._Z36PlatformSpecificFCloseImplementationPv) referenced 2 times from utestplatform.o(.data)
 <LI><a href="#[24]">PlatformSpecificSetJmpImplementation(void(*)(void*), void*)</a> from utestplatform.o(i._Z36PlatformSpecificSetJmpImplementationPFYvPvES_) referenced 2 times from utestplatform.o(.data)
 <LI><a href="#[23]">PlatformSpecificLongJmpImplementation()</a> from utestplatform.o(i._Z37PlatformSpecificLongJmpImplementationv) referenced 2 times from utestplatform.o(.data)
 <LI><a href="#[20]">DummyPlatformSpecificRunTestInASeperateProcess(UtestShell*, TestPlugin*, TestResult*)</a> from utestplatform.o(i._Z46DummyPlatformSpecificRunTestInASeperateProcessP10UtestShellP10TestPluginP10TestResult) referenced 2 times from utestplatform.o(.data)
 <LI><a href="#[25]">PlatformSpecificRestoreJumpBufferImplementation()</a> from utestplatform.o(i._Z47PlatformSpecificRestoreJumpBufferImplementationv) referenced 2 times from utestplatform.o(.data)
 <LI><a href="#[b6]">TestOutput::printDouble(double)</a> from testoutput.o(i._ZN10TestOutput11printDoubleEd) referenced from testoutput.o(.constdata__ZTV10TestOutput)
 <LI><a href="#[b6]">TestOutput::printDouble(double)</a> from testoutput.o(i._ZN10TestOutput11printDoubleEd) referenced from junittestoutput.o(.constdata__ZTV15JUnitTestOutput)
 <LI><a href="#[b6]">TestOutput::printDouble(double)</a> from testoutput.o(i._ZN10TestOutput11printDoubleEd) referenced from testoutput.o(.constdata__ZTV17ConsoleTestOutput)
 <LI><a href="#[b6]">TestOutput::printDouble(double)</a> from testoutput.o(i._ZN10TestOutput11printDoubleEd) referenced from teamcitytestoutput.o(.constdata__ZTV18TeamCityTestOutput)
 <LI><a href="#[b7]">TestOutput::printFailure(const TestFailure&)</a> from testoutput.o(i._ZN10TestOutput12printFailureERK11TestFailure) referenced from testoutput.o(.constdata__ZTV10TestOutput)
 <LI><a href="#[b7]">TestOutput::printFailure(const TestFailure&)</a> from testoutput.o(i._ZN10TestOutput12printFailureERK11TestFailure) referenced from testoutput.o(.constdata__ZTV17ConsoleTestOutput)
 <LI><a href="#[b8]">TestOutput::printTestRun(unsigned, unsigned)</a> from testoutput.o(i._ZN10TestOutput12printTestRunEjj) referenced from testoutput.o(.constdata__ZTV10TestOutput)
 <LI><a href="#[b8]">TestOutput::printTestRun(unsigned, unsigned)</a> from testoutput.o(i._ZN10TestOutput12printTestRunEjj) referenced from junittestoutput.o(.constdata__ZTV15JUnitTestOutput)
 <LI><a href="#[b8]">TestOutput::printTestRun(unsigned, unsigned)</a> from testoutput.o(i._ZN10TestOutput12printTestRunEjj) referenced from testoutput.o(.constdata__ZTV17ConsoleTestOutput)
 <LI><a href="#[b8]">TestOutput::printTestRun(unsigned, unsigned)</a> from testoutput.o(i._ZN10TestOutput12printTestRunEjj) referenced from teamcitytestoutput.o(.constdata__ZTV18TeamCityTestOutput)
 <LI><a href="#[b8]">TestOutput::printTestRun(unsigned, unsigned)</a> from testoutput.o(i._ZN10TestOutput12printTestRunEjj) referenced from testoutput.o(.constdata__ZTV19CompositeTestOutput)
 <LI><a href="#[ab]">TestOutput::printTestsEnded(const TestResult&)</a> from testoutput.o(i._ZN10TestOutput15printTestsEndedERK10TestResult) referenced from testoutput.o(.constdata__ZTV10TestOutput)
 <LI><a href="#[ab]">TestOutput::printTestsEnded(const TestResult&)</a> from testoutput.o(i._ZN10TestOutput15printTestsEndedERK10TestResult) referenced from testoutput.o(.constdata__ZTV17ConsoleTestOutput)
 <LI><a href="#[ab]">TestOutput::printTestsEnded(const TestResult&)</a> from testoutput.o(i._ZN10TestOutput15printTestsEndedERK10TestResult) referenced from teamcitytestoutput.o(.constdata__ZTV18TeamCityTestOutput)
 <LI><a href="#[ba]">TestOutput::printVeryVerbose(const char*)</a> from testoutput.o(i._ZN10TestOutput16printVeryVerboseEPKc) referenced from testoutput.o(.constdata__ZTV10TestOutput)
 <LI><a href="#[ba]">TestOutput::printVeryVerbose(const char*)</a> from testoutput.o(i._ZN10TestOutput16printVeryVerboseEPKc) referenced from junittestoutput.o(.constdata__ZTV15JUnitTestOutput)
 <LI><a href="#[ba]">TestOutput::printVeryVerbose(const char*)</a> from testoutput.o(i._ZN10TestOutput16printVeryVerboseEPKc) referenced from testoutput.o(.constdata__ZTV17ConsoleTestOutput)
 <LI><a href="#[ba]">TestOutput::printVeryVerbose(const char*)</a> from testoutput.o(i._ZN10TestOutput16printVeryVerboseEPKc) referenced from teamcitytestoutput.o(.constdata__ZTV18TeamCityTestOutput)
 <LI><a href="#[ba]">TestOutput::printVeryVerbose(const char*)</a> from testoutput.o(i._ZN10TestOutput16printVeryVerboseEPKc) referenced from testoutput.o(.constdata__ZTV19CompositeTestOutput)
 <LI><a href="#[aa]">TestOutput::printTestsStarted()</a> from testoutput.o(i._ZN10TestOutput17printTestsStartedEv) referenced from testoutput.o(.constdata__ZTV10TestOutput)
 <LI><a href="#[aa]">TestOutput::printTestsStarted()</a> from testoutput.o(i._ZN10TestOutput17printTestsStartedEv) referenced from testoutput.o(.constdata__ZTV17ConsoleTestOutput)
 <LI><a href="#[aa]">TestOutput::printTestsStarted()</a> from testoutput.o(i._ZN10TestOutput17printTestsStartedEv) referenced from teamcitytestoutput.o(.constdata__ZTV18TeamCityTestOutput)
 <LI><a href="#[b9]">TestOutput::setProgressIndicator(const char*)</a> from testoutput.o(i._ZN10TestOutput20setProgressIndicatorEPKc) referenced from testoutput.o(.constdata__ZTV10TestOutput)
 <LI><a href="#[b9]">TestOutput::setProgressIndicator(const char*)</a> from testoutput.o(i._ZN10TestOutput20setProgressIndicatorEPKc) referenced from junittestoutput.o(.constdata__ZTV15JUnitTestOutput)
 <LI><a href="#[b9]">TestOutput::setProgressIndicator(const char*)</a> from testoutput.o(i._ZN10TestOutput20setProgressIndicatorEPKc) referenced from testoutput.o(.constdata__ZTV17ConsoleTestOutput)
 <LI><a href="#[b9]">TestOutput::setProgressIndicator(const char*)</a> from testoutput.o(i._ZN10TestOutput20setProgressIndicatorEPKc) referenced from teamcitytestoutput.o(.constdata__ZTV18TeamCityTestOutput)
 <LI><a href="#[ad]">TestOutput::printCurrentTestEnded(const TestResult&)</a> from testoutput.o(i._ZN10TestOutput21printCurrentTestEndedERK10TestResult) referenced from testoutput.o(.constdata__ZTV10TestOutput)
 <LI><a href="#[ad]">TestOutput::printCurrentTestEnded(const TestResult&)</a> from testoutput.o(i._ZN10TestOutput21printCurrentTestEndedERK10TestResult) referenced from testoutput.o(.constdata__ZTV17ConsoleTestOutput)
 <LI><a href="#[af]">TestOutput::printCurrentGroupEnded(const TestResult&)</a> from testoutput.o(i._ZN10TestOutput22printCurrentGroupEndedERK10TestResult) referenced from testoutput.o(.constdata__ZTV10TestOutput)
 <LI><a href="#[af]">TestOutput::printCurrentGroupEnded(const TestResult&)</a> from testoutput.o(i._ZN10TestOutput22printCurrentGroupEndedERK10TestResult) referenced from testoutput.o(.constdata__ZTV17ConsoleTestOutput)
 <LI><a href="#[bd]">TestOutput::printProgressIndicator()</a> from testoutput.o(i._ZN10TestOutput22printProgressIndicatorEv) referenced from testoutput.o(.constdata__ZTV10TestOutput)
 <LI><a href="#[bd]">TestOutput::printProgressIndicator()</a> from testoutput.o(i._ZN10TestOutput22printProgressIndicatorEv) referenced from junittestoutput.o(.constdata__ZTV15JUnitTestOutput)
 <LI><a href="#[bd]">TestOutput::printProgressIndicator()</a> from testoutput.o(i._ZN10TestOutput22printProgressIndicatorEv) referenced from testoutput.o(.constdata__ZTV17ConsoleTestOutput)
 <LI><a href="#[bd]">TestOutput::printProgressIndicator()</a> from testoutput.o(i._ZN10TestOutput22printProgressIndicatorEv) referenced from teamcitytestoutput.o(.constdata__ZTV18TeamCityTestOutput)
 <LI><a href="#[bd]">TestOutput::printProgressIndicator()</a> from testoutput.o(i._ZN10TestOutput22printProgressIndicatorEv) referenced from testoutput.o(.constdata__ZTV19CompositeTestOutput)
 <LI><a href="#[ac]">TestOutput::printCurrentTestStarted(const UtestShell&)</a> from testoutput.o(i._ZN10TestOutput23printCurrentTestStartedERK10UtestShell) referenced from testoutput.o(.constdata__ZTV10TestOutput)
 <LI><a href="#[ac]">TestOutput::printCurrentTestStarted(const UtestShell&)</a> from testoutput.o(i._ZN10TestOutput23printCurrentTestStartedERK10UtestShell) referenced from testoutput.o(.constdata__ZTV17ConsoleTestOutput)
 <LI><a href="#[ae]">TestOutput::printCurrentGroupStarted(const UtestShell&)</a> from testoutput.o(i._ZN10TestOutput24printCurrentGroupStartedERK10UtestShell) referenced from testoutput.o(.constdata__ZTV10TestOutput)
 <LI><a href="#[ae]">TestOutput::printCurrentGroupStarted(const UtestShell&)</a> from testoutput.o(i._ZN10TestOutput24printCurrentGroupStartedERK10UtestShell) referenced from testoutput.o(.constdata__ZTV17ConsoleTestOutput)
 <LI><a href="#[bb]">TestOutput::printEclipseErrorInFileOnLine(SimpleString, unsigned)</a> from testoutput.o(i._ZN10TestOutput29printEclipseErrorInFileOnLineE12SimpleStringj) referenced from testoutput.o(.constdata__ZTV10TestOutput)
 <LI><a href="#[bb]">TestOutput::printEclipseErrorInFileOnLine(SimpleString, unsigned)</a> from testoutput.o(i._ZN10TestOutput29printEclipseErrorInFileOnLineE12SimpleStringj) referenced from junittestoutput.o(.constdata__ZTV15JUnitTestOutput)
 <LI><a href="#[bb]">TestOutput::printEclipseErrorInFileOnLine(SimpleString, unsigned)</a> from testoutput.o(i._ZN10TestOutput29printEclipseErrorInFileOnLineE12SimpleStringj) referenced from testoutput.o(.constdata__ZTV17ConsoleTestOutput)
 <LI><a href="#[bb]">TestOutput::printEclipseErrorInFileOnLine(SimpleString, unsigned)</a> from testoutput.o(i._ZN10TestOutput29printEclipseErrorInFileOnLineE12SimpleStringj) referenced from teamcitytestoutput.o(.constdata__ZTV18TeamCityTestOutput)
 <LI><a href="#[bb]">TestOutput::printEclipseErrorInFileOnLine(SimpleString, unsigned)</a> from testoutput.o(i._ZN10TestOutput29printEclipseErrorInFileOnLineE12SimpleStringj) referenced from testoutput.o(.constdata__ZTV19CompositeTestOutput)
 <LI><a href="#[bc]">TestOutput::printVisualStudioErrorInFileOnLine(SimpleString, unsigned)</a> from testoutput.o(i._ZN10TestOutput34printVisualStudioErrorInFileOnLineE12SimpleStringj) referenced from testoutput.o(.constdata__ZTV10TestOutput)
 <LI><a href="#[bc]">TestOutput::printVisualStudioErrorInFileOnLine(SimpleString, unsigned)</a> from testoutput.o(i._ZN10TestOutput34printVisualStudioErrorInFileOnLineE12SimpleStringj) referenced from junittestoutput.o(.constdata__ZTV15JUnitTestOutput)
 <LI><a href="#[bc]">TestOutput::printVisualStudioErrorInFileOnLine(SimpleString, unsigned)</a> from testoutput.o(i._ZN10TestOutput34printVisualStudioErrorInFileOnLineE12SimpleStringj) referenced from testoutput.o(.constdata__ZTV17ConsoleTestOutput)
 <LI><a href="#[bc]">TestOutput::printVisualStudioErrorInFileOnLine(SimpleString, unsigned)</a> from testoutput.o(i._ZN10TestOutput34printVisualStudioErrorInFileOnLineE12SimpleStringj) referenced from teamcitytestoutput.o(.constdata__ZTV18TeamCityTestOutput)
 <LI><a href="#[bc]">TestOutput::printVisualStudioErrorInFileOnLine(SimpleString, unsigned)</a> from testoutput.o(i._ZN10TestOutput34printVisualStudioErrorInFileOnLineE12SimpleStringj) referenced from testoutput.o(.constdata__ZTV19CompositeTestOutput)
 <LI><a href="#[b1]">TestOutput::color()</a> from testoutput.o(i._ZN10TestOutput5colorEv) referenced from testoutput.o(.constdata__ZTV10TestOutput)
 <LI><a href="#[b1]">TestOutput::color()</a> from testoutput.o(i._ZN10TestOutput5colorEv) referenced from junittestoutput.o(.constdata__ZTV15JUnitTestOutput)
 <LI><a href="#[b1]">TestOutput::color()</a> from testoutput.o(i._ZN10TestOutput5colorEv) referenced from testoutput.o(.constdata__ZTV17ConsoleTestOutput)
 <LI><a href="#[b1]">TestOutput::color()</a> from testoutput.o(i._ZN10TestOutput5colorEv) referenced from teamcitytestoutput.o(.constdata__ZTV18TeamCityTestOutput)
 <LI><a href="#[b3]">TestOutput::print(const char*)</a> from testoutput.o(i._ZN10TestOutput5printEPKc) referenced from testoutput.o(.constdata__ZTV10TestOutput)
 <LI><a href="#[b3]">TestOutput::print(const char*)</a> from testoutput.o(i._ZN10TestOutput5printEPKc) referenced from testoutput.o(.constdata__ZTV17ConsoleTestOutput)
 <LI><a href="#[b3]">TestOutput::print(const char*)</a> from testoutput.o(i._ZN10TestOutput5printEPKc) referenced from teamcitytestoutput.o(.constdata__ZTV18TeamCityTestOutput)
 <LI><a href="#[b5]">TestOutput::print(unsigned)</a> from testoutput.o(i._ZN10TestOutput5printEj) referenced from testoutput.o(.constdata__ZTV10TestOutput)
 <LI><a href="#[b5]">TestOutput::print(unsigned)</a> from testoutput.o(i._ZN10TestOutput5printEj) referenced from testoutput.o(.constdata__ZTV17ConsoleTestOutput)
 <LI><a href="#[b5]">TestOutput::print(unsigned)</a> from testoutput.o(i._ZN10TestOutput5printEj) referenced from teamcitytestoutput.o(.constdata__ZTV18TeamCityTestOutput)
 <LI><a href="#[b4]">TestOutput::print(long)</a> from testoutput.o(i._ZN10TestOutput5printEl) referenced from testoutput.o(.constdata__ZTV10TestOutput)
 <LI><a href="#[b4]">TestOutput::print(long)</a> from testoutput.o(i._ZN10TestOutput5printEl) referenced from testoutput.o(.constdata__ZTV17ConsoleTestOutput)
 <LI><a href="#[b4]">TestOutput::print(long)</a> from testoutput.o(i._ZN10TestOutput5printEl) referenced from teamcitytestoutput.o(.constdata__ZTV18TeamCityTestOutput)
 <LI><a href="#[b0]">TestOutput::verbose(TestOutput::VerbosityLevel)</a> from testoutput.o(i._ZN10TestOutput7verboseENS_14VerbosityLevelE) referenced from testoutput.o(.constdata__ZTV10TestOutput)
 <LI><a href="#[b0]">TestOutput::verbose(TestOutput::VerbosityLevel)</a> from testoutput.o(i._ZN10TestOutput7verboseENS_14VerbosityLevelE) referenced from junittestoutput.o(.constdata__ZTV15JUnitTestOutput)
 <LI><a href="#[b0]">TestOutput::verbose(TestOutput::VerbosityLevel)</a> from testoutput.o(i._ZN10TestOutput7verboseENS_14VerbosityLevelE) referenced from testoutput.o(.constdata__ZTV17ConsoleTestOutput)
 <LI><a href="#[b0]">TestOutput::verbose(TestOutput::VerbosityLevel)</a> from testoutput.o(i._ZN10TestOutput7verboseENS_14VerbosityLevelE) referenced from teamcitytestoutput.o(.constdata__ZTV18TeamCityTestOutput)
 <LI><a href="#[a9]">TestOutput::~TestOutput__deallocating()</a> from testoutput.o(i._ZN10TestOutputD0Ev) referenced from testoutput.o(.constdata__ZTV10TestOutput)
 <LI><a href="#[a8]">TestOutput::~TestOutput__sub_object()</a> from testoutput.o(i._ZN10TestOutputD2Ev) referenced from testoutput.o(.constdata__ZTV10TestOutput)
 <LI><a href="#[c0]">TestPlugin::preTestAction(UtestShell&, TestResult&)</a> from testplugin.o(i._ZN10TestPlugin13preTestActionER10UtestShellR10TestResult) referenced from testplugin.o(.constdata__ZTV10TestPlugin)
 <LI><a href="#[c0]">TestPlugin::preTestAction(UtestShell&, TestResult&)</a> from testplugin.o(i._ZN10TestPlugin13preTestActionER10UtestShellR10TestResult) referenced from testplugin.o(.constdata__ZTV14NullTestPlugin)
 <LI><a href="#[c0]">TestPlugin::preTestAction(UtestShell&, TestResult&)</a> from testplugin.o(i._ZN10TestPlugin13preTestActionER10UtestShellR10TestResult) referenced from testplugin.o(.constdata__ZTV16SetPointerPlugin)
 <LI><a href="#[c2]">TestPlugin::parseArguments(int, const char*const *, int)</a> from memoryleakwarningplugin.o(i._ZN10TestPlugin14parseArgumentsEiPKPKci) referenced from testplugin.o(.constdata__ZTV10TestPlugin)
 <LI><a href="#[c2]">TestPlugin::parseArguments(int, const char*const *, int)</a> from memoryleakwarningplugin.o(i._ZN10TestPlugin14parseArgumentsEiPKPKci) referenced from testplugin.o(.constdata__ZTV14NullTestPlugin)
 <LI><a href="#[c2]">TestPlugin::parseArguments(int, const char*const *, int)</a> from memoryleakwarningplugin.o(i._ZN10TestPlugin14parseArgumentsEiPKPKci) referenced from testplugin.o(.constdata__ZTV16SetPointerPlugin)
 <LI><a href="#[c2]">TestPlugin::parseArguments(int, const char*const *, int)</a> from memoryleakwarningplugin.o(i._ZN10TestPlugin14parseArgumentsEiPKPKci) referenced from memoryleakwarningplugin.o(.constdata__ZTV23MemoryLeakWarningPlugin)
 <LI><a href="#[c1]">TestPlugin::postTestAction(UtestShell&, TestResult&)</a> from testplugin.o(i._ZN10TestPlugin14postTestActionER10UtestShellR10TestResult) referenced from testplugin.o(.constdata__ZTV10TestPlugin)
 <LI><a href="#[c1]">TestPlugin::postTestAction(UtestShell&, TestResult&)</a> from testplugin.o(i._ZN10TestPlugin14postTestActionER10UtestShellR10TestResult) referenced from testplugin.o(.constdata__ZTV14NullTestPlugin)
 <LI><a href="#[c5]">TestPlugin::parseAllArguments(int, const char*const *, int)</a> from testplugin.o(i._ZN10TestPlugin17parseAllArgumentsEiPKPKci) referenced from testplugin.o(.constdata__ZTV10TestPlugin)
 <LI><a href="#[c5]">TestPlugin::parseAllArguments(int, const char*const *, int)</a> from testplugin.o(i._ZN10TestPlugin17parseAllArgumentsEiPKPKci) referenced from testplugin.o(.constdata__ZTV14NullTestPlugin)
 <LI><a href="#[c5]">TestPlugin::parseAllArguments(int, const char*const *, int)</a> from testplugin.o(i._ZN10TestPlugin17parseAllArgumentsEiPKPKci) referenced from testplugin.o(.constdata__ZTV16SetPointerPlugin)
 <LI><a href="#[c5]">TestPlugin::parseAllArguments(int, const char*const *, int)</a> from testplugin.o(i._ZN10TestPlugin17parseAllArgumentsEiPKPKci) referenced from memoryleakwarningplugin.o(.constdata__ZTV23MemoryLeakWarningPlugin)
 <LI><a href="#[c6]">TestPlugin::parseAllArguments(int, char**, int)</a> from testplugin.o(i._ZN10TestPlugin17parseAllArgumentsEiPPci) referenced from testplugin.o(.constdata__ZTV10TestPlugin)
 <LI><a href="#[c6]">TestPlugin::parseAllArguments(int, char**, int)</a> from testplugin.o(i._ZN10TestPlugin17parseAllArgumentsEiPPci) referenced from testplugin.o(.constdata__ZTV14NullTestPlugin)
 <LI><a href="#[c6]">TestPlugin::parseAllArguments(int, char**, int)</a> from testplugin.o(i._ZN10TestPlugin17parseAllArgumentsEiPPci) referenced from testplugin.o(.constdata__ZTV16SetPointerPlugin)
 <LI><a href="#[c6]">TestPlugin::parseAllArguments(int, char**, int)</a> from testplugin.o(i._ZN10TestPlugin17parseAllArgumentsEiPPci) referenced from memoryleakwarningplugin.o(.constdata__ZTV23MemoryLeakWarningPlugin)
 <LI><a href="#[c8]">TestPlugin::removePluginByName(const SimpleString&)</a> from testplugin.o(i._ZN10TestPlugin18removePluginByNameERK12SimpleString) referenced from testplugin.o(.constdata__ZTV10TestPlugin)
 <LI><a href="#[c8]">TestPlugin::removePluginByName(const SimpleString&)</a> from testplugin.o(i._ZN10TestPlugin18removePluginByNameERK12SimpleString) referenced from testplugin.o(.constdata__ZTV14NullTestPlugin)
 <LI><a href="#[c8]">TestPlugin::removePluginByName(const SimpleString&)</a> from testplugin.o(i._ZN10TestPlugin18removePluginByNameERK12SimpleString) referenced from testplugin.o(.constdata__ZTV16SetPointerPlugin)
 <LI><a href="#[c8]">TestPlugin::removePluginByName(const SimpleString&)</a> from testplugin.o(i._ZN10TestPlugin18removePluginByNameERK12SimpleString) referenced from memoryleakwarningplugin.o(.constdata__ZTV23MemoryLeakWarningPlugin)
 <LI><a href="#[c3]">TestPlugin::runAllPreTestAction(UtestShell&, TestResult&)</a> from testplugin.o(i._ZN10TestPlugin19runAllPreTestActionER10UtestShellR10TestResult) referenced from testplugin.o(.constdata__ZTV10TestPlugin)
 <LI><a href="#[c3]">TestPlugin::runAllPreTestAction(UtestShell&, TestResult&)</a> from testplugin.o(i._ZN10TestPlugin19runAllPreTestActionER10UtestShellR10TestResult) referenced from testplugin.o(.constdata__ZTV16SetPointerPlugin)
 <LI><a href="#[c3]">TestPlugin::runAllPreTestAction(UtestShell&, TestResult&)</a> from testplugin.o(i._ZN10TestPlugin19runAllPreTestActionER10UtestShellR10TestResult) referenced from memoryleakwarningplugin.o(.constdata__ZTV23MemoryLeakWarningPlugin)
 <LI><a href="#[c4]">TestPlugin::runAllPostTestAction(UtestShell&, TestResult&)</a> from testplugin.o(i._ZN10TestPlugin20runAllPostTestActionER10UtestShellR10TestResult) referenced from testplugin.o(.constdata__ZTV10TestPlugin)
 <LI><a href="#[c4]">TestPlugin::runAllPostTestAction(UtestShell&, TestResult&)</a> from testplugin.o(i._ZN10TestPlugin20runAllPostTestActionER10UtestShellR10TestResult) referenced from testplugin.o(.constdata__ZTV16SetPointerPlugin)
 <LI><a href="#[c4]">TestPlugin::runAllPostTestAction(UtestShell&, TestResult&)</a> from testplugin.o(i._ZN10TestPlugin20runAllPostTestActionER10UtestShellR10TestResult) referenced from memoryleakwarningplugin.o(.constdata__ZTV23MemoryLeakWarningPlugin)
 <LI><a href="#[cb]">TestPlugin::enable()</a> from testplugin.o(i._ZN10TestPlugin6enableEv) referenced from testplugin.o(.constdata__ZTV10TestPlugin)
 <LI><a href="#[cb]">TestPlugin::enable()</a> from testplugin.o(i._ZN10TestPlugin6enableEv) referenced from testplugin.o(.constdata__ZTV14NullTestPlugin)
 <LI><a href="#[cb]">TestPlugin::enable()</a> from testplugin.o(i._ZN10TestPlugin6enableEv) referenced from testplugin.o(.constdata__ZTV16SetPointerPlugin)
 <LI><a href="#[cb]">TestPlugin::enable()</a> from testplugin.o(i._ZN10TestPlugin6enableEv) referenced from memoryleakwarningplugin.o(.constdata__ZTV23MemoryLeakWarningPlugin)
 <LI><a href="#[ca]">TestPlugin::disable()</a> from testplugin.o(i._ZN10TestPlugin7disableEv) referenced from testplugin.o(.constdata__ZTV10TestPlugin)
 <LI><a href="#[ca]">TestPlugin::disable()</a> from testplugin.o(i._ZN10TestPlugin7disableEv) referenced from testplugin.o(.constdata__ZTV14NullTestPlugin)
 <LI><a href="#[ca]">TestPlugin::disable()</a> from testplugin.o(i._ZN10TestPlugin7disableEv) referenced from testplugin.o(.constdata__ZTV16SetPointerPlugin)
 <LI><a href="#[ca]">TestPlugin::disable()</a> from testplugin.o(i._ZN10TestPlugin7disableEv) referenced from memoryleakwarningplugin.o(.constdata__ZTV23MemoryLeakWarningPlugin)
 <LI><a href="#[c9]">TestPlugin::getNext()</a> from testplugin.o(i._ZN10TestPlugin7getNextEv) referenced from testplugin.o(.constdata__ZTV10TestPlugin)
 <LI><a href="#[c9]">TestPlugin::getNext()</a> from testplugin.o(i._ZN10TestPlugin7getNextEv) referenced from testplugin.o(.constdata__ZTV14NullTestPlugin)
 <LI><a href="#[c9]">TestPlugin::getNext()</a> from testplugin.o(i._ZN10TestPlugin7getNextEv) referenced from testplugin.o(.constdata__ZTV16SetPointerPlugin)
 <LI><a href="#[c9]">TestPlugin::getNext()</a> from testplugin.o(i._ZN10TestPlugin7getNextEv) referenced from memoryleakwarningplugin.o(.constdata__ZTV23MemoryLeakWarningPlugin)
 <LI><a href="#[c7]">TestPlugin::addPlugin(TestPlugin*)</a> from testplugin.o(i._ZN10TestPlugin9addPluginEPS_) referenced from testplugin.o(.constdata__ZTV10TestPlugin)
 <LI><a href="#[c7]">TestPlugin::addPlugin(TestPlugin*)</a> from testplugin.o(i._ZN10TestPlugin9addPluginEPS_) referenced from testplugin.o(.constdata__ZTV14NullTestPlugin)
 <LI><a href="#[c7]">TestPlugin::addPlugin(TestPlugin*)</a> from testplugin.o(i._ZN10TestPlugin9addPluginEPS_) referenced from testplugin.o(.constdata__ZTV16SetPointerPlugin)
 <LI><a href="#[c7]">TestPlugin::addPlugin(TestPlugin*)</a> from testplugin.o(i._ZN10TestPlugin9addPluginEPS_) referenced from memoryleakwarningplugin.o(.constdata__ZTV23MemoryLeakWarningPlugin)
 <LI><a href="#[cc]">TestPlugin::isEnabled()</a> from testplugin.o(i._ZN10TestPlugin9isEnabledEv) referenced from testplugin.o(.constdata__ZTV10TestPlugin)
 <LI><a href="#[cc]">TestPlugin::isEnabled()</a> from testplugin.o(i._ZN10TestPlugin9isEnabledEv) referenced from testplugin.o(.constdata__ZTV14NullTestPlugin)
 <LI><a href="#[cc]">TestPlugin::isEnabled()</a> from testplugin.o(i._ZN10TestPlugin9isEnabledEv) referenced from testplugin.o(.constdata__ZTV16SetPointerPlugin)
 <LI><a href="#[cc]">TestPlugin::isEnabled()</a> from testplugin.o(i._ZN10TestPlugin9isEnabledEv) referenced from memoryleakwarningplugin.o(.constdata__ZTV23MemoryLeakWarningPlugin)
 <LI><a href="#[bf]">TestPlugin::~TestPlugin__deallocating()</a> from testplugin.o(i._ZN10TestPluginD0Ev) referenced from testplugin.o(.constdata__ZTV10TestPlugin)
 <LI><a href="#[be]">TestPlugin::~TestPlugin()</a> from testplugin.o(i._ZN10TestPluginD1Ev) referenced from testplugin.o(.constdata__ZTV10TestPlugin)
 <LI><a href="#[da]">TestResult::addFailure(const TestFailure&)</a> from testresult.o(i._ZN10TestResult10addFailureERK11TestFailure) referenced from testresult.o(.constdata__ZTV10TestResult)
 <LI><a href="#[d7]">TestResult::countCheck()</a> from testresult.o(i._ZN10TestResult10countCheckEv) referenced from testresult.o(.constdata__ZTV10TestResult)
 <LI><a href="#[d0]">TestResult::testsEnded()</a> from testresult.o(i._ZN10TestResult10testsEndedEv) referenced from testresult.o(.constdata__ZTV10TestResult)
 <LI><a href="#[d9]">TestResult::countIgnored()</a> from testresult.o(i._ZN10TestResult12countIgnoredEv) referenced from testresult.o(.constdata__ZTV10TestResult)
 <LI><a href="#[cf]">TestResult::testsStarted()</a> from testresult.o(i._ZN10TestResult12testsStartedEv) referenced from testresult.o(.constdata__ZTV10TestResult)
 <LI><a href="#[d8]">TestResult::countFilteredOut()</a> from testresult.o(i._ZN10TestResult16countFilteredOutEv) referenced from testresult.o(.constdata__ZTV10TestResult)
 <LI><a href="#[d4]">TestResult::currentTestEnded(UtestShell*)</a> from testresult.o(i._ZN10TestResult16currentTestEndedEP10UtestShell) referenced from testresult.o(.constdata__ZTV10TestResult)
 <LI><a href="#[dc]">TestResult::printVeryVerbose(const char*)</a> from testresult.o(i._ZN10TestResult16printVeryVerboseEPKc) referenced from testresult.o(.constdata__ZTV10TestResult)
 <LI><a href="#[d2]">TestResult::currentGroupEnded(UtestShell*)</a> from testresult.o(i._ZN10TestResult17currentGroupEndedEP10UtestShell) referenced from testresult.o(.constdata__ZTV10TestResult)
 <LI><a href="#[d3]">TestResult::currentTestStarted(UtestShell*)</a> from testresult.o(i._ZN10TestResult18currentTestStartedEP10UtestShell) referenced from testresult.o(.constdata__ZTV10TestResult)
 <LI><a href="#[d1]">TestResult::currentGroupStarted(UtestShell*)</a> from testresult.o(i._ZN10TestResult19currentGroupStartedEP10UtestShell) referenced from testresult.o(.constdata__ZTV10TestResult)
 <LI><a href="#[db]">TestResult::print(const char*)</a> from testresult.o(i._ZN10TestResult5printEPKc) referenced from testresult.o(.constdata__ZTV10TestResult)
 <LI><a href="#[d6]">TestResult::countRun()</a> from testresult.o(i._ZN10TestResult8countRunEv) referenced from testresult.o(.constdata__ZTV10TestResult)
 <LI><a href="#[d5]">TestResult::countTest()</a> from testresult.o(i._ZN10TestResult9countTestEv) referenced from testresult.o(.constdata__ZTV10TestResult)
 <LI><a href="#[ce]">TestResult::~TestResult__deallocating()</a> from testresult.o(i._ZN10TestResultD0Ev) referenced from testresult.o(.constdata__ZTV10TestResult)
 <LI><a href="#[cd]">TestResult::~TestResult()</a> from testresult.o(i._ZN10TestResultD1Ev) referenced from testresult.o(.constdata__ZTV10TestResult)
 <LI><a href="#[e5]">UtestShell::assertTrue(bool, const char*, const char*, const char*, const char*, unsigned, const TestTerminator&)</a> from utest.o(i._ZN10UtestShell10assertTrueEbPKcS1_S1_S1_jRK14TestTerminator) referenced from utest.o(.constdata__ZTV10UtestShell)
 <LI><a href="#[e5]">UtestShell::assertTrue(bool, const char*, const char*, const char*, const char*, unsigned, const TestTerminator&)</a> from utest.o(i._ZN10UtestShell10assertTrueEbPKcS1_S1_S1_jRK14TestTerminator) referenced from utest.o(.constdata__ZTV22OutsideTestRunnerUTest)
 <LI><a href="#[e5]">UtestShell::assertTrue(bool, const char*, const char*, const char*, const char*, unsigned, const TestTerminator&)</a> from utest.o(i._ZN10UtestShell10assertTrueEbPKcS1_S1_S1_jRK14TestTerminator) referenced from test.o(.constdata__ZTV39TEST_FirstTestGroup_FirstTest_TestShell)
 <LI><a href="#[e1]">UtestShell::countTests()</a> from utest.o(i._ZN10UtestShell10countTestsEv) referenced from utest.o(.constdata__ZTV10UtestShell)
 <LI><a href="#[e1]">UtestShell::countTests()</a> from utest.o(i._ZN10UtestShell10countTestsEv) referenced from utest.o(.constdata__ZTV22OutsideTestRunnerUTest)
 <LI><a href="#[e1]">UtestShell::countTests()</a> from utest.o(i._ZN10UtestShell10countTestsEv) referenced from test.o(.constdata__ZTV39TEST_FirstTestGroup_FirstTest_TestShell)
 <LI><a href="#[ff]">UtestShell::createTest()</a> from utest.o(i._ZN10UtestShell10createTestEv) referenced from utest.o(.constdata__ZTV10UtestShell)
 <LI><a href="#[ff]">UtestShell::createTest()</a> from utest.o(i._ZN10UtestShell10createTestEv) referenced from utest.o(.constdata__ZTV22OutsideTestRunnerUTest)
 <LI><a href="#[101]">UtestShell::runOneTest(TestPlugin*, TestResult&)</a> from utest.o(i._ZN10UtestShell10runOneTestEP10TestPluginR10TestResult) referenced from utest.o(.constdata__ZTV10UtestShell)
 <LI><a href="#[101]">UtestShell::runOneTest(TestPlugin*, TestResult&)</a> from utest.o(i._ZN10UtestShell10runOneTestEP10TestPluginR10TestResult) referenced from utest.o(.constdata__ZTV22OutsideTestRunnerUTest)
 <LI><a href="#[101]">UtestShell::runOneTest(TestPlugin*, TestResult&)</a> from utest.o(i._ZN10UtestShell10runOneTestEP10TestPluginR10TestResult) referenced from test.o(.constdata__ZTV39TEST_FirstTestGroup_FirstTest_TestShell)
 <LI><a href="#[100]">UtestShell::destroyTest(Utest*)</a> from utest.o(i._ZN10UtestShell11destroyTestEP5Utest) referenced from utest.o(.constdata__ZTV10UtestShell)
 <LI><a href="#[100]">UtestShell::destroyTest(Utest*)</a> from utest.o(i._ZN10UtestShell11destroyTestEP5Utest) referenced from utest.o(.constdata__ZTV22OutsideTestRunnerUTest)
 <LI><a href="#[100]">UtestShell::destroyTest(Utest*)</a> from utest.o(i._ZN10UtestShell11destroyTestEP5Utest) referenced from test.o(.constdata__ZTV39TEST_FirstTestGroup_FirstTest_TestShell)
 <LI><a href="#[f3]">UtestShell::assertEquals(bool, const char*, const char*, const char*, const char*, unsigned, const TestTerminator&)</a> from utest.o(i._ZN10UtestShell12assertEqualsEbPKcS1_S1_S1_jRK14TestTerminator) referenced from utest.o(.constdata__ZTV10UtestShell)
 <LI><a href="#[f3]">UtestShell::assertEquals(bool, const char*, const char*, const char*, const char*, unsigned, const TestTerminator&)</a> from utest.o(i._ZN10UtestShell12assertEqualsEbPKcS1_S1_S1_jRK14TestTerminator) referenced from utest.o(.constdata__ZTV22OutsideTestRunnerUTest)
 <LI><a href="#[f3]">UtestShell::assertEquals(bool, const char*, const char*, const char*, const char*, unsigned, const TestTerminator&)</a> from utest.o(i._ZN10UtestShell12assertEqualsEbPKcS1_S1_S1_jRK14TestTerminator) referenced from test.o(.constdata__ZTV39TEST_FirstTestGroup_FirstTest_TestShell)
 <LI><a href="#[f6]">UtestShell::assertCompare(bool, const char*, const char*, const char*, const char*, unsigned, const TestTerminator&)</a> from utest.o(i._ZN10UtestShell13assertCompareEbPKcS1_S1_S1_jRK14TestTerminator) referenced from utest.o(.constdata__ZTV10UtestShell)
 <LI><a href="#[f6]">UtestShell::assertCompare(bool, const char*, const char*, const char*, const char*, unsigned, const TestTerminator&)</a> from utest.o(i._ZN10UtestShell13assertCompareEbPKcS1_S1_S1_jRK14TestTerminator) referenced from utest.o(.constdata__ZTV22OutsideTestRunnerUTest)
 <LI><a href="#[f6]">UtestShell::assertCompare(bool, const char*, const char*, const char*, const char*, unsigned, const TestTerminator&)</a> from utest.o(i._ZN10UtestShell13assertCompareEbPKcS1_S1_S1_jRK14TestTerminator) referenced from test.o(.constdata__ZTV39TEST_FirstTestGroup_FirstTest_TestShell)
 <LI><a href="#[fe]">UtestShell::setRunIgnored()</a> from utest.o(i._ZN10UtestShell13setRunIgnoredEv) referenced from utest.o(.constdata__ZTV10UtestShell)
 <LI><a href="#[fe]">UtestShell::setRunIgnored()</a> from utest.o(i._ZN10UtestShell13setRunIgnoredEv) referenced from utest.o(.constdata__ZTV22OutsideTestRunnerUTest)
 <LI><a href="#[fe]">UtestShell::setRunIgnored()</a> from utest.o(i._ZN10UtestShell13setRunIgnoredEv) referenced from test.o(.constdata__ZTV39TEST_FirstTestGroup_FirstTest_TestShell)
 <LI><a href="#[f5]">UtestShell::assertBitsEqual(unsigned long, unsigned long, unsigned long, unsigned, const char*, const char*, unsigned, const TestTerminator&)</a> from utest.o(i._ZN10UtestShell15assertBitsEqualEmmmjPKcS1_jRK14TestTerminator) referenced from utest.o(.constdata__ZTV10UtestShell)
 <LI><a href="#[f5]">UtestShell::assertBitsEqual(unsigned long, unsigned long, unsigned long, unsigned, const char*, const char*, unsigned, const TestTerminator&)</a> from utest.o(i._ZN10UtestShell15assertBitsEqualEmmmjPKcS1_jRK14TestTerminator) referenced from utest.o(.constdata__ZTV22OutsideTestRunnerUTest)
 <LI><a href="#[f5]">UtestShell::assertBitsEqual(unsigned long, unsigned long, unsigned long, unsigned, const char*, const char*, unsigned, const TestTerminator&)</a> from utest.o(i._ZN10UtestShell15assertBitsEqualEmmmjPKcS1_jRK14TestTerminator) referenced from test.o(.constdata__ZTV39TEST_FirstTestGroup_FirstTest_TestShell)
 <LI><a href="#[e6]">UtestShell::assertCstrEqual(const char*, const char*, const char*, const char*, unsigned, const TestTerminator&)</a> from utest.o(i._ZN10UtestShell15assertCstrEqualEPKcS1_S1_S1_jRK14TestTerminator) referenced from utest.o(.constdata__ZTV10UtestShell)
 <LI><a href="#[e6]">UtestShell::assertCstrEqual(const char*, const char*, const char*, const char*, unsigned, const TestTerminator&)</a> from utest.o(i._ZN10UtestShell15assertCstrEqualEPKcS1_S1_S1_jRK14TestTerminator) referenced from utest.o(.constdata__ZTV22OutsideTestRunnerUTest)
 <LI><a href="#[e6]">UtestShell::assertCstrEqual(const char*, const char*, const char*, const char*, unsigned, const TestTerminator&)</a> from utest.o(i._ZN10UtestShell15assertCstrEqualEPKcS1_S1_S1_jRK14TestTerminator) referenced from test.o(.constdata__ZTV39TEST_FirstTestGroup_FirstTest_TestShell)
 <LI><a href="#[e7]">UtestShell::assertCstrNEqual(const char*, const char*, unsigned, const char*, const char*, unsigned, const TestTerminator&)</a> from utest.o(i._ZN10UtestShell16assertCstrNEqualEPKcS1_jS1_S1_jRK14TestTerminator) referenced from utest.o(.constdata__ZTV10UtestShell)
 <LI><a href="#[e7]">UtestShell::assertCstrNEqual(const char*, const char*, unsigned, const char*, const char*, unsigned, const TestTerminator&)</a> from utest.o(i._ZN10UtestShell16assertCstrNEqualEPKcS1_jS1_S1_jRK14TestTerminator) referenced from utest.o(.constdata__ZTV22OutsideTestRunnerUTest)
 <LI><a href="#[e7]">UtestShell::assertCstrNEqual(const char*, const char*, unsigned, const char*, const char*, unsigned, const TestTerminator&)</a> from utest.o(i._ZN10UtestShell16assertCstrNEqualEPKcS1_jS1_S1_jRK14TestTerminator) referenced from test.o(.constdata__ZTV39TEST_FirstTestGroup_FirstTest_TestShell)
 <LI><a href="#[eb]">UtestShell::assertLongsEqual(long, long, const char*, const char*, unsigned, const TestTerminator&)</a> from utest.o(i._ZN10UtestShell16assertLongsEqualEllPKcS1_jRK14TestTerminator) referenced from utest.o(.constdata__ZTV10UtestShell)
 <LI><a href="#[eb]">UtestShell::assertLongsEqual(long, long, const char*, const char*, unsigned, const TestTerminator&)</a> from utest.o(i._ZN10UtestShell16assertLongsEqualEllPKcS1_jRK14TestTerminator) referenced from utest.o(.constdata__ZTV22OutsideTestRunnerUTest)
 <LI><a href="#[eb]">UtestShell::assertLongsEqual(long, long, const char*, const char*, unsigned, const TestTerminator&)</a> from utest.o(i._ZN10UtestShell16assertLongsEqualEllPKcS1_jRK14TestTerminator) referenced from test.o(.constdata__ZTV39TEST_FirstTestGroup_FirstTest_TestShell)
 <LI><a href="#[fb]">UtestShell::printVeryVerbose(const char*)</a> from utest.o(i._ZN10UtestShell16printVeryVerboseEPKc) referenced from utest.o(.constdata__ZTV10UtestShell)
 <LI><a href="#[fb]">UtestShell::printVeryVerbose(const char*)</a> from utest.o(i._ZN10UtestShell16printVeryVerboseEPKc) referenced from utest.o(.constdata__ZTV22OutsideTestRunnerUTest)
 <LI><a href="#[fb]">UtestShell::printVeryVerbose(const char*)</a> from utest.o(i._ZN10UtestShell16printVeryVerboseEPKc) referenced from test.o(.constdata__ZTV39TEST_FirstTestGroup_FirstTest_TestShell)
 <LI><a href="#[f4]">UtestShell::assertBinaryEqual(const void*, const void*, unsigned, const char*, const char*, unsigned, const TestTerminator&)</a> from utest.o(i._ZN10UtestShell17assertBinaryEqualEPKvS1_jPKcS3_jRK14TestTerminator) referenced from utest.o(.constdata__ZTV10UtestShell)
 <LI><a href="#[f4]">UtestShell::assertBinaryEqual(const void*, const void*, unsigned, const char*, const char*, unsigned, const TestTerminator&)</a> from utest.o(i._ZN10UtestShell17assertBinaryEqualEPKvS1_jPKcS3_jRK14TestTerminator) referenced from utest.o(.constdata__ZTV22OutsideTestRunnerUTest)
 <LI><a href="#[f4]">UtestShell::assertBinaryEqual(const void*, const void*, unsigned, const char*, const char*, unsigned, const TestTerminator&)</a> from utest.o(i._ZN10UtestShell17assertBinaryEqualEPKvS1_jPKcS3_jRK14TestTerminator) referenced from test.o(.constdata__ZTV39TEST_FirstTestGroup_FirstTest_TestShell)
 <LI><a href="#[e9]">UtestShell::assertCstrContains(const char*, const char*, const char*, const char*, unsigned)</a> from utest.o(i._ZN10UtestShell18assertCstrContainsEPKcS1_S1_S1_j) referenced from utest.o(.constdata__ZTV10UtestShell)
 <LI><a href="#[e9]">UtestShell::assertCstrContains(const char*, const char*, const char*, const char*, unsigned)</a> from utest.o(i._ZN10UtestShell18assertCstrContainsEPKcS1_S1_S1_j) referenced from utest.o(.constdata__ZTV22OutsideTestRunnerUTest)
 <LI><a href="#[e9]">UtestShell::assertCstrContains(const char*, const char*, const char*, const char*, unsigned)</a> from utest.o(i._ZN10UtestShell18assertCstrContainsEPKcS1_S1_S1_j) referenced from test.o(.constdata__ZTV39TEST_FirstTestGroup_FirstTest_TestShell)
 <LI><a href="#[f2]">UtestShell::assertDoublesEqual(double, double, double, const char*, const char*, unsigned, const TestTerminator&)</a> from utest.o(i._ZN10UtestShell18assertDoublesEqualEdddPKcS1_jRK14TestTerminator) referenced from utest.o(.constdata__ZTV10UtestShell)
 <LI><a href="#[f2]">UtestShell::assertDoublesEqual(double, double, double, const char*, const char*, unsigned, const TestTerminator&)</a> from utest.o(i._ZN10UtestShell18assertDoublesEqualEdddPKcS1_jRK14TestTerminator) referenced from utest.o(.constdata__ZTV22OutsideTestRunnerUTest)
 <LI><a href="#[f2]">UtestShell::assertDoublesEqual(double, double, double, const char*, const char*, unsigned, const TestTerminator&)</a> from utest.o(i._ZN10UtestShell18assertDoublesEqualEdddPKcS1_jRK14TestTerminator) referenced from test.o(.constdata__ZTV39TEST_FirstTestGroup_FirstTest_TestShell)
 <LI><a href="#[f0]">UtestShell::assertPointersEqual(const void*, const void*, const char*, const char*, unsigned, const TestTerminator&)</a> from utest.o(i._ZN10UtestShell19assertPointersEqualEPKvS1_PKcS3_jRK14TestTerminator) referenced from utest.o(.constdata__ZTV10UtestShell)
 <LI><a href="#[f0]">UtestShell::assertPointersEqual(const void*, const void*, const char*, const char*, unsigned, const TestTerminator&)</a> from utest.o(i._ZN10UtestShell19assertPointersEqualEPKvS1_PKcS3_jRK14TestTerminator) referenced from utest.o(.constdata__ZTV22OutsideTestRunnerUTest)
 <LI><a href="#[f0]">UtestShell::assertPointersEqual(const void*, const void*, const char*, const char*, unsigned, const TestTerminator&)</a> from utest.o(i._ZN10UtestShell19assertPointersEqualEPKvS1_PKcS3_jRK14TestTerminator) referenced from test.o(.constdata__ZTV39TEST_FirstTestGroup_FirstTest_TestShell)
 <LI><a href="#[ed]">UtestShell::assertLongLongsEqual(long long, long long, const char*, const char*, unsigned, const TestTerminator&)</a> from utest.o(i._ZN10UtestShell20assertLongLongsEqualExxPKcS1_jRK14TestTerminator) referenced from utest.o(.constdata__ZTV10UtestShell)
 <LI><a href="#[ed]">UtestShell::assertLongLongsEqual(long long, long long, const char*, const char*, unsigned, const TestTerminator&)</a> from utest.o(i._ZN10UtestShell20assertLongLongsEqualExxPKcS1_jRK14TestTerminator) referenced from utest.o(.constdata__ZTV22OutsideTestRunnerUTest)
 <LI><a href="#[ed]">UtestShell::assertLongLongsEqual(long long, long long, const char*, const char*, unsigned, const TestTerminator&)</a> from utest.o(i._ZN10UtestShell20assertLongLongsEqualExxPKcS1_jRK14TestTerminator) referenced from test.o(.constdata__ZTV39TEST_FirstTestGroup_FirstTest_TestShell)
 <LI><a href="#[e8]">UtestShell::assertCstrNoCaseEqual(const char*, const char*, const char*, const char*, unsigned)</a> from utest.o(i._ZN10UtestShell21assertCstrNoCaseEqualEPKcS1_S1_S1_j) referenced from utest.o(.constdata__ZTV10UtestShell)
 <LI><a href="#[e8]">UtestShell::assertCstrNoCaseEqual(const char*, const char*, const char*, const char*, unsigned)</a> from utest.o(i._ZN10UtestShell21assertCstrNoCaseEqualEPKcS1_S1_S1_j) referenced from utest.o(.constdata__ZTV22OutsideTestRunnerUTest)
 <LI><a href="#[e8]">UtestShell::assertCstrNoCaseEqual(const char*, const char*, const char*, const char*, unsigned)</a> from utest.o(i._ZN10UtestShell21assertCstrNoCaseEqualEPKcS1_S1_S1_j) referenced from test.o(.constdata__ZTV39TEST_FirstTestGroup_FirstTest_TestShell)
 <LI><a href="#[ef]">UtestShell::assertSignedBytesEqual(signed char, signed char, const char*, const char*, unsigned, const TestTerminator&)</a> from utest.o(i._ZN10UtestShell22assertSignedBytesEqualEaaPKcS1_jRK14TestTerminator) referenced from utest.o(.constdata__ZTV10UtestShell)
 <LI><a href="#[ef]">UtestShell::assertSignedBytesEqual(signed char, signed char, const char*, const char*, unsigned, const TestTerminator&)</a> from utest.o(i._ZN10UtestShell22assertSignedBytesEqualEaaPKcS1_jRK14TestTerminator) referenced from utest.o(.constdata__ZTV22OutsideTestRunnerUTest)
 <LI><a href="#[ef]">UtestShell::assertSignedBytesEqual(signed char, signed char, const char*, const char*, unsigned, const TestTerminator&)</a> from utest.o(i._ZN10UtestShell22assertSignedBytesEqualEaaPKcS1_jRK14TestTerminator) referenced from test.o(.constdata__ZTV39TEST_FirstTestGroup_FirstTest_TestShell)
 <LI><a href="#[fd]">UtestShell::setRunInSeperateProcess()</a> from utest.o(i._ZN10UtestShell23setRunInSeperateProcessEv) referenced from utest.o(.constdata__ZTV10UtestShell)
 <LI><a href="#[fd]">UtestShell::setRunInSeperateProcess()</a> from utest.o(i._ZN10UtestShell23setRunInSeperateProcessEv) referenced from utest.o(.constdata__ZTV22OutsideTestRunnerUTest)
 <LI><a href="#[fd]">UtestShell::setRunInSeperateProcess()</a> from utest.o(i._ZN10UtestShell23setRunInSeperateProcessEv) referenced from test.o(.constdata__ZTV39TEST_FirstTestGroup_FirstTest_TestShell)
 <LI><a href="#[ea]">UtestShell::assertCstrNoCaseContains(const char*, const char*, const char*, const char*, unsigned)</a> from utest.o(i._ZN10UtestShell24assertCstrNoCaseContainsEPKcS1_S1_S1_j) referenced from utest.o(.constdata__ZTV10UtestShell)
 <LI><a href="#[ea]">UtestShell::assertCstrNoCaseContains(const char*, const char*, const char*, const char*, unsigned)</a> from utest.o(i._ZN10UtestShell24assertCstrNoCaseContainsEPKcS1_S1_S1_j) referenced from utest.o(.constdata__ZTV22OutsideTestRunnerUTest)
 <LI><a href="#[ea]">UtestShell::assertCstrNoCaseContains(const char*, const char*, const char*, const char*, unsigned)</a> from utest.o(i._ZN10UtestShell24assertCstrNoCaseContainsEPKcS1_S1_S1_j) referenced from test.o(.constdata__ZTV39TEST_FirstTestGroup_FirstTest_TestShell)
 <LI><a href="#[ec]">UtestShell::assertUnsignedLongsEqual(unsigned long, unsigned long, const char*, const char*, unsigned, const TestTerminator&)</a> from utest.o(i._ZN10UtestShell24assertUnsignedLongsEqualEmmPKcS1_jRK14TestTerminator) referenced from utest.o(.constdata__ZTV10UtestShell)
 <LI><a href="#[ec]">UtestShell::assertUnsignedLongsEqual(unsigned long, unsigned long, const char*, const char*, unsigned, const TestTerminator&)</a> from utest.o(i._ZN10UtestShell24assertUnsignedLongsEqualEmmPKcS1_jRK14TestTerminator) referenced from utest.o(.constdata__ZTV22OutsideTestRunnerUTest)
 <LI><a href="#[ec]">UtestShell::assertUnsignedLongsEqual(unsigned long, unsigned long, const char*, const char*, unsigned, const TestTerminator&)</a> from utest.o(i._ZN10UtestShell24assertUnsignedLongsEqualEmmPKcS1_jRK14TestTerminator) referenced from test.o(.constdata__ZTV39TEST_FirstTestGroup_FirstTest_TestShell)
 <LI><a href="#[102]">UtestShell::runOneTestInCurrentProcess(TestPlugin*, TestResult&)</a> from utest.o(i._ZN10UtestShell26runOneTestInCurrentProcessEP10TestPluginR10TestResult) referenced from utest.o(.constdata__ZTV10UtestShell)
 <LI><a href="#[102]">UtestShell::runOneTestInCurrentProcess(TestPlugin*, TestResult&)</a> from utest.o(i._ZN10UtestShell26runOneTestInCurrentProcessEP10TestPluginR10TestResult) referenced from utest.o(.constdata__ZTV22OutsideTestRunnerUTest)
 <LI><a href="#[102]">UtestShell::runOneTestInCurrentProcess(TestPlugin*, TestResult&)</a> from utest.o(i._ZN10UtestShell26runOneTestInCurrentProcessEP10TestPluginR10TestResult) referenced from test.o(.constdata__ZTV39TEST_FirstTestGroup_FirstTest_TestShell)
 <LI><a href="#[f1]">UtestShell::assertFunctionPointersEqual(void(*)(), void(*)(), const char*, const char*, unsigned, const TestTerminator&)</a> from utest.o(i._ZN10UtestShell27assertFunctionPointersEqualEPFvvES1_PKcS3_jRK14TestTerminator) referenced from utest.o(.constdata__ZTV10UtestShell)
 <LI><a href="#[f1]">UtestShell::assertFunctionPointersEqual(void(*)(), void(*)(), const char*, const char*, unsigned, const TestTerminator&)</a> from utest.o(i._ZN10UtestShell27assertFunctionPointersEqualEPFvvES1_PKcS3_jRK14TestTerminator) referenced from utest.o(.constdata__ZTV22OutsideTestRunnerUTest)
 <LI><a href="#[f1]">UtestShell::assertFunctionPointersEqual(void(*)(), void(*)(), const char*, const char*, unsigned, const TestTerminator&)</a> from utest.o(i._ZN10UtestShell27assertFunctionPointersEqualEPFvvES1_PKcS3_jRK14TestTerminator) referenced from test.o(.constdata__ZTV39TEST_FirstTestGroup_FirstTest_TestShell)
 <LI><a href="#[ee]">UtestShell::assertUnsignedLongLongsEqual(unsigned long long, unsigned long long, const char*, const char*, unsigned, const TestTerminator&)</a> from utest.o(i._ZN10UtestShell28assertUnsignedLongLongsEqualEyyPKcS1_jRK14TestTerminator) referenced from utest.o(.constdata__ZTV10UtestShell)
 <LI><a href="#[ee]">UtestShell::assertUnsignedLongLongsEqual(unsigned long long, unsigned long long, const char*, const char*, unsigned, const TestTerminator&)</a> from utest.o(i._ZN10UtestShell28assertUnsignedLongLongsEqualEyyPKcS1_jRK14TestTerminator) referenced from utest.o(.constdata__ZTV22OutsideTestRunnerUTest)
 <LI><a href="#[ee]">UtestShell::assertUnsignedLongLongsEqual(unsigned long long, unsigned long long, const char*, const char*, unsigned, const TestTerminator&)</a> from utest.o(i._ZN10UtestShell28assertUnsignedLongLongsEqualEyyPKcS1_jRK14TestTerminator) referenced from test.o(.constdata__ZTV39TEST_FirstTestGroup_FirstTest_TestShell)
 <LI><a href="#[f7]">UtestShell::fail(const char*, const char*, unsigned, const TestTerminator&)</a> from utest.o(i._ZN10UtestShell4failEPKcS1_jRK14TestTerminator) referenced from utest.o(.constdata__ZTV10UtestShell)
 <LI><a href="#[f7]">UtestShell::fail(const char*, const char*, unsigned, const TestTerminator&)</a> from utest.o(i._ZN10UtestShell4failEPKcS1_jRK14TestTerminator) referenced from utest.o(.constdata__ZTV22OutsideTestRunnerUTest)
 <LI><a href="#[f7]">UtestShell::fail(const char*, const char*, unsigned, const TestTerminator&)</a> from utest.o(i._ZN10UtestShell4failEPKcS1_jRK14TestTerminator) referenced from test.o(.constdata__ZTV39TEST_FirstTestGroup_FirstTest_TestShell)
 <LI><a href="#[f9]">UtestShell::print(const char*, const char*, unsigned)</a> from utest.o(i._ZN10UtestShell5printEPKcS1_j) referenced from utest.o(.constdata__ZTV10UtestShell)
 <LI><a href="#[f9]">UtestShell::print(const char*, const char*, unsigned)</a> from utest.o(i._ZN10UtestShell5printEPKcS1_j) referenced from utest.o(.constdata__ZTV22OutsideTestRunnerUTest)
 <LI><a href="#[f9]">UtestShell::print(const char*, const char*, unsigned)</a> from utest.o(i._ZN10UtestShell5printEPKcS1_j) referenced from test.o(.constdata__ZTV39TEST_FirstTestGroup_FirstTest_TestShell)
 <LI><a href="#[fa]">UtestShell::print(const SimpleString&, const char*, unsigned)</a> from utest.o(i._ZN10UtestShell5printERK12SimpleStringPKcj) referenced from utest.o(.constdata__ZTV10UtestShell)
 <LI><a href="#[fa]">UtestShell::print(const SimpleString&, const char*, unsigned)</a> from utest.o(i._ZN10UtestShell5printERK12SimpleStringPKcj) referenced from utest.o(.constdata__ZTV22OutsideTestRunnerUTest)
 <LI><a href="#[fa]">UtestShell::print(const SimpleString&, const char*, unsigned)</a> from utest.o(i._ZN10UtestShell5printERK12SimpleStringPKcj) referenced from test.o(.constdata__ZTV39TEST_FirstTestGroup_FirstTest_TestShell)
 <LI><a href="#[df]">UtestShell::addTest(UtestShell*)</a> from utest.o(i._ZN10UtestShell7addTestEPS_) referenced from utest.o(.constdata__ZTV10UtestShell)
 <LI><a href="#[df]">UtestShell::addTest(UtestShell*)</a> from utest.o(i._ZN10UtestShell7addTestEPS_) referenced from utest.o(.constdata__ZTV22OutsideTestRunnerUTest)
 <LI><a href="#[df]">UtestShell::addTest(UtestShell*)</a> from utest.o(i._ZN10UtestShell7addTestEPS_) referenced from test.o(.constdata__ZTV39TEST_FirstTestGroup_FirstTest_TestShell)
 <LI><a href="#[f8]">UtestShell::exitTest(const TestTerminator&)</a> from utest.o(i._ZN10UtestShell8exitTestERK14TestTerminator) referenced from utest.o(.constdata__ZTV10UtestShell)
 <LI><a href="#[f8]">UtestShell::exitTest(const TestTerminator&)</a> from utest.o(i._ZN10UtestShell8exitTestERK14TestTerminator) referenced from utest.o(.constdata__ZTV22OutsideTestRunnerUTest)
 <LI><a href="#[f8]">UtestShell::exitTest(const TestTerminator&)</a> from utest.o(i._ZN10UtestShell8exitTestERK14TestTerminator) referenced from test.o(.constdata__ZTV39TEST_FirstTestGroup_FirstTest_TestShell)
 <LI><a href="#[103]">UtestShell::failWith(const TestFailure&)</a> from utest.o(i._ZN10UtestShell8failWithERK11TestFailure) referenced from utest.o(.constdata__ZTV10UtestShell)
 <LI><a href="#[103]">UtestShell::failWith(const TestFailure&)</a> from utest.o(i._ZN10UtestShell8failWithERK11TestFailure) referenced from utest.o(.constdata__ZTV22OutsideTestRunnerUTest)
 <LI><a href="#[103]">UtestShell::failWith(const TestFailure&)</a> from utest.o(i._ZN10UtestShell8failWithERK11TestFailure) referenced from test.o(.constdata__ZTV39TEST_FirstTestGroup_FirstTest_TestShell)
 <LI><a href="#[104]">UtestShell::failWith(const TestFailure&, const TestTerminator&)</a> from utest.o(i._ZN10UtestShell8failWithERK11TestFailureRK14TestTerminator) referenced from utest.o(.constdata__ZTV10UtestShell)
 <LI><a href="#[104]">UtestShell::failWith(const TestFailure&, const TestTerminator&)</a> from utest.o(i._ZN10UtestShell8failWithERK11TestFailureRK14TestTerminator) referenced from utest.o(.constdata__ZTV22OutsideTestRunnerUTest)
 <LI><a href="#[104]">UtestShell::failWith(const TestFailure&, const TestTerminator&)</a> from utest.o(i._ZN10UtestShell8failWithERK11TestFailureRK14TestTerminator) referenced from test.o(.constdata__ZTV39TEST_FirstTestGroup_FirstTest_TestShell)
 <LI><a href="#[de]">UtestShell::~UtestShell__deallocating()</a> from utest.o(i._ZN10UtestShellD0Ev) referenced from utest.o(.constdata__ZTV10UtestShell)
 <LI><a href="#[dd]">UtestShell::~UtestShell()</a> from utest.o(i._ZN10UtestShellD1Ev) referenced from utest.o(.constdata__ZTV10UtestShell)
 <LI><a href="#[1c4]">__cxxabiv1::__class_type_info::~__class_type_info__deallocating()</a> from lib_rtti_impl.o(i._ZN10__cxxabiv117__class_type_infoD0Ev) referenced from lib_rtti_impl.o(.constdata__ZTVN10__cxxabiv117__class_type_infoE)
 <LI><a href="#[1c3]">__cxxabiv1::__class_type_info::~__class_type_info()</a> from lib_rtti_impl.o(i._ZN10__cxxabiv117__class_type_infoD1Ev) referenced from lib_rtti_impl.o(.constdata__ZTVN10__cxxabiv117__class_type_infoE)
 <LI><a href="#[1c6]">__cxxabiv1::__si_class_type_info::~__si_class_type_info__deallocating()</a> from lib_rtti_impl.o(i._ZN10__cxxabiv120__si_class_type_infoD0Ev) referenced from lib_rtti_impl.o(.constdata__ZTVN10__cxxabiv120__si_class_type_infoE)
 <LI><a href="#[1c5]">__cxxabiv1::__si_class_type_info::~__si_class_type_info()</a> from lib_rtti_impl.o(i._ZN10__cxxabiv120__si_class_type_infoD1Ev) referenced from lib_rtti_impl.o(.constdata__ZTVN10__cxxabiv120__si_class_type_infoE)
 <LI><a href="#[107]">FailFailure::~FailFailure__deallocating()</a> from testfailure.o(i._ZN11FailFailureD0Ev) referenced from testfailure.o(.constdata__ZTV11FailFailure)
 <LI><a href="#[106]">FailFailure::~FailFailure()</a> from memoryleakwarningplugin.o(i._ZN11FailFailureD1Ev) referenced from testfailure.o(.constdata__ZTV11FailFailure)
 <LI><a href="#[110]">TestFailure::~TestFailure__deallocating()</a> from testfailure.o(i._ZN11TestFailureD0Ev) referenced from testfailure.o(.constdata__ZTV11TestFailure)
 <LI><a href="#[10f]">TestFailure::~TestFailure()</a> from testfailure.o(i._ZN11TestFailureD1Ev) referenced from testfailure.o(.constdata__ZTV11TestFailure)
 <LI><a href="#[112]">CheckFailure::~CheckFailure__deallocating()</a> from testfailure.o(i._ZN12CheckFailureD0Ev) referenced from testfailure.o(.constdata__ZTV12CheckFailure)
 <LI><a href="#[111]">CheckFailure::~CheckFailure()</a> from utest.o(i._ZN12CheckFailureD1Ev) referenced from testfailure.o(.constdata__ZTV12CheckFailure)
 <LI><a href="#[93]">SimpleString::~SimpleString()</a> from simplestring.o(i._ZN12SimpleStringD1Ev) referenced from simplestring.o(i._ZN22SimpleStringCollection8allocateEj)
 <LI><a href="#[93]">SimpleString::~SimpleString()</a> from simplestring.o(i._ZN12SimpleStringD1Ev) referenced from simplestring.o(i._ZN22SimpleStringCollectionD1Ev)
 <LI><a href="#[116]">TestRegistry::countTests()</a> from testregistry.o(i._ZN12TestRegistry10countTestsEv) referenced from testregistry.o(.constdata__ZTV12TestRegistry)
 <LI><a href="#[117]">TestRegistry::runAllTests(TestResult&)</a> from testregistry.o(i._ZN12TestRegistry11runAllTestsER10TestResult) referenced from testregistry.o(.constdata__ZTV12TestRegistry)
 <LI><a href="#[124]">TestRegistry::countPlugins()</a> from testregistry.o(i._ZN12TestRegistry12countPluginsEv) referenced from testregistry.o(.constdata__ZTV12TestRegistry)
 <LI><a href="#[125]">TestRegistry::getFirstTest()</a> from testregistry.o(i._ZN12TestRegistry12getFirstTestEv) referenced from testregistry.o(.constdata__ZTV12TestRegistry)
 <LI><a href="#[120]">TestRegistry::resetPlugins()</a> from testregistry.o(i._ZN12TestRegistry12resetPluginsEv) referenced from testregistry.o(.constdata__ZTV12TestRegistry)
 <LI><a href="#[119]">TestRegistry::reverseTests()</a> from testregistry.o(i._ZN12TestRegistry12reverseTestsEv) referenced from testregistry.o(.constdata__ZTV12TestRegistry)
 <LI><a href="#[118]">TestRegistry::shuffleTests(unsigned)</a> from testregistry.o(i._ZN12TestRegistry12shuffleTestsEj) referenced from testregistry.o(.constdata__ZTV12TestRegistry)
 <LI><a href="#[11f]">TestRegistry::installPlugin(TestPlugin*)</a> from testregistry.o(i._ZN12TestRegistry13installPluginEP10TestPlugin) referenced from testregistry.o(.constdata__ZTV12TestRegistry)
 <LI><a href="#[121]">TestRegistry::getFirstPlugin()</a> from testregistry.o(i._ZN12TestRegistry14getFirstPluginEv) referenced from testregistry.o(.constdata__ZTV12TestRegistry)
 <LI><a href="#[11d]">TestRegistry::setNameFilters(const TestFilter*)</a> from testregistry.o(i._ZN12TestRegistry14setNameFiltersEPK10TestFilter) referenced from testregistry.o(.constdata__ZTV12TestRegistry)
 <LI><a href="#[122]">TestRegistry::getPluginByName(const SimpleString&)</a> from testregistry.o(i._ZN12TestRegistry15getPluginByNameERK12SimpleString) referenced from testregistry.o(.constdata__ZTV12TestRegistry)
 <LI><a href="#[126]">TestRegistry::getTestWithNext(UtestShell*)</a> from testregistry.o(i._ZN12TestRegistry15getTestWithNextEP10UtestShell) referenced from testregistry.o(.constdata__ZTV12TestRegistry)
 <LI><a href="#[11e]">TestRegistry::setGroupFilters(const TestFilter*)</a> from testregistry.o(i._ZN12TestRegistry15setGroupFiltersEPK10TestFilter) referenced from testregistry.o(.constdata__ZTV12TestRegistry)
 <LI><a href="#[115]">TestRegistry::unDoLastAddTest()</a> from testregistry.o(i._ZN12TestRegistry15unDoLastAddTestEv) referenced from testregistry.o(.constdata__ZTV12TestRegistry)
 <LI><a href="#[127]">TestRegistry::findTestWithName(const SimpleString&)</a> from testregistry.o(i._ZN12TestRegistry16findTestWithNameERK12SimpleString) referenced from testregistry.o(.constdata__ZTV12TestRegistry)
 <LI><a href="#[128]">TestRegistry::findTestWithGroup(const SimpleString&)</a> from testregistry.o(i._ZN12TestRegistry17findTestWithGroupERK12SimpleString) referenced from testregistry.o(.constdata__ZTV12TestRegistry)
 <LI><a href="#[11c]">TestRegistry::listTestLocations(TestResult&)</a> from testregistry.o(i._ZN12TestRegistry17listTestLocationsER10TestResult) referenced from testregistry.o(.constdata__ZTV12TestRegistry)
 <LI><a href="#[11a]">TestRegistry::listTestGroupNames(TestResult&)</a> from testregistry.o(i._ZN12TestRegistry18listTestGroupNamesER10TestResult) referenced from testregistry.o(.constdata__ZTV12TestRegistry)
 <LI><a href="#[123]">TestRegistry::removePluginByName(const SimpleString&)</a> from testregistry.o(i._ZN12TestRegistry18removePluginByNameERK12SimpleString) referenced from testregistry.o(.constdata__ZTV12TestRegistry)
 <LI><a href="#[129]">TestRegistry::setCurrentRegistry(TestRegistry*)</a> from testregistry.o(i._ZN12TestRegistry18setCurrentRegistryEPS_) referenced from testregistry.o(.constdata__ZTV12TestRegistry)
 <LI><a href="#[11b]">TestRegistry::listTestGroupAndCaseNames(TestResult&)</a> from testregistry.o(i._ZN12TestRegistry25listTestGroupAndCaseNamesER10TestResult) referenced from testregistry.o(.constdata__ZTV12TestRegistry)
 <LI><a href="#[12a]">TestRegistry::setRunTestsInSeperateProcess()</a> from testregistry.o(i._ZN12TestRegistry28setRunTestsInSeperateProcessEv) referenced from testregistry.o(.constdata__ZTV12TestRegistry)
 <LI><a href="#[114]">TestRegistry::addTest(UtestShell*)</a> from testregistry.o(i._ZN12TestRegistry7addTestEP10UtestShell) referenced from testregistry.o(.constdata__ZTV12TestRegistry)
 <LI><a href="#[113]">TestRegistry::~TestRegistry__deallocating()</a> from testregistry.o(i._ZN12TestRegistryD0Ev) referenced from testregistry.o(.constdata__ZTV12TestRegistry)
 <LI><a href="#[8e]">TestRegistry::~TestRegistry()</a> from testregistry.o(i._ZN12TestRegistryD1Ev) referenced from testregistry.o(.constdata__ZTV12TestRegistry)
 <LI><a href="#[8e]">TestRegistry::~TestRegistry()</a> from testregistry.o(i._ZN12TestRegistryD1Ev) referenced from testregistry.o(i._ZN12TestRegistry18getCurrentRegistryEv)
 <LI><a href="#[12c]">EqualsFailure::~EqualsFailure__deallocating()</a> from testfailure.o(i._ZN13EqualsFailureD0Ev) referenced from testfailure.o(.constdata__ZTV13EqualsFailure)
 <LI><a href="#[12b]">EqualsFailure::~EqualsFailure()</a> from utest.o(i._ZN13EqualsFailureD1Ev) referenced from testfailure.o(.constdata__ZTV13EqualsFailure)
 <LI><a href="#[12d]">TestInstaller::~TestInstaller__deallocating()</a> from utest.o(i._ZN13TestInstallerD0Ev) referenced from utest.o(.constdata__ZTV13TestInstaller)
 <LI><a href="#[a5]">TestInstaller::~TestInstaller()</a> from utest.o(i._ZN13TestInstallerD1Ev) referenced from utest.o(.constdata__ZTV13TestInstaller)
 <LI><a href="#[a5]">TestInstaller::~TestInstaller()</a> from utest.o(i._ZN13TestInstallerD1Ev) referenced from test.o(i.__sti___8_test_cpp_fe8858fa)
[...]
</UL>
<BR>[Calls]<UL><LI><a href="#[2aa]">&gt;&gt;</a>&nbsp;&nbsp;&nbsp;MemoryLeakDetector::allocMemory(TestMemoryAllocator*, unsigned, bool)
<LI><a href="#[2a9]">&gt;&gt;</a>&nbsp;&nbsp;&nbsp;getCurrentNewAllocator()
<LI><a href="#[298]">&gt;&gt;</a>&nbsp;&nbsp;&nbsp;MemoryLeakWarningPlugin::getGlobalDetector()
</UL>
<BR>[Address Reference Count : 1]<UL><LI> memoryleakwarningplugin.o(.data)
</UL>
<P><STRONG><a name="[1e]"></a>mem_leak_operator_delete_array(void*)</STRONG> (Thumb, 40 bytes, Stack size 16 bytes, memoryleakwarningplugin.o(i._Z30mem_leak_operator_delete_arrayPv))
<BR><BR>[Stack]<UL><LI>Max Depth = 320<LI>Call Chain = mem_leak_operator_delete_array(void*) &rArr; MemoryLeakDetector::deallocMemory(TestMemoryAllocator*, void*, bool) &rArr; MemoryLeakDetector::deallocMemory(TestMemoryAllocator*, void*, const char*, unsigned, bool) &rArr; MemoryLeakDetector::checkForCorruption(MemoryLeakDetectorNode*, const char*, unsigned, TestMemoryAllocator*, bool) &rArr; MemoryLeakOutputStringBuffer::reportAllocationDeallocationMismatchFailure(MemoryLeakDetectorNode*, const char*, unsigned, TestMemoryAllocator*, MemoryLeakFailure*) &rArr; MemoryLeakOutputStringBuffer::reportFailure(const char*, const char*, unsigned, unsigned, TestMemoryAllocator*, const char*, unsigned, TestMemoryAllocator*, MemoryLeakFailure*) &rArr; MemoryLeakOutputStringBuffer::addAllocationLocation(const char*, unsigned, unsigned, TestMemoryAllocator*) &rArr; SimpleStringBuffer::add(const char*, ...)
</UL>
<BR>[Calls]<UL><LI><a href="#[299]">&gt;&gt;</a>&nbsp;&nbsp;&nbsp;MemoryLeakDetector::invalidateMemory(char*)
<LI><a href="#[2b1]">&gt;&gt;</a>&nbsp;&nbsp;&nbsp;MemoryLeakDetector::deallocMemory(TestMemoryAllocator*, void*, bool)
<LI><a href="#[2b7]">&gt;&gt;</a>&nbsp;&nbsp;&nbsp;getCurrentNewArrayAllocator()
<LI><a href="#[298]">&gt;&gt;</a>&nbsp;&nbsp;&nbsp;MemoryLeakWarningPlugin::getGlobalDetector()
</UL>
<BR>[Address Reference Count : 1]<UL><LI> memoryleakwarningplugin.o(.data)
</UL>
<P><STRONG><a name="[9b]"></a>normal_operator_new_array_debug(unsigned, const char*, unsigned)</STRONG> (Thumb, 26 bytes, Stack size 24 bytes, memoryleakwarningplugin.o(i._Z31normal_operator_new_array_debugjPKcj))
<BR><BR>[Stack]<UL><LI>Max Depth = 24<LI>Call Chain = normal_operator_new_array_debug(unsigned, const char*, unsigned)
</UL>
<BR>[Address Reference Count : 1]<UL><LI> memoryleakwarningplugin.o(i._ZN23MemoryLeakWarningPlugin25turnOffNewDeleteOverloadsEv)
</UL>
<P><STRONG><a name="[95]"></a>threadsafe_mem_leak_operator_new(unsigned)</STRONG> (Thumb, 50 bytes, Stack size 32 bytes, memoryleakwarningplugin.o(i._Z32threadsafe_mem_leak_operator_newj))
<BR><BR>[Stack]<UL><LI>Max Depth = 184<LI>Call Chain = threadsafe_mem_leak_operator_new(unsigned) &rArr; MemoryLeakDetector::allocMemory(TestMemoryAllocator*, unsigned, bool) &rArr; MemoryLeakDetector::allocMemory(TestMemoryAllocator*, unsigned, const char*, unsigned, bool) &rArr; MemoryLeakDetector::storeLeakInformation(MemoryLeakDetectorNode*, char*, unsigned, TestMemoryAllocator*, const char*, unsigned) &rArr; MemoryLeakDetectorNode::init(char*, unsigned, unsigned, TestMemoryAllocator*, MemLeakPeriod, unsigned char, const char*, unsigned)
</UL>
<BR>[Calls]<UL><LI><a href="#[2aa]">&gt;&gt;</a>&nbsp;&nbsp;&nbsp;MemoryLeakDetector::allocMemory(TestMemoryAllocator*, unsigned, bool)
<LI><a href="#[2a9]">&gt;&gt;</a>&nbsp;&nbsp;&nbsp;getCurrentNewAllocator()
<LI><a href="#[298]">&gt;&gt;</a>&nbsp;&nbsp;&nbsp;MemoryLeakWarningPlugin::getGlobalDetector()
<LI><a href="#[2bf]">&gt;&gt;</a>&nbsp;&nbsp;&nbsp;MemLeakScopedMutex::~MemLeakScopedMutex()
<LI><a href="#[2be]">&gt;&gt;</a>&nbsp;&nbsp;&nbsp;MemLeakScopedMutex::MemLeakScopedMutex()
</UL>
<BR>[Address Reference Count : 1]<UL><LI> memoryleakwarningplugin.o(i._ZN23MemoryLeakWarningPlugin22areNewDeleteOverloadedEv)
</UL>
<P><STRONG><a name="[1c]"></a>mem_leak_operator_new_array_debug(unsigned, const char*, unsigned)</STRONG> (Thumb, 48 bytes, Stack size 40 bytes, memoryleakwarningplugin.o(i._Z33mem_leak_operator_new_array_debugjPKcj))
<BR><BR>[Stack]<UL><LI>Max Depth = 160<LI>Call Chain = mem_leak_operator_new_array_debug(unsigned, const char*, unsigned) &rArr; MemoryLeakDetector::allocMemory(TestMemoryAllocator*, unsigned, const char*, unsigned, bool) &rArr; MemoryLeakDetector::storeLeakInformation(MemoryLeakDetectorNode*, char*, unsigned, TestMemoryAllocator*, const char*, unsigned) &rArr; MemoryLeakDetectorNode::init(char*, unsigned, unsigned, TestMemoryAllocator*, MemLeakPeriod, unsigned char, const char*, unsigned)
</UL>
<BR>[Calls]<UL><LI><a href="#[29c]">&gt;&gt;</a>&nbsp;&nbsp;&nbsp;MemoryLeakDetector::allocMemory(TestMemoryAllocator*, unsigned, const char*, unsigned, bool)
<LI><a href="#[2b7]">&gt;&gt;</a>&nbsp;&nbsp;&nbsp;getCurrentNewArrayAllocator()
<LI><a href="#[298]">&gt;&gt;</a>&nbsp;&nbsp;&nbsp;MemoryLeakWarningPlugin::getGlobalDetector()
</UL>
<BR>[Address Reference Count : 1]<UL><LI> memoryleakwarningplugin.o(.data)
</UL>
<P><STRONG><a name="[9a]"></a>normal_operator_new_array_nothrow(unsigned)</STRONG> (Thumb, 14 bytes, Stack size 8 bytes, memoryleakwarningplugin.o(i._Z33normal_operator_new_array_nothrowj))
<BR><BR>[Stack]<UL><LI>Max Depth = 8<LI>Call Chain = normal_operator_new_array_nothrow(unsigned)
</UL>
<BR>[Address Reference Count : 1]<UL><LI> memoryleakwarningplugin.o(i._ZN23MemoryLeakWarningPlugin25turnOffNewDeleteOverloadsEv)
</UL>
<P><STRONG><a name="[1b]"></a>mem_leak_operator_new_array_nothrow(unsigned)</STRONG> (Thumb, 28 bytes, Stack size 16 bytes, memoryleakwarningplugin.o(i._Z35mem_leak_operator_new_array_nothrowj))
<BR><BR>[Stack]<UL><LI>Max Depth = 168<LI>Call Chain = mem_leak_operator_new_array_nothrow(unsigned) &rArr; MemoryLeakDetector::allocMemory(TestMemoryAllocator*, unsigned, bool) &rArr; MemoryLeakDetector::allocMemory(TestMemoryAllocator*, unsigned, const char*, unsigned, bool) &rArr; MemoryLeakDetector::storeLeakInformation(MemoryLeakDetectorNode*, char*, unsigned, TestMemoryAllocator*, const char*, unsigned) &rArr; MemoryLeakDetectorNode::init(char*, unsigned, unsigned, TestMemoryAllocator*, MemLeakPeriod, unsigned char, const char*, unsigned)
</UL>
<BR>[Calls]<UL><LI><a href="#[2aa]">&gt;&gt;</a>&nbsp;&nbsp;&nbsp;MemoryLeakDetector::allocMemory(TestMemoryAllocator*, unsigned, bool)
<LI><a href="#[2b7]">&gt;&gt;</a>&nbsp;&nbsp;&nbsp;getCurrentNewArrayAllocator()
<LI><a href="#[298]">&gt;&gt;</a>&nbsp;&nbsp;&nbsp;MemoryLeakWarningPlugin::getGlobalDetector()
</UL>
<BR>[Address Reference Count : 1]<UL><LI> memoryleakwarningplugin.o(.data)
</UL>
<P><STRONG><a name="[a2]"></a>helperDoTestBody(void*)</STRONG> (Thumb, 14 bytes, Stack size 8 bytes, utest.o(i._Z16helperDoTestBodyPv))
<BR><BR>[Stack]<UL><LI>Max Depth = 8<LI>Call Chain = helperDoTestBody(void*)
</UL>
<BR>[Address Reference Count : 1]<UL><LI> utest.o(i._ZN5Utest3runEv)
</UL>
<P><STRONG><a name="[a1]"></a>helperDoTestSetup(void*)</STRONG> (Thumb, 14 bytes, Stack size 8 bytes, utest.o(i._Z17helperDoTestSetupPv))
<BR><BR>[Stack]<UL><LI>Max Depth = 8<LI>Call Chain = helperDoTestSetup(void*)
</UL>
<BR>[Address Reference Count : 1]<UL><LI> utest.o(i._ZN5Utest3runEv)
</UL>
<P><STRONG><a name="[1f]"></a>defaultCrashMethod()</STRONG> (Thumb, 14 bytes, Stack size 8 bytes, utest.o(i._Z18defaultCrashMethodv))
<BR><BR>[Stack]<UL><LI>Max Depth = 8<LI>Call Chain = defaultCrashMethod()
</UL>
<BR>[Address Reference Count : 1]<UL><LI> utest.o(.data)
</UL>
<P><STRONG><a name="[a3]"></a>helperDoTestTeardown(void*)</STRONG> (Thumb, 14 bytes, Stack size 8 bytes, utest.o(i._Z20helperDoTestTeardownPv))
<BR><BR>[Stack]<UL><LI>Max Depth = 8<LI>Call Chain = helperDoTestTeardown(void*)
</UL>
<BR>[Address Reference Count : 1]<UL><LI> utest.o(i._ZN5Utest3runEv)
</UL>
<P><STRONG><a name="[8c]"></a>helperDoRunOneTestSeperateProcess(void*)</STRONG> (Thumb, 32 bytes, Stack size 24 bytes, utest.o(i._Z33helperDoRunOneTestSeperateProcessPv))
<BR><BR>[Stack]<UL><LI>Max Depth = 24<LI>Call Chain = helperDoRunOneTestSeperateProcess(void*)
</UL>
<BR>[Address Reference Count : 1]<UL><LI> utest.o(i._ZN10UtestShell10runOneTestEP10TestPluginR10TestResult)
</UL>
<P><STRONG><a name="[8d]"></a>helperDoRunOneTestInCurrentProcess(void*)</STRONG> (Thumb, 34 bytes, Stack size 24 bytes, utest.o(i._Z34helperDoRunOneTestInCurrentProcessPv))
<BR><BR>[Stack]<UL><LI>Max Depth = 24<LI>Call Chain = helperDoRunOneTestInCurrentProcess(void*)
</UL>
<BR>[Address Reference Count : 1]<UL><LI> utest.o(i._ZN10UtestShell10runOneTestEP10TestPluginR10TestResult)
</UL>
<P><STRONG><a name="[1c8]"></a>__sti___9_Utest_cpp_6cd647e5</STRONG> (Thumb, 48 bytes, Stack size 16 bytes, utest.o(i.__sti___9_Utest_cpp_6cd647e5))
<BR><BR>[Stack]<UL><LI>Max Depth = 88<LI>Call Chain = __sti___9_Utest_cpp_6cd647e5 &rArr; __aeabi_atexit &rArr; malloc &rArr; __Heap_Full &rArr; __Heap_ProvideMemory &rArr; free
</UL>
<BR>[Calls]<UL><LI><a href="#[381]">&gt;&gt;</a>&nbsp;&nbsp;&nbsp;NormalTestTerminator::NormalTestTerminator()
<LI><a href="#[21f]">&gt;&gt;</a>&nbsp;&nbsp;&nbsp;__aeabi_atexit
</UL>
<BR>[Address Reference Count : 1]<UL><LI> utest.o(.init_array)
</UL>
<P><STRONG><a name="[357]"></a>calculateVoidPointerAlignedSize(unsigned)</STRONG> (Thumb, 14 bytes, Stack size 0 bytes, memoryleakdetector.o(i._Z31calculateVoidPointerAlignedSizej))
<BR><BR>[Called By]<UL><LI><a href="#[350]">&gt;&gt;</a>&nbsp;&nbsp;&nbsp;MemoryLeakDetector::sizeOfMemoryWithCorruptionInfo(unsigned)
</UL>

<P><STRONG><a name="[94]"></a>&lang;Func64&rang;</STRONG> (Thumb, 16 bytes, Stack size 16 bytes, simplestring.o(i.<Func64>))
<BR><BR>[Stack]<UL><LI>Max Depth = 192<LI>Call Chain = &lang;Func64&rang; &rArr; SimpleString::SimpleString(const char*) &rArr; SimpleString::copyBufferToNewInternalBuffer(const char*) &rArr; SimpleString::copyBufferToNewInternalBuffer(const char*, unsigned) &rArr; SimpleString::deallocateInternalBuffer() &rArr; SimpleString::deallocStringBuffer(char*, unsigned, const char*, unsigned) &rArr; SimpleString::getStringAllocator() &rArr; defaultNewArrayAllocator() &rArr; __aeabi_atexit &rArr; malloc &rArr; __Heap_Full &rArr; __Heap_ProvideMemory &rArr; free
</UL>
<BR>[Calls]<UL><LI><a href="#[27b]">&gt;&gt;</a>&nbsp;&nbsp;&nbsp;SimpleString::SimpleString(const char*)
</UL>
<BR>[Address Reference Count : 1]<UL><LI> simplestring.o(i._ZN22SimpleStringCollection8allocateEj)
</UL>
<P><STRONG><a name="[292]"></a>checkedMalloc(unsigned)</STRONG> (Thumb, 54 bytes, Stack size 24 bytes, testmemoryallocator.o(i._Z13checkedMallocj))
<BR><BR>[Stack]<UL><LI>Max Depth = 112<LI>Call Chain = checkedMalloc(unsigned) &rArr; UtestShell::getCurrent() &rArr; OutsideTestRunnerUTest::instance() &rArr; __aeabi_atexit &rArr; malloc &rArr; __Heap_Full &rArr; __Heap_ProvideMemory &rArr; free
</UL>
<BR>[Calls]<UL><LI><a href="#[294]">&gt;&gt;</a>&nbsp;&nbsp;&nbsp;UtestShell::getCurrentTestTerminator()
<LI><a href="#[293]">&gt;&gt;</a>&nbsp;&nbsp;&nbsp;UtestShell::getCurrent()
</UL>
<BR>[Called By]<UL><LI><a href="#[185]">&gt;&gt;</a>&nbsp;&nbsp;&nbsp;TestMemoryAllocator::alloc_memory(unsigned, const char*, unsigned)
</UL>

<P><STRONG><a name="[38]"></a>DummyMutexLock(void*)</STRONG> (Thumb, 2 bytes, Stack size 0 bytes, utestplatform.o(i._Z14DummyMutexLockPv))
<BR>[Address Reference Count : 1]<UL><LI> utestplatform.o(.data)
</UL>
<P><STRONG><a name="[37]"></a>DummyMutexCreate()</STRONG> (Thumb, 4 bytes, Stack size 0 bytes, utestplatform.o(i._Z16DummyMutexCreatev))
<BR>[Address Reference Count : 1]<UL><LI> utestplatform.o(.data)
</UL>
<P><STRONG><a name="[39]"></a>DummyMutexUnlock(void*)</STRONG> (Thumb, 2 bytes, Stack size 0 bytes, utestplatform.o(i._Z16DummyMutexUnlockPv))
<BR>[Address Reference Count : 1]<UL><LI> utestplatform.o(.data)
</UL>
<P><STRONG><a name="[3a]"></a>DummyMutexDestroy(void*)</STRONG> (Thumb, 2 bytes, Stack size 0 bytes, utestplatform.o(i._Z17DummyMutexDestroyPv))
<BR>[Address Reference Count : 1]<UL><LI> utestplatform.o(.data)
</UL>
<P><STRONG><a name="[35]"></a>IsInfImplementation(double)</STRONG> (Thumb, 32 bytes, Stack size 16 bytes, utestplatform.o(i._Z19IsInfImplementationd))
<BR><BR>[Stack]<UL><LI>Max Depth = 16<LI>Call Chain = IsInfImplementation(double)
</UL>
<BR>[Address Reference Count : 1]<UL><LI> utestplatform.o(.data)
</UL>
<P><STRONG><a name="[34]"></a>IsNanImplementation(double)</STRONG> (Thumb, 40 bytes, Stack size 16 bytes, utestplatform.o(i._Z19IsNanImplementationd))
<BR><BR>[Stack]<UL><LI>Max Depth = 16<LI>Call Chain = IsNanImplementation(double)
</UL>
<BR>[Address Reference Count : 1]<UL><LI> utestplatform.o(.data)
</UL>
<P><STRONG><a name="[27]"></a>TimeStringImplementation()</STRONG> (Thumb, 42 bytes, Stack size 24 bytes, utestplatform.o(i._Z24TimeStringImplementationv))
<BR><BR>[Stack]<UL><LI>Max Depth = 208 + Unknown Stack Size
<LI>Call Chain = TimeStringImplementation() &rArr; ctime &rArr; asctime &rArr; _asctime_r &rArr; sprintf &rArr; _printf_char_common &rArr; __printf
</UL>
<BR>[Calls]<UL><LI><a href="#[223]">&gt;&gt;</a>&nbsp;&nbsp;&nbsp;ctime
<LI><a href="#[2af]">&gt;&gt;</a>&nbsp;&nbsp;&nbsp;strchr
<LI><a href="#[2ae]">&gt;&gt;</a>&nbsp;&nbsp;&nbsp;time
</UL>
<BR>[Address Reference Count : 1]<UL><LI> utestplatform.o(.data)
</UL>
<P><STRONG><a name="[21]"></a>DummyPlatformSpecificFork()</STRONG> (Thumb, 4 bytes, Stack size 0 bytes, utestplatform.o(i._Z25DummyPlatformSpecificForkv))
<BR>[Address Reference Count : 1]<UL><LI> utestplatform.o(.data)
</UL>
<P><STRONG><a name="[26]"></a>TimeInMillisImplementation()</STRONG> (Thumb, 18 bytes, Stack size 8 bytes, utestplatform.o(i._Z26TimeInMillisImplementationv))
<BR><BR>[Stack]<UL><LI>Max Depth = 8<LI>Call Chain = TimeInMillisImplementation()
</UL>
<BR>[Calls]<UL><LI><a href="#[2b6]">&gt;&gt;</a>&nbsp;&nbsp;&nbsp;clock
</UL>
<BR>[Address Reference Count : 1]<UL><LI> utestplatform.o(.data)
</UL>
<P><STRONG><a name="[22]"></a>DummyPlatformSpecificWaitPid(int, int*, int)</STRONG> (Thumb, 6 bytes, Stack size 0 bytes, utestplatform.o(i._Z28DummyPlatformSpecificWaitPidiPii))
<BR>[Address Reference Count : 1]<UL><LI> utestplatform.o(.data)
</UL>
<P><STRONG><a name="[29]"></a>PlatformSpecificFOpenImplementation(const char*, const char*)</STRONG> (Thumb, 18 bytes, Stack size 0 bytes, utestplatform.o(i._Z35PlatformSpecificFOpenImplementationPKcS0_))
<BR>[Address Reference Count : 1]<UL><LI> utestplatform.o(.data)
</UL>
<P><STRONG><a name="[2a]"></a>PlatformSpecificFPutsImplementation(const char*, void*)</STRONG> (Thumb, 18 bytes, Stack size 16 bytes, utestplatform.o(i._Z35PlatformSpecificFPutsImplementationPKcPv))
<BR><BR>[Stack]<UL><LI>Max Depth = 160 + Unknown Stack Size
<LI>Call Chain = PlatformSpecificFPutsImplementation(const char*, void*) &rArr; __2printf &rArr; _printf_char_file &rArr; _printf_char_common &rArr; __printf
</UL>
<BR>[Calls]<UL><LI><a href="#[213]">&gt;&gt;</a>&nbsp;&nbsp;&nbsp;__2printf
</UL>
<BR>[Address Reference Count : 1]<UL><LI> utestplatform.o(.data)
</UL>
<P><STRONG><a name="[2d]"></a>PlatformSpecificFlushImplementation()</STRONG> (Thumb, 2 bytes, Stack size 0 bytes, utestplatform.o(i._Z35PlatformSpecificFlushImplementationv))
<BR>[Address Reference Count : 1]<UL><LI> utestplatform.o(.data)
</UL>
<P><STRONG><a name="[2b]"></a>PlatformSpecificFCloseImplementation(void*)</STRONG> (Thumb, 2 bytes, Stack size 0 bytes, utestplatform.o(i._Z36PlatformSpecificFCloseImplementationPv))
<BR>[Address Reference Count : 1]<UL><LI> utestplatform.o(.data)
</UL>
<P><STRONG><a name="[24]"></a>PlatformSpecificSetJmpImplementation(void(*)(void*), void*)</STRONG> (Thumb, 58 bytes, Stack size 16 bytes, utestplatform.o(i._Z36PlatformSpecificSetJmpImplementationPFYvPvES_))
<BR><BR>[Stack]<UL><LI>Max Depth = 24<LI>Call Chain = PlatformSpecificSetJmpImplementation(void(*)(void*), void*) &rArr; setjmp
</UL>
<BR>[Calls]<UL><LI><a href="#[2c0]">&gt;&gt;</a>&nbsp;&nbsp;&nbsp;setjmp
</UL>
<BR>[Address Reference Count : 1]<UL><LI> utestplatform.o(.data)
</UL>
<P><STRONG><a name="[23]"></a>PlatformSpecificLongJmpImplementation()</STRONG> (Thumb, 30 bytes, Stack size 8 bytes, utestplatform.o(i._Z37PlatformSpecificLongJmpImplementationv))
<BR><BR>[Stack]<UL><LI>Max Depth = 8<LI>Call Chain = PlatformSpecificLongJmpImplementation()
</UL>
<BR>[Calls]<UL><LI><a href="#[2c1]">&gt;&gt;</a>&nbsp;&nbsp;&nbsp;longjmp
</UL>
<BR>[Address Reference Count : 1]<UL><LI> utestplatform.o(.data)
</UL>
<P><STRONG><a name="[20]"></a>DummyPlatformSpecificRunTestInASeperateProcess(UtestShell*, TestPlugin*, TestResult*)</STRONG> (Thumb, 64 bytes, Stack size 88 bytes, utestplatform.o(i._Z46DummyPlatformSpecificRunTestInASeperateProcessP10UtestShellP10TestPluginP10TestResult))
<BR><BR>[Stack]<UL><LI>Max Depth = 296<LI>Call Chain = DummyPlatformSpecificRunTestInASeperateProcess(UtestShell*, TestPlugin*, TestResult*) &rArr; TestFailure::TestFailure(UtestShell*, const SimpleString&) &rArr; UtestShell::getName() const &rArr; SimpleString::SimpleString(const char*) &rArr; SimpleString::copyBufferToNewInternalBuffer(const char*) &rArr; SimpleString::copyBufferToNewInternalBuffer(const char*, unsigned) &rArr; SimpleString::deallocateInternalBuffer() &rArr; SimpleString::deallocStringBuffer(char*, unsigned, const char*, unsigned) &rArr; SimpleString::getStringAllocator() &rArr; defaultNewArrayAllocator() &rArr; __aeabi_atexit &rArr; malloc &rArr; __Heap_Full &rArr; __Heap_ProvideMemory &rArr; free
</UL>
<BR>[Calls]<UL><LI><a href="#[93]">&gt;&gt;</a>&nbsp;&nbsp;&nbsp;SimpleString::~SimpleString()
<LI><a href="#[27b]">&gt;&gt;</a>&nbsp;&nbsp;&nbsp;SimpleString::SimpleString(const char*)
<LI><a href="#[10f]">&gt;&gt;</a>&nbsp;&nbsp;&nbsp;TestFailure::~TestFailure()
<LI><a href="#[2c2]">&gt;&gt;</a>&nbsp;&nbsp;&nbsp;TestFailure::TestFailure(UtestShell*, const SimpleString&)
</UL>
<BR>[Address Reference Count : 1]<UL><LI> utestplatform.o(.data)
</UL>
<P><STRONG><a name="[25]"></a>PlatformSpecificRestoreJumpBufferImplementation()</STRONG> (Thumb, 12 bytes, Stack size 0 bytes, utestplatform.o(i._Z47PlatformSpecificRestoreJumpBufferImplementationv))
<BR>[Address Reference Count : 1]<UL><LI> utestplatform.o(.data)
</UL>
<P><STRONG><a name="[3e8]"></a>_dadd1</STRONG> (Thumb, 0 bytes, Stack size unknown bytes, daddsub_clz.o(x$fpl$dadd), UNUSED)
<BR><BR>[Called By]<UL><LI><a href="#[3e7]">&gt;&gt;</a>&nbsp;&nbsp;&nbsp;_dsub
</UL>

<P><STRONG><a name="[3e2]"></a>_dsub1</STRONG> (Thumb, 0 bytes, Stack size unknown bytes, daddsub_clz.o(x$fpl$dsub), UNUSED)
<BR><BR>[Called By]<UL><LI><a href="#[3e1]">&gt;&gt;</a>&nbsp;&nbsp;&nbsp;_dadd
</UL>

<P><STRONG><a name="[86]"></a>_printf_input_char</STRONG> (Thumb, 10 bytes, Stack size 0 bytes, _printf_char_common.o(.text))
<BR>[Address Reference Count : 1]<UL><LI> _printf_char_common.o(.text)
</UL>
<P><STRONG><a name="[88]"></a>[local to arm_exceptions_c]::__default_terminate_handler()</STRONG> (Thumb, 6 bytes, Stack size 8 bytes, arm_exceptions_globs.o(.text))
<BR><BR>[Stack]<UL><LI>Max Depth = 56 + Unknown Stack Size
<LI>Call Chain = [local to arm_exceptions_c]::__default_terminate_handler() &rArr; abort &rArr; __rt_SIGABRT &rArr; __rt_SIGABRT_inner &rArr; __default_signal_display &rArr; _ttywrch
</UL>
<BR>[Calls]<UL><LI><a href="#[242]">&gt;&gt;</a>&nbsp;&nbsp;&nbsp;abort
</UL>
<BR>[Address Reference Count : 1]<UL><LI> arm_exceptions_globs.o(.text)
</UL>
<P><STRONG><a name="[252]"></a>_fp_digits</STRONG> (Thumb, 432 bytes, Stack size 96 bytes, _printf_fp_dec.o(.text))
<BR><BR>[Stack]<UL><LI>Max Depth = 220<LI>Call Chain = _fp_digits &rArr; _btod_etento &rArr; _btod_emul &rArr; _e2e
</UL>
<BR>[Calls]<UL><LI><a href="#[22e]">&gt;&gt;</a>&nbsp;&nbsp;&nbsp;_ll_udiv10
<LI><a href="#[256]">&gt;&gt;</a>&nbsp;&nbsp;&nbsp;_btod_emul
<LI><a href="#[255]">&gt;&gt;</a>&nbsp;&nbsp;&nbsp;_btod_ediv
<LI><a href="#[254]">&gt;&gt;</a>&nbsp;&nbsp;&nbsp;_btod_d2e
<LI><a href="#[253]">&gt;&gt;</a>&nbsp;&nbsp;&nbsp;_btod_etento
</UL>
<BR>[Called By]<UL><LI><a href="#[257]">&gt;&gt;</a>&nbsp;&nbsp;&nbsp;_printf_fp_dec_real
</UL>
<P>
<H3>
Undefined Global Symbols
</H3><HR></body></html>
