<!doctype html public "-//w3c//dtd html 4.0 transitional//en">
<html><head>
<title>Static Call Graph - [.\Objects\pp_cppUtests.axf]</title></head>
<body><HR>
<H1>Static Call Graph for image .\Objects\pp_cppUtests.axf</H1><HR>
<BR><P>#&#060CALLGRAPH&#062# ARM Linker, 6130100: Last Updated: Wed Feb 23 00:54:12 2022
<BR><P>
<H3>Maximum Stack Usage =        616 bytes + Unknown(Functions without stacksize, Cycles, Untraceable Function Pointers)</H3><H3>
Call chain for Maximum Stack Depth:</H3>
UtestShell::assertEquals(bool, const char*, const char*, const char*, const char*, unsigned, const TestTerminator&) &rArr; CheckEqualFailure::CheckEqualFailure(UtestShell*, const char*, unsigned, const SimpleString&, const SimpleString&, const SimpleString&) &rArr; PrintableStringFromOrNull(const char*) &rArr; SimpleString::printable() const &rArr; StringFromFormat(const char*, ...) &rArr; VStringFromFormat(const char*, std::__va_list) &rArr; SimpleString::operator =(const SimpleString&) &rArr; SimpleString::copyBufferToNewInternalBuffer(const SimpleString&) &rArr; SimpleString::copyBufferToNewInternalBuffer(const char*, unsigned) &rArr; SimpleString::deallocateInternalBuffer() &rArr; SimpleString::deallocStringBuffer(char*, unsigned, const char*, unsigned) &rArr; SimpleString::getStringAllocator() &rArr; defaultNewArrayAllocator() &rArr; __cxa_atexit &rArr; __aeabi_atexit &rArr; malloc &rArr; __Heap_Full &rArr; __Heap_ProvideMemory &rArr; free
<P>
<H3>
Functions with no stack information
</H3><UL>
 <LI><a href="#[243]">__user_initial_stackheap</a>
 <LI><a href="#[2c6]">__cxxabiv1::__enum_type_info::~__enum_type_info()</a>
 <LI><a href="#[417]">__cxxabiv1::__enum_type_info::~__enum_type_info__sub_object()</a>
 <LI><a href="#[418]">__cxxabiv1::__shim_type_info::~__shim_type_info()</a>
 <LI><a href="#[17c]">__cxxabiv1::__shim_type_info::~__shim_type_info__sub_object()</a>
 <LI><a href="#[419]">__cxxabiv1::__array_type_info::~__array_type_info()</a>
 <LI><a href="#[41a]">__cxxabiv1::__array_type_info::~__array_type_info__sub_object()</a>
 <LI><a href="#[41b]">__cxxabiv1::__class_type_info::~__class_type_info()</a>
 <LI><a href="#[41c]">__cxxabiv1::__class_type_info::~__class_type_info__sub_object()</a>
 <LI><a href="#[41d]">__cxxabiv1::__pbase_type_info::~__pbase_type_info()</a>
 <LI><a href="#[41e]">__cxxabiv1::__pbase_type_info::~__pbase_type_info__sub_object()</a>
 <LI><a href="#[41f]">__cxxabiv1::__pointer_type_info::~__pointer_type_info()</a>
 <LI><a href="#[420]">__cxxabiv1::__pointer_type_info::~__pointer_type_info__sub_object()</a>
 <LI><a href="#[421]">__cxxabiv1::__function_type_info::~__function_type_info()</a>
 <LI><a href="#[422]">__cxxabiv1::__function_type_info::~__function_type_info__sub_object()</a>
 <LI><a href="#[423]">__cxxabiv1::__si_class_type_info::~__si_class_type_info()</a>
 <LI><a href="#[424]">__cxxabiv1::__si_class_type_info::~__si_class_type_info__sub_object()</a>
 <LI><a href="#[425]">__cxxabiv1::__vmi_class_type_info::~__vmi_class_type_info()</a>
 <LI><a href="#[426]">__cxxabiv1::__vmi_class_type_info::~__vmi_class_type_info__sub_object()</a>
 <LI><a href="#[427]">__cxxabiv1::__fundamental_type_info::~__fundamental_type_info()</a>
 <LI><a href="#[428]">__cxxabiv1::__fundamental_type_info::~__fundamental_type_info__sub_object()</a>
 <LI><a href="#[429]">__cxxabiv1::__pointer_to_member_type_info::~__pointer_to_member_type_info()</a>
 <LI><a href="#[42a]">__cxxabiv1::__pointer_to_member_type_info::~__pointer_to_member_type_info__sub_object()</a>
 <LI><a href="#[17d]">__cxxabiv1::__class_type_info::~__class_type_info__deallocating()</a>
 <LI><a href="#[184]">__cxxabiv1::__si_class_type_info::~__si_class_type_info__deallocating()</a>
 <LI><a href="#[17e]">__cxxabiv1::__shim_type_info::noop1() const</a>
 <LI><a href="#[17f]">__cxxabiv1::__shim_type_info::noop2() const</a>
 <LI><a href="#[181]">__cxxabiv1::__class_type_info::search_above_dst(__cxxabiv1::__dynamic_cast_info*, const void*, const void*, int, bool) const</a>
 <LI><a href="#[182]">__cxxabiv1::__class_type_info::search_below_dst(__cxxabiv1::__dynamic_cast_info*, const void*, int, bool) const</a>
 <LI><a href="#[183]">__cxxabiv1::__class_type_info::has_unambiguous_public_base(__cxxabiv1::__dynamic_cast_info*, void*, int) const</a>
 <LI><a href="#[394]">__cxxabiv1::__class_type_info::process_static_type_above_dst(__cxxabiv1::__dynamic_cast_info*, const void*, const void*, int) const</a>
 <LI><a href="#[180]">__cxxabiv1::__class_type_info::can_catch(const __cxxabiv1::__shim_type_info*, void*&) const</a>
 <LI><a href="#[185]">__cxxabiv1::__si_class_type_info::search_above_dst(__cxxabiv1::__dynamic_cast_info*, const void*, const void*, int, bool) const</a>
 <LI><a href="#[186]">__cxxabiv1::__si_class_type_info::search_below_dst(__cxxabiv1::__dynamic_cast_info*, const void*, int, bool) const</a>
 <LI><a href="#[187]">__cxxabiv1::__si_class_type_info::has_unambiguous_public_base(__cxxabiv1::__dynamic_cast_info*, void*, int) const</a>
 <LI><a href="#[38b]">std::__1::basic_string&lang;char, std::__1::char_traits&lang;char&rang;, std::__1::allocator&lang;char&rang;&rang;::find(char, unsigned) const</a>
 <LI><a href="#[38c]">std::__1::basic_string&lang;char, std::__1::char_traits&lang;char&rang;, std::__1::allocator&lang;char&rang;&rang;::at(unsigned)</a>
 <LI><a href="#[390]">std::__1::basic_string&lang;char, std::__1::char_traits&lang;char&rang;, std::__1::allocator&lang;char&rang;&rang;::__init(const char*, unsigned)</a>
 <LI><a href="#[39e]">std::__1::basic_string&lang;char, std::__1::char_traits&lang;char&rang;, std::__1::allocator&lang;char&rang;&rang;::__grow_by(unsigned, unsigned, unsigned, unsigned, unsigned, unsigned)</a>
 <LI><a href="#[38d]">std::__1::basic_string&lang;char, std::__1::char_traits&lang;char&rang;, std::__1::allocator&lang;char&rang;&rang;::push_back(char)</a>
 <LI><a href="#[39f]">std::__1::basic_string&lang;char, std::__1::char_traits&lang;char&rang;, std::__1::allocator&lang;char&rang;&rang;::~basic_string()</a>
 <LI><a href="#[71]">std::__1::basic_string&lang;char, std::__1::char_traits&lang;char&rang;, std::__1::allocator&lang;char&rang;&rang;::~basic_string__sub_object()</a>
 <LI><a href="#[465]">std::type_info::~type_info()</a>
 <LI><a href="#[2c7]">std::type_info::~type_info__sub_object()</a>
 <LI><a href="#[274]">__cxa_guard_acquire</a>
 <LI><a href="#[275]">__cxa_guard_release</a>
 <LI><a href="#[7f]">__cxa_pure_virtual</a>
 <LI><a href="#[395]">__dynamic_cast</a>
 <LI><a href="#[3a0]">abort_message</a>
</UL>
</UL>
<P>
<H3>
Mutually Recursive functions
</H3> <LI><a href="#[1]">NMI_Handler</a>&nbsp;&nbsp;&nbsp;&rArr;&nbsp;&nbsp;&nbsp;<a href="#[1]">NMI_Handler</a><BR>
 <LI><a href="#[2]">HardFault_Handler</a>&nbsp;&nbsp;&nbsp;&rArr;&nbsp;&nbsp;&nbsp;<a href="#[2]">HardFault_Handler</a><BR>
 <LI><a href="#[3]">MemManage_Handler</a>&nbsp;&nbsp;&nbsp;&rArr;&nbsp;&nbsp;&nbsp;<a href="#[3]">MemManage_Handler</a><BR>
 <LI><a href="#[4]">BusFault_Handler</a>&nbsp;&nbsp;&nbsp;&rArr;&nbsp;&nbsp;&nbsp;<a href="#[4]">BusFault_Handler</a><BR>
 <LI><a href="#[5]">UsageFault_Handler</a>&nbsp;&nbsp;&nbsp;&rArr;&nbsp;&nbsp;&nbsp;<a href="#[5]">UsageFault_Handler</a><BR>
 <LI><a href="#[6]">SVC_Handler</a>&nbsp;&nbsp;&nbsp;&rArr;&nbsp;&nbsp;&nbsp;<a href="#[6]">SVC_Handler</a><BR>
 <LI><a href="#[7]">DebugMon_Handler</a>&nbsp;&nbsp;&nbsp;&rArr;&nbsp;&nbsp;&nbsp;<a href="#[7]">DebugMon_Handler</a><BR>
 <LI><a href="#[8]">PendSV_Handler</a>&nbsp;&nbsp;&nbsp;&rArr;&nbsp;&nbsp;&nbsp;<a href="#[8]">PendSV_Handler</a><BR>
 <LI><a href="#[9]">SysTick_Handler</a>&nbsp;&nbsp;&nbsp;&rArr;&nbsp;&nbsp;&nbsp;<a href="#[9]">SysTick_Handler</a><BR>
 <LI><a href="#[1c]">ADC1_2_IRQHandler</a>&nbsp;&nbsp;&nbsp;&rArr;&nbsp;&nbsp;&nbsp;<a href="#[1c]">ADC1_2_IRQHandler</a><BR>
 <LI><a href="#[2b5]">SimpleString::StrCmp(const char*, const char*)</a>&nbsp;&nbsp;&nbsp;&rArr;&nbsp;&nbsp;&nbsp;<a href="#[2b5]">SimpleString::StrCmp(const char*, const char*)</a><BR>
 <LI><a href="#[2d6]">SimpleString::padStringsToSameLength(SimpleString&, SimpleString&, char)</a>&nbsp;&nbsp;&nbsp;&rArr;&nbsp;&nbsp;&nbsp;<a href="#[2d6]">SimpleString::padStringsToSameLength(SimpleString&, SimpleString&, char)</a><BR>
 <LI><a href="#[36a]">MemoryLeakDetectorList::retrieveNode(char*)</a>&nbsp;&nbsp;&nbsp;&rArr;&nbsp;&nbsp;&nbsp;<a href="#[36a]">MemoryLeakDetectorList::retrieveNode(char*)</a><BR>
</UL>
<P>
<H3>
Function Pointers
</H3><UL>
 <LI><a href="#[1c]">ADC1_2_IRQHandler</a> from startup_stm32f10x_xl.o(.text) referenced from startup_stm32f10x_xl.o(RESET)
 <LI><a href="#[39]">ADC3_IRQHandler</a> from startup_stm32f10x_xl.o(.text) referenced from startup_stm32f10x_xl.o(RESET)
 <LI><a href="#[4]">BusFault_Handler</a> from startup_stm32f10x_xl.o(.text) referenced from startup_stm32f10x_xl.o(RESET)
 <LI><a href="#[1f]">CAN1_RX1_IRQHandler</a> from startup_stm32f10x_xl.o(.text) referenced from startup_stm32f10x_xl.o(RESET)
 <LI><a href="#[20]">CAN1_SCE_IRQHandler</a> from startup_stm32f10x_xl.o(.text) referenced from startup_stm32f10x_xl.o(RESET)
 <LI><a href="#[15]">DMA1_Channel1_IRQHandler</a> from startup_stm32f10x_xl.o(.text) referenced from startup_stm32f10x_xl.o(RESET)
 <LI><a href="#[16]">DMA1_Channel2_IRQHandler</a> from startup_stm32f10x_xl.o(.text) referenced from startup_stm32f10x_xl.o(RESET)
 <LI><a href="#[17]">DMA1_Channel3_IRQHandler</a> from startup_stm32f10x_xl.o(.text) referenced from startup_stm32f10x_xl.o(RESET)
 <LI><a href="#[18]">DMA1_Channel4_IRQHandler</a> from startup_stm32f10x_xl.o(.text) referenced from startup_stm32f10x_xl.o(RESET)
 <LI><a href="#[19]">DMA1_Channel5_IRQHandler</a> from startup_stm32f10x_xl.o(.text) referenced from startup_stm32f10x_xl.o(RESET)
 <LI><a href="#[1a]">DMA1_Channel6_IRQHandler</a> from startup_stm32f10x_xl.o(.text) referenced from startup_stm32f10x_xl.o(RESET)
 <LI><a href="#[1b]">DMA1_Channel7_IRQHandler</a> from startup_stm32f10x_xl.o(.text) referenced from startup_stm32f10x_xl.o(RESET)
 <LI><a href="#[42]">DMA2_Channel1_IRQHandler</a> from startup_stm32f10x_xl.o(.text) referenced from startup_stm32f10x_xl.o(RESET)
 <LI><a href="#[43]">DMA2_Channel2_IRQHandler</a> from startup_stm32f10x_xl.o(.text) referenced from startup_stm32f10x_xl.o(RESET)
 <LI><a href="#[44]">DMA2_Channel3_IRQHandler</a> from startup_stm32f10x_xl.o(.text) referenced from startup_stm32f10x_xl.o(RESET)
 <LI><a href="#[45]">DMA2_Channel4_5_IRQHandler</a> from startup_stm32f10x_xl.o(.text) referenced from startup_stm32f10x_xl.o(RESET)
 <LI><a href="#[7]">DebugMon_Handler</a> from startup_stm32f10x_xl.o(.text) referenced from startup_stm32f10x_xl.o(RESET)
 <LI><a href="#[10]">EXTI0_IRQHandler</a> from startup_stm32f10x_xl.o(.text) referenced from startup_stm32f10x_xl.o(RESET)
 <LI><a href="#[32]">EXTI15_10_IRQHandler</a> from startup_stm32f10x_xl.o(.text) referenced from startup_stm32f10x_xl.o(RESET)
 <LI><a href="#[11]">EXTI1_IRQHandler</a> from startup_stm32f10x_xl.o(.text) referenced from startup_stm32f10x_xl.o(RESET)
 <LI><a href="#[12]">EXTI2_IRQHandler</a> from startup_stm32f10x_xl.o(.text) referenced from startup_stm32f10x_xl.o(RESET)
 <LI><a href="#[13]">EXTI3_IRQHandler</a> from startup_stm32f10x_xl.o(.text) referenced from startup_stm32f10x_xl.o(RESET)
 <LI><a href="#[14]">EXTI4_IRQHandler</a> from startup_stm32f10x_xl.o(.text) referenced from startup_stm32f10x_xl.o(RESET)
 <LI><a href="#[21]">EXTI9_5_IRQHandler</a> from startup_stm32f10x_xl.o(.text) referenced from startup_stm32f10x_xl.o(RESET)
 <LI><a href="#[e]">FLASH_IRQHandler</a> from startup_stm32f10x_xl.o(.text) referenced from startup_stm32f10x_xl.o(RESET)
 <LI><a href="#[3a]">FSMC_IRQHandler</a> from startup_stm32f10x_xl.o(.text) referenced from startup_stm32f10x_xl.o(RESET)
 <LI><a href="#[2]">HardFault_Handler</a> from startup_stm32f10x_xl.o(.text) referenced from startup_stm32f10x_xl.o(RESET)
 <LI><a href="#[2a]">I2C1_ER_IRQHandler</a> from startup_stm32f10x_xl.o(.text) referenced from startup_stm32f10x_xl.o(RESET)
 <LI><a href="#[29]">I2C1_EV_IRQHandler</a> from startup_stm32f10x_xl.o(.text) referenced from startup_stm32f10x_xl.o(RESET)
 <LI><a href="#[2c]">I2C2_ER_IRQHandler</a> from startup_stm32f10x_xl.o(.text) referenced from startup_stm32f10x_xl.o(RESET)
 <LI><a href="#[2b]">I2C2_EV_IRQHandler</a> from startup_stm32f10x_xl.o(.text) referenced from startup_stm32f10x_xl.o(RESET)
 <LI><a href="#[3]">MemManage_Handler</a> from startup_stm32f10x_xl.o(.text) referenced from startup_stm32f10x_xl.o(RESET)
 <LI><a href="#[1]">NMI_Handler</a> from startup_stm32f10x_xl.o(.text) referenced from startup_stm32f10x_xl.o(RESET)
 <LI><a href="#[b]">PVD_IRQHandler</a> from startup_stm32f10x_xl.o(.text) referenced from startup_stm32f10x_xl.o(RESET)
 <LI><a href="#[8]">PendSV_Handler</a> from startup_stm32f10x_xl.o(.text) referenced from startup_stm32f10x_xl.o(RESET)
 <LI><a href="#[f]">RCC_IRQHandler</a> from startup_stm32f10x_xl.o(.text) referenced from startup_stm32f10x_xl.o(RESET)
 <LI><a href="#[33]">RTCAlarm_IRQHandler</a> from startup_stm32f10x_xl.o(.text) referenced from startup_stm32f10x_xl.o(RESET)
 <LI><a href="#[d]">RTC_IRQHandler</a> from startup_stm32f10x_xl.o(.text) referenced from startup_stm32f10x_xl.o(RESET)
 <LI><a href="#[0]">Reset_Handler</a> from startup_stm32f10x_xl.o(.text) referenced from startup_stm32f10x_xl.o(RESET)
 <LI><a href="#[3b]">SDIO_IRQHandler</a> from startup_stm32f10x_xl.o(.text) referenced from startup_stm32f10x_xl.o(RESET)
 <LI><a href="#[2d]">SPI1_IRQHandler</a> from startup_stm32f10x_xl.o(.text) referenced from startup_stm32f10x_xl.o(RESET)
 <LI><a href="#[2e]">SPI2_IRQHandler</a> from startup_stm32f10x_xl.o(.text) referenced from startup_stm32f10x_xl.o(RESET)
 <LI><a href="#[3d]">SPI3_IRQHandler</a> from startup_stm32f10x_xl.o(.text) referenced from startup_stm32f10x_xl.o(RESET)
 <LI><a href="#[6]">SVC_Handler</a> from startup_stm32f10x_xl.o(.text) referenced from startup_stm32f10x_xl.o(RESET)
 <LI><a href="#[9]">SysTick_Handler</a> from startup_stm32f10x_xl.o(.text) referenced from startup_stm32f10x_xl.o(RESET)
 <LI><a href="#[46]">SystemInit</a> from system_stm32f10x.o(.text.SystemInit) referenced from startup_stm32f10x_xl.o(.text)
 <LI><a href="#[c]">TAMPER_IRQHandler</a> from startup_stm32f10x_xl.o(.text) referenced from startup_stm32f10x_xl.o(RESET)
 <LI><a href="#[22]">TIM1_BRK_TIM9_IRQHandler</a> from startup_stm32f10x_xl.o(.text) referenced from startup_stm32f10x_xl.o(RESET)
 <LI><a href="#[25]">TIM1_CC_IRQHandler</a> from startup_stm32f10x_xl.o(.text) referenced from startup_stm32f10x_xl.o(RESET)
 <LI><a href="#[24]">TIM1_TRG_COM_TIM11_IRQHandler</a> from startup_stm32f10x_xl.o(.text) referenced from startup_stm32f10x_xl.o(RESET)
 <LI><a href="#[23]">TIM1_UP_TIM10_IRQHandler</a> from startup_stm32f10x_xl.o(.text) referenced from startup_stm32f10x_xl.o(RESET)
 <LI><a href="#[26]">TIM2_IRQHandler</a> from startup_stm32f10x_xl.o(.text) referenced from startup_stm32f10x_xl.o(RESET)
 <LI><a href="#[27]">TIM3_IRQHandler</a> from startup_stm32f10x_xl.o(.text) referenced from startup_stm32f10x_xl.o(RESET)
 <LI><a href="#[28]">TIM4_IRQHandler</a> from startup_stm32f10x_xl.o(.text) referenced from startup_stm32f10x_xl.o(RESET)
 <LI><a href="#[3c]">TIM5_IRQHandler</a> from startup_stm32f10x_xl.o(.text) referenced from startup_stm32f10x_xl.o(RESET)
 <LI><a href="#[40]">TIM6_IRQHandler</a> from startup_stm32f10x_xl.o(.text) referenced from startup_stm32f10x_xl.o(RESET)
 <LI><a href="#[41]">TIM7_IRQHandler</a> from startup_stm32f10x_xl.o(.text) referenced from startup_stm32f10x_xl.o(RESET)
 <LI><a href="#[35]">TIM8_BRK_TIM12_IRQHandler</a> from startup_stm32f10x_xl.o(.text) referenced from startup_stm32f10x_xl.o(RESET)
 <LI><a href="#[38]">TIM8_CC_IRQHandler</a> from startup_stm32f10x_xl.o(.text) referenced from startup_stm32f10x_xl.o(RESET)
 <LI><a href="#[37]">TIM8_TRG_COM_TIM14_IRQHandler</a> from startup_stm32f10x_xl.o(.text) referenced from startup_stm32f10x_xl.o(RESET)
 <LI><a href="#[36]">TIM8_UP_TIM13_IRQHandler</a> from startup_stm32f10x_xl.o(.text) referenced from startup_stm32f10x_xl.o(RESET)
 <LI><a href="#[3e]">UART4_IRQHandler</a> from startup_stm32f10x_xl.o(.text) referenced from startup_stm32f10x_xl.o(RESET)
 <LI><a href="#[3f]">UART5_IRQHandler</a> from startup_stm32f10x_xl.o(.text) referenced from startup_stm32f10x_xl.o(RESET)
 <LI><a href="#[2f]">USART1_IRQHandler</a> from startup_stm32f10x_xl.o(.text) referenced from startup_stm32f10x_xl.o(RESET)
 <LI><a href="#[30]">USART2_IRQHandler</a> from startup_stm32f10x_xl.o(.text) referenced from startup_stm32f10x_xl.o(RESET)
 <LI><a href="#[31]">USART3_IRQHandler</a> from startup_stm32f10x_xl.o(.text) referenced from startup_stm32f10x_xl.o(RESET)
 <LI><a href="#[34]">USBWakeUp_IRQHandler</a> from startup_stm32f10x_xl.o(.text) referenced from startup_stm32f10x_xl.o(RESET)
 <LI><a href="#[1d]">USB_HP_CAN1_TX_IRQHandler</a> from startup_stm32f10x_xl.o(.text) referenced from startup_stm32f10x_xl.o(RESET)
 <LI><a href="#[1e]">USB_LP_CAN1_RX0_IRQHandler</a> from startup_stm32f10x_xl.o(.text) referenced from startup_stm32f10x_xl.o(RESET)
 <LI><a href="#[5]">UsageFault_Handler</a> from startup_stm32f10x_xl.o(.text) referenced from startup_stm32f10x_xl.o(RESET)
 <LI><a href="#[a]">WWDG_IRQHandler</a> from startup_stm32f10x_xl.o(.text) referenced from startup_stm32f10x_xl.o(RESET)
 <LI><a href="#[188]">_GLOBAL__sub_I_pstring_test.cpp</a> from pstring_test.o(.text._GLOBAL__sub_I_pstring_test.cpp) referenced from pstring_test.o(.init_array)
 <LI><a href="#[61]">StringFrom(double, int)</a> from simplestring.o(.text._Z10StringFromdi) referenced from testfailure.o(.text._ZN19DoublesEqualFailureC2EP10UtestShellPKcjdddRK12SimpleString)
 <LI><a href="#[5a]">StringFromFormat(const char*, ...)</a> from simplestring.o(.text._Z16StringFromFormatPKcz) referenced from testfailure.o(.text._ZN11TestFailure27createDifferenceAtPosStringERK12SimpleStringjj)
 <LI><a href="#[6e]">_ZL11normal_freePvPKcj</a> from memoryleakwarningplugin.o(.text._ZL11normal_freePvPKcj) referenced from memoryleakwarningplugin.o(.text._ZN23MemoryLeakWarningPlugin25turnOffNewDeleteOverloadsEv)
 <LI><a href="#[18b]">_ZL13mem_leak_freePvPKcj</a> from memoryleakwarningplugin.o(.text._ZL13mem_leak_freePvPKcj) referenced 2 times from memoryleakwarningplugin.o(.data..L_MergedGlobals)
 <LI><a href="#[70]">_ZL13normal_mallocjPKcj</a> from memoryleakwarningplugin.o(.text._ZL13normal_mallocjPKcj) referenced from memoryleakwarningplugin.o(.text._ZN23MemoryLeakWarningPlugin25turnOffNewDeleteOverloadsEv)
 <LI><a href="#[1a2]">_ZL14DummyMutexLockPv</a> from utestplatform.o(.text._ZL14DummyMutexLockPv) referenced from utestplatform.o(.data.PlatformSpecificMutexLock)
 <LI><a href="#[6f]">_ZL14normal_reallocPvjPKcj</a> from memoryleakwarningplugin.o(.text._ZL14normal_reallocPvjPKcj) referenced from memoryleakwarningplugin.o(.text._ZN23MemoryLeakWarningPlugin25turnOffNewDeleteOverloadsEv)
 <LI><a href="#[189]">_ZL15mem_leak_mallocjPKcj</a> from memoryleakwarningplugin.o(.text._ZL15mem_leak_mallocjPKcj) referenced 2 times from memoryleakwarningplugin.o(.data..L_MergedGlobals)
 <LI><a href="#[1a0]">_ZL16DummyMutexCreatev</a> from utestplatform.o(.text._ZL16DummyMutexCreatev) referenced from utestplatform.o(.data.PlatformSpecificMutexCreate)
 <LI><a href="#[1a3]">_ZL16DummyMutexUnlockPv</a> from utestplatform.o(.text._ZL16DummyMutexUnlockPv) referenced from utestplatform.o(.data.PlatformSpecificMutexUnlock)
 <LI><a href="#[73]">_ZL16helperDoTestBodyPv</a> from utest.o(.text._ZL16helperDoTestBodyPv) referenced from utest.o(.text._ZN5Utest3runEv)
 <LI><a href="#[18a]">_ZL16mem_leak_reallocPvjPKcj</a> from memoryleakwarningplugin.o(.text._ZL16mem_leak_reallocPvjPKcj) referenced 2 times from memoryleakwarningplugin.o(.data..L_MergedGlobals)
 <LI><a href="#[1a1]">_ZL17DummyMutexDestroyPv</a> from utestplatform.o(.text._ZL17DummyMutexDestroyPv) referenced from utestplatform.o(.data.PlatformSpecificMutexDestroy)
 <LI><a href="#[72]">_ZL17helperDoTestSetupPv</a> from utest.o(.text._ZL17helperDoTestSetupPv) referenced from utest.o(.text._ZN5Utest3runEv)
 <LI><a href="#[1ab]">_ZL18defaultCrashMethodv</a> from utest.o(.text._ZL18defaultCrashMethodv) referenced from utest.o(.data._ZL21pleaseCrashMeRightNow)
 <LI><a href="#[19b]">_ZL19IsInfImplementationd</a> from utestplatform.o(.text._ZL19IsInfImplementationd) referenced from utestplatform.o(.data.PlatformSpecificIsInf)
 <LI><a href="#[19c]">_ZL19IsNanImplementationd</a> from utestplatform.o(.text._ZL19IsNanImplementationd) referenced from utestplatform.o(.data.PlatformSpecificIsNan)
 <LI><a href="#[67]">_ZL19normal_operator_newj</a> from memoryleakwarningplugin.o(.text._ZL19normal_operator_newj) referenced from memoryleakwarningplugin.o(.text._ZN23MemoryLeakWarningPlugin25turnOffNewDeleteOverloadsEv)
 <LI><a href="#[74]">_ZL20helperDoTestTeardownPv</a> from utest.o(.text._ZL20helperDoTestTeardownPv) referenced from utest.o(.text._ZN5Utest3runEv)
 <LI><a href="#[64]">_ZL21mem_leak_operator_newj</a> from memoryleakwarningplugin.o(.text._ZL21mem_leak_operator_newj) referenced 2 times from memoryleakwarningplugin.o(.data..L_MergedGlobals)
 <LI><a href="#[64]">_ZL21mem_leak_operator_newj</a> from memoryleakwarningplugin.o(.text._ZL21mem_leak_operator_newj) referenced from memoryleakwarningplugin.o(.text._ZN23MemoryLeakWarningPlugin14postTestActionER10UtestShellR10TestResult)
 <LI><a href="#[6d]">_ZL22normal_operator_deletePv</a> from memoryleakwarningplugin.o(.text._ZL22normal_operator_deletePv) referenced from memoryleakwarningplugin.o(.text._ZN23MemoryLeakWarningPlugin25turnOffNewDeleteOverloadsEv)
 <LI><a href="#[194]">_ZL24TimeStringImplementationv</a> from utestplatform.o(.text._ZL24TimeStringImplementationv) referenced from utestplatform.o(.data.GetPlatformSpecificTimeString)
 <LI><a href="#[18d]">_ZL24mem_leak_operator_deletePv</a> from memoryleakwarningplugin.o(.text._ZL24mem_leak_operator_deletePv) referenced 2 times from memoryleakwarningplugin.o(.data..L_MergedGlobals)
 <LI><a href="#[69]">_ZL25normal_operator_new_arrayj</a> from memoryleakwarningplugin.o(.text._ZL25normal_operator_new_arrayj) referenced from memoryleakwarningplugin.o(.text._ZN23MemoryLeakWarningPlugin25turnOffNewDeleteOverloadsEv)
 <LI><a href="#[6a]">_ZL25normal_operator_new_debugjPKcj</a> from memoryleakwarningplugin.o(.text._ZL25normal_operator_new_debugjPKcj) referenced from memoryleakwarningplugin.o(.text._ZN23MemoryLeakWarningPlugin25turnOffNewDeleteOverloadsEv)
 <LI><a href="#[193]">_ZL26TimeInMillisImplementationv</a> from utestplatform.o(.text._ZL26TimeInMillisImplementationv) referenced from utestplatform.o(.data.GetPlatformSpecificTimeInMillis)
 <LI><a href="#[18e]">_ZL27mem_leak_operator_new_arrayj</a> from memoryleakwarningplugin.o(.text._ZL27mem_leak_operator_new_arrayj) referenced 2 times from memoryleakwarningplugin.o(.data..L_MergedGlobals)
 <LI><a href="#[18c]">_ZL27mem_leak_operator_new_debugjPKcj</a> from memoryleakwarningplugin.o(.text._ZL27mem_leak_operator_new_debugjPKcj) referenced 2 times from memoryleakwarningplugin.o(.data..L_MergedGlobals)
 <LI><a href="#[66]">_ZL27normal_operator_new_nothrowj</a> from memoryleakwarningplugin.o(.text._ZL27normal_operator_new_nothrowj) referenced from memoryleakwarningplugin.o(.text._ZN23MemoryLeakWarningPlugin25turnOffNewDeleteOverloadsEv)
 <LI><a href="#[6c]">_ZL28normal_operator_delete_arrayPv</a> from memoryleakwarningplugin.o(.text._ZL28normal_operator_delete_arrayPv) referenced from memoryleakwarningplugin.o(.text._ZN23MemoryLeakWarningPlugin25turnOffNewDeleteOverloadsEv)
 <LI><a href="#[191]">_ZL29mem_leak_operator_new_nothrowj</a> from memoryleakwarningplugin.o(.text._ZL29mem_leak_operator_new_nothrowj) referenced 2 times from memoryleakwarningplugin.o(.data..L_MergedGlobals)
 <LI><a href="#[190]">_ZL30mem_leak_operator_delete_arrayPv</a> from memoryleakwarningplugin.o(.text._ZL30mem_leak_operator_delete_arrayPv) referenced 2 times from memoryleakwarningplugin.o(.data..L_MergedGlobals)
 <LI><a href="#[6b]">_ZL31normal_operator_new_array_debugjPKcj</a> from memoryleakwarningplugin.o(.text._ZL31normal_operator_new_array_debugjPKcj) referenced from memoryleakwarningplugin.o(.text._ZN23MemoryLeakWarningPlugin25turnOffNewDeleteOverloadsEv)
 <LI><a href="#[65]">_ZL32threadsafe_mem_leak_operator_newj</a> from memoryleakwarningplugin.o(.text._ZL32threadsafe_mem_leak_operator_newj) referenced from memoryleakwarningplugin.o(.text._ZN23MemoryLeakWarningPlugin14postTestActionER10UtestShellR10TestResult)
 <LI><a href="#[56]">_ZL33helperDoRunOneTestSeperateProcessPv</a> from utest.o(.text._ZL33helperDoRunOneTestSeperateProcessPv) referenced from utest.o(.text._ZN10UtestShell10runOneTestEP10TestPluginR10TestResult)
 <LI><a href="#[18f]">_ZL33mem_leak_operator_new_array_debugjPKcj</a> from memoryleakwarningplugin.o(.text._ZL33mem_leak_operator_new_array_debugjPKcj) referenced 2 times from memoryleakwarningplugin.o(.data..L_MergedGlobals)
 <LI><a href="#[68]">_ZL33normal_operator_new_array_nothrowj</a> from memoryleakwarningplugin.o(.text._ZL33normal_operator_new_array_nothrowj) referenced from memoryleakwarningplugin.o(.text._ZN23MemoryLeakWarningPlugin25turnOffNewDeleteOverloadsEv)
 <LI><a href="#[57]">_ZL34helperDoRunOneTestInCurrentProcessPv</a> from utest.o(.text._ZL34helperDoRunOneTestInCurrentProcessPv) referenced from utest.o(.text._ZN10UtestShell10runOneTestEP10TestPluginR10TestResult)
 <LI><a href="#[196]">_ZL35PlatformSpecificFOpenImplementationPKcS0_</a> from utestplatform.o(.text._ZL35PlatformSpecificFOpenImplementationPKcS0_) referenced from utestplatform.o(.data.PlatformSpecificFOpen)
 <LI><a href="#[197]">_ZL35PlatformSpecificFPutsImplementationPKcPv</a> from utestplatform.o(.text._ZL35PlatformSpecificFPutsImplementationPKcPv) referenced from utestplatform.o(.data.PlatformSpecificFPuts)
 <LI><a href="#[199]">_ZL35PlatformSpecificFlushImplementationv</a> from utestplatform.o(.text._ZL35PlatformSpecificFlushImplementationv) referenced from utestplatform.o(.data.PlatformSpecificFlush)
 <LI><a href="#[192]">_ZL35mem_leak_operator_new_array_nothrowj</a> from memoryleakwarningplugin.o(.text._ZL35mem_leak_operator_new_array_nothrowj) referenced 2 times from memoryleakwarningplugin.o(.data..L_MergedGlobals)
 <LI><a href="#[195]">_ZL36PlatformSpecificFCloseImplementationPv</a> from utestplatform.o(.text._ZL36PlatformSpecificFCloseImplementationPv) referenced from utestplatform.o(.data.PlatformSpecificFClose)
 <LI><a href="#[1a8]">_ZL36PlatformSpecificSetJmpImplementationPFvPvES_</a> from utestplatform.o(.text._ZL36PlatformSpecificSetJmpImplementationPFvPvES_) referenced from utestplatform.o(.data.PlatformSpecificSetJmp)
 <LI><a href="#[19d]">_ZL37PlatformSpecificLongJmpImplementationv</a> from utestplatform.o(.text._ZL37PlatformSpecificLongJmpImplementationv) referenced from utestplatform.o(.data.PlatformSpecificLongJmp)
 <LI><a href="#[1a7]">_ZL46DummyPlatformSpecificRunTestInASeperateProcessP10UtestShellP10TestPluginP10TestResult</a> from utestplatform.o(.text._ZL46DummyPlatformSpecificRunTestInASeperateProcessP10UtestShellP10TestPluginP10TestResult) referenced from utestplatform.o(.data.PlatformSpecificRunTestInASeperateProcess)
 <LI><a href="#[83]">TestOutput::printDouble(double)</a> from testoutput.o(.text._ZN10TestOutput11printDoubleEd) referenced from testoutput.o(.rodata._ZTV10TestOutput)
 <LI><a href="#[83]">TestOutput::printDouble(double)</a> from testoutput.o(.text._ZN10TestOutput11printDoubleEd) referenced from junittestoutput.o(.rodata._ZTV15JUnitTestOutput)
 <LI><a href="#[83]">TestOutput::printDouble(double)</a> from testoutput.o(.text._ZN10TestOutput11printDoubleEd) referenced from testoutput.o(.rodata._ZTV17ConsoleTestOutput)
 <LI><a href="#[83]">TestOutput::printDouble(double)</a> from testoutput.o(.text._ZN10TestOutput11printDoubleEd) referenced from teamcitytestoutput.o(.rodata._ZTV18TeamCityTestOutput)
 <LI><a href="#[84]">TestOutput::printFailure(const TestFailure&)</a> from testoutput.o(.text._ZN10TestOutput12printFailureERK11TestFailure) referenced from testoutput.o(.rodata._ZTV10TestOutput)
 <LI><a href="#[84]">TestOutput::printFailure(const TestFailure&)</a> from testoutput.o(.text._ZN10TestOutput12printFailureERK11TestFailure) referenced from testoutput.o(.rodata._ZTV17ConsoleTestOutput)
 <LI><a href="#[85]">TestOutput::printTestRun(unsigned, unsigned)</a> from testoutput.o(.text._ZN10TestOutput12printTestRunEjj) referenced from testoutput.o(.rodata._ZTV10TestOutput)
 <LI><a href="#[85]">TestOutput::printTestRun(unsigned, unsigned)</a> from testoutput.o(.text._ZN10TestOutput12printTestRunEjj) referenced from junittestoutput.o(.rodata._ZTV15JUnitTestOutput)
 <LI><a href="#[85]">TestOutput::printTestRun(unsigned, unsigned)</a> from testoutput.o(.text._ZN10TestOutput12printTestRunEjj) referenced from testoutput.o(.rodata._ZTV17ConsoleTestOutput)
 <LI><a href="#[85]">TestOutput::printTestRun(unsigned, unsigned)</a> from testoutput.o(.text._ZN10TestOutput12printTestRunEjj) referenced from teamcitytestoutput.o(.rodata._ZTV18TeamCityTestOutput)
 <LI><a href="#[85]">TestOutput::printTestRun(unsigned, unsigned)</a> from testoutput.o(.text._ZN10TestOutput12printTestRunEjj) referenced from testoutput.o(.rodata._ZTV19CompositeTestOutput)
 <LI><a href="#[78]">TestOutput::printTestsEnded(const TestResult&)</a> from testoutput.o(.text._ZN10TestOutput15printTestsEndedERK10TestResult) referenced from testoutput.o(.rodata._ZTV10TestOutput)
 <LI><a href="#[78]">TestOutput::printTestsEnded(const TestResult&)</a> from testoutput.o(.text._ZN10TestOutput15printTestsEndedERK10TestResult) referenced from testoutput.o(.rodata._ZTV17ConsoleTestOutput)
 <LI><a href="#[78]">TestOutput::printTestsEnded(const TestResult&)</a> from testoutput.o(.text._ZN10TestOutput15printTestsEndedERK10TestResult) referenced from teamcitytestoutput.o(.rodata._ZTV18TeamCityTestOutput)
 <LI><a href="#[87]">TestOutput::printVeryVerbose(const char*)</a> from testoutput.o(.text._ZN10TestOutput16printVeryVerboseEPKc) referenced from testoutput.o(.rodata._ZTV10TestOutput)
 <LI><a href="#[87]">TestOutput::printVeryVerbose(const char*)</a> from testoutput.o(.text._ZN10TestOutput16printVeryVerboseEPKc) referenced from junittestoutput.o(.rodata._ZTV15JUnitTestOutput)
 <LI><a href="#[87]">TestOutput::printVeryVerbose(const char*)</a> from testoutput.o(.text._ZN10TestOutput16printVeryVerboseEPKc) referenced from testoutput.o(.rodata._ZTV17ConsoleTestOutput)
 <LI><a href="#[87]">TestOutput::printVeryVerbose(const char*)</a> from testoutput.o(.text._ZN10TestOutput16printVeryVerboseEPKc) referenced from teamcitytestoutput.o(.rodata._ZTV18TeamCityTestOutput)
 <LI><a href="#[87]">TestOutput::printVeryVerbose(const char*)</a> from testoutput.o(.text._ZN10TestOutput16printVeryVerboseEPKc) referenced from testoutput.o(.rodata._ZTV19CompositeTestOutput)
 <LI><a href="#[77]">TestOutput::printTestsStarted()</a> from testoutput.o(.text._ZN10TestOutput17printTestsStartedEv) referenced from testoutput.o(.rodata._ZTV10TestOutput)
 <LI><a href="#[77]">TestOutput::printTestsStarted()</a> from testoutput.o(.text._ZN10TestOutput17printTestsStartedEv) referenced from testoutput.o(.rodata._ZTV17ConsoleTestOutput)
 <LI><a href="#[77]">TestOutput::printTestsStarted()</a> from testoutput.o(.text._ZN10TestOutput17printTestsStartedEv) referenced from teamcitytestoutput.o(.rodata._ZTV18TeamCityTestOutput)
 <LI><a href="#[86]">TestOutput::setProgressIndicator(const char*)</a> from testoutput.o(.text._ZN10TestOutput20setProgressIndicatorEPKc) referenced from testoutput.o(.rodata._ZTV10TestOutput)
 <LI><a href="#[86]">TestOutput::setProgressIndicator(const char*)</a> from testoutput.o(.text._ZN10TestOutput20setProgressIndicatorEPKc) referenced from junittestoutput.o(.rodata._ZTV15JUnitTestOutput)
 <LI><a href="#[86]">TestOutput::setProgressIndicator(const char*)</a> from testoutput.o(.text._ZN10TestOutput20setProgressIndicatorEPKc) referenced from testoutput.o(.rodata._ZTV17ConsoleTestOutput)
 <LI><a href="#[86]">TestOutput::setProgressIndicator(const char*)</a> from testoutput.o(.text._ZN10TestOutput20setProgressIndicatorEPKc) referenced from teamcitytestoutput.o(.rodata._ZTV18TeamCityTestOutput)
 <LI><a href="#[7a]">TestOutput::printCurrentTestEnded(const TestResult&)</a> from testoutput.o(.text._ZN10TestOutput21printCurrentTestEndedERK10TestResult) referenced from testoutput.o(.rodata._ZTV10TestOutput)
 <LI><a href="#[7a]">TestOutput::printCurrentTestEnded(const TestResult&)</a> from testoutput.o(.text._ZN10TestOutput21printCurrentTestEndedERK10TestResult) referenced from testoutput.o(.rodata._ZTV17ConsoleTestOutput)
 <LI><a href="#[7c]">TestOutput::printCurrentGroupEnded(const TestResult&)</a> from testoutput.o(.text._ZN10TestOutput22printCurrentGroupEndedERK10TestResult) referenced from testoutput.o(.rodata._ZTV10TestOutput)
 <LI><a href="#[7c]">TestOutput::printCurrentGroupEnded(const TestResult&)</a> from testoutput.o(.text._ZN10TestOutput22printCurrentGroupEndedERK10TestResult) referenced from testoutput.o(.rodata._ZTV17ConsoleTestOutput)
 <LI><a href="#[8a]">TestOutput::printProgressIndicator()</a> from testoutput.o(.text._ZN10TestOutput22printProgressIndicatorEv) referenced from testoutput.o(.rodata._ZTV10TestOutput)
 <LI><a href="#[8a]">TestOutput::printProgressIndicator()</a> from testoutput.o(.text._ZN10TestOutput22printProgressIndicatorEv) referenced from junittestoutput.o(.rodata._ZTV15JUnitTestOutput)
 <LI><a href="#[8a]">TestOutput::printProgressIndicator()</a> from testoutput.o(.text._ZN10TestOutput22printProgressIndicatorEv) referenced from testoutput.o(.rodata._ZTV17ConsoleTestOutput)
 <LI><a href="#[8a]">TestOutput::printProgressIndicator()</a> from testoutput.o(.text._ZN10TestOutput22printProgressIndicatorEv) referenced from teamcitytestoutput.o(.rodata._ZTV18TeamCityTestOutput)
 <LI><a href="#[8a]">TestOutput::printProgressIndicator()</a> from testoutput.o(.text._ZN10TestOutput22printProgressIndicatorEv) referenced from testoutput.o(.rodata._ZTV19CompositeTestOutput)
 <LI><a href="#[79]">TestOutput::printCurrentTestStarted(const UtestShell&)</a> from testoutput.o(.text._ZN10TestOutput23printCurrentTestStartedERK10UtestShell) referenced from testoutput.o(.rodata._ZTV10TestOutput)
 <LI><a href="#[79]">TestOutput::printCurrentTestStarted(const UtestShell&)</a> from testoutput.o(.text._ZN10TestOutput23printCurrentTestStartedERK10UtestShell) referenced from testoutput.o(.rodata._ZTV17ConsoleTestOutput)
 <LI><a href="#[7b]">TestOutput::printCurrentGroupStarted(const UtestShell&)</a> from testoutput.o(.text._ZN10TestOutput24printCurrentGroupStartedERK10UtestShell) referenced from testoutput.o(.rodata._ZTV10TestOutput)
 <LI><a href="#[7b]">TestOutput::printCurrentGroupStarted(const UtestShell&)</a> from testoutput.o(.text._ZN10TestOutput24printCurrentGroupStartedERK10UtestShell) referenced from testoutput.o(.rodata._ZTV17ConsoleTestOutput)
 <LI><a href="#[88]">TestOutput::printEclipseErrorInFileOnLine(SimpleString, unsigned)</a> from testoutput.o(.text._ZN10TestOutput29printEclipseErrorInFileOnLineE12SimpleStringj) referenced from testoutput.o(.rodata._ZTV10TestOutput)
 <LI><a href="#[88]">TestOutput::printEclipseErrorInFileOnLine(SimpleString, unsigned)</a> from testoutput.o(.text._ZN10TestOutput29printEclipseErrorInFileOnLineE12SimpleStringj) referenced from junittestoutput.o(.rodata._ZTV15JUnitTestOutput)
 <LI><a href="#[88]">TestOutput::printEclipseErrorInFileOnLine(SimpleString, unsigned)</a> from testoutput.o(.text._ZN10TestOutput29printEclipseErrorInFileOnLineE12SimpleStringj) referenced from testoutput.o(.rodata._ZTV17ConsoleTestOutput)
 <LI><a href="#[88]">TestOutput::printEclipseErrorInFileOnLine(SimpleString, unsigned)</a> from testoutput.o(.text._ZN10TestOutput29printEclipseErrorInFileOnLineE12SimpleStringj) referenced from teamcitytestoutput.o(.rodata._ZTV18TeamCityTestOutput)
 <LI><a href="#[88]">TestOutput::printEclipseErrorInFileOnLine(SimpleString, unsigned)</a> from testoutput.o(.text._ZN10TestOutput29printEclipseErrorInFileOnLineE12SimpleStringj) referenced from testoutput.o(.rodata._ZTV19CompositeTestOutput)
 <LI><a href="#[89]">TestOutput::printVisualStudioErrorInFileOnLine(SimpleString, unsigned)</a> from testoutput.o(.text._ZN10TestOutput34printVisualStudioErrorInFileOnLineE12SimpleStringj) referenced from testoutput.o(.rodata._ZTV10TestOutput)
 <LI><a href="#[89]">TestOutput::printVisualStudioErrorInFileOnLine(SimpleString, unsigned)</a> from testoutput.o(.text._ZN10TestOutput34printVisualStudioErrorInFileOnLineE12SimpleStringj) referenced from junittestoutput.o(.rodata._ZTV15JUnitTestOutput)
 <LI><a href="#[89]">TestOutput::printVisualStudioErrorInFileOnLine(SimpleString, unsigned)</a> from testoutput.o(.text._ZN10TestOutput34printVisualStudioErrorInFileOnLineE12SimpleStringj) referenced from testoutput.o(.rodata._ZTV17ConsoleTestOutput)
 <LI><a href="#[89]">TestOutput::printVisualStudioErrorInFileOnLine(SimpleString, unsigned)</a> from testoutput.o(.text._ZN10TestOutput34printVisualStudioErrorInFileOnLineE12SimpleStringj) referenced from teamcitytestoutput.o(.rodata._ZTV18TeamCityTestOutput)
 <LI><a href="#[89]">TestOutput::printVisualStudioErrorInFileOnLine(SimpleString, unsigned)</a> from testoutput.o(.text._ZN10TestOutput34printVisualStudioErrorInFileOnLineE12SimpleStringj) referenced from testoutput.o(.rodata._ZTV19CompositeTestOutput)
 <LI><a href="#[7e]">TestOutput::color()</a> from testoutput.o(.text._ZN10TestOutput5colorEv) referenced from testoutput.o(.rodata._ZTV10TestOutput)
 <LI><a href="#[7e]">TestOutput::color()</a> from testoutput.o(.text._ZN10TestOutput5colorEv) referenced from junittestoutput.o(.rodata._ZTV15JUnitTestOutput)
 <LI><a href="#[7e]">TestOutput::color()</a> from testoutput.o(.text._ZN10TestOutput5colorEv) referenced from testoutput.o(.rodata._ZTV17ConsoleTestOutput)
 <LI><a href="#[7e]">TestOutput::color()</a> from testoutput.o(.text._ZN10TestOutput5colorEv) referenced from teamcitytestoutput.o(.rodata._ZTV18TeamCityTestOutput)
 <LI><a href="#[80]">TestOutput::print(const char*)</a> from testoutput.o(.text._ZN10TestOutput5printEPKc) referenced from testoutput.o(.rodata._ZTV10TestOutput)
 <LI><a href="#[80]">TestOutput::print(const char*)</a> from testoutput.o(.text._ZN10TestOutput5printEPKc) referenced from testoutput.o(.rodata._ZTV17ConsoleTestOutput)
 <LI><a href="#[80]">TestOutput::print(const char*)</a> from testoutput.o(.text._ZN10TestOutput5printEPKc) referenced from teamcitytestoutput.o(.rodata._ZTV18TeamCityTestOutput)
 <LI><a href="#[82]">TestOutput::print(unsigned)</a> from testoutput.o(.text._ZN10TestOutput5printEj) referenced from testoutput.o(.rodata._ZTV10TestOutput)
 <LI><a href="#[82]">TestOutput::print(unsigned)</a> from testoutput.o(.text._ZN10TestOutput5printEj) referenced from testoutput.o(.rodata._ZTV17ConsoleTestOutput)
 <LI><a href="#[82]">TestOutput::print(unsigned)</a> from testoutput.o(.text._ZN10TestOutput5printEj) referenced from teamcitytestoutput.o(.rodata._ZTV18TeamCityTestOutput)
 <LI><a href="#[81]">TestOutput::print(long)</a> from testoutput.o(.text._ZN10TestOutput5printEl) referenced from testoutput.o(.rodata._ZTV10TestOutput)
 <LI><a href="#[81]">TestOutput::print(long)</a> from testoutput.o(.text._ZN10TestOutput5printEl) referenced from testoutput.o(.rodata._ZTV17ConsoleTestOutput)
 <LI><a href="#[81]">TestOutput::print(long)</a> from testoutput.o(.text._ZN10TestOutput5printEl) referenced from teamcitytestoutput.o(.rodata._ZTV18TeamCityTestOutput)
 <LI><a href="#[7d]">TestOutput::verbose(TestOutput::VerbosityLevel)</a> from testoutput.o(.text._ZN10TestOutput7verboseENS_14VerbosityLevelE) referenced from testoutput.o(.rodata._ZTV10TestOutput)
 <LI><a href="#[7d]">TestOutput::verbose(TestOutput::VerbosityLevel)</a> from testoutput.o(.text._ZN10TestOutput7verboseENS_14VerbosityLevelE) referenced from junittestoutput.o(.rodata._ZTV15JUnitTestOutput)
 <LI><a href="#[7d]">TestOutput::verbose(TestOutput::VerbosityLevel)</a> from testoutput.o(.text._ZN10TestOutput7verboseENS_14VerbosityLevelE) referenced from testoutput.o(.rodata._ZTV17ConsoleTestOutput)
 <LI><a href="#[7d]">TestOutput::verbose(TestOutput::VerbosityLevel)</a> from testoutput.o(.text._ZN10TestOutput7verboseENS_14VerbosityLevelE) referenced from teamcitytestoutput.o(.rodata._ZTV18TeamCityTestOutput)
 <LI><a href="#[76]">TestOutput::~TestOutput__deallocating()</a> from testoutput.o(.text._ZN10TestOutputD0Ev) referenced from testoutput.o(.rodata._ZTV10TestOutput)
 <LI><a href="#[75]">TestOutput::~TestOutput__sub_object()</a> from testoutput.o(.text._ZN10TestOutputD2Ev) referenced from testoutput.o(.rodata._ZTV10TestOutput)
 <LI><a href="#[75]">TestOutput::~TestOutput__sub_object()</a> from testoutput.o(.text._ZN10TestOutputD2Ev) referenced from testoutput.o(.rodata._ZTV17ConsoleTestOutput)
 <LI><a href="#[8c]">TestPlugin::preTestAction(UtestShell&, TestResult&)</a> from testplugin.o(.text._ZN10TestPlugin13preTestActionER10UtestShellR10TestResult) referenced from testplugin.o(.rodata._ZTV10TestPlugin)
 <LI><a href="#[8c]">TestPlugin::preTestAction(UtestShell&, TestResult&)</a> from testplugin.o(.text._ZN10TestPlugin13preTestActionER10UtestShellR10TestResult) referenced from testplugin.o(.rodata._ZTV14NullTestPlugin)
 <LI><a href="#[8c]">TestPlugin::preTestAction(UtestShell&, TestResult&)</a> from testplugin.o(.text._ZN10TestPlugin13preTestActionER10UtestShellR10TestResult) referenced from testplugin.o(.rodata._ZTV16SetPointerPlugin)
 <LI><a href="#[8e]">TestPlugin::parseArguments(int, const char*const *, int)</a> from memoryleakwarningplugin.o(.text._ZN10TestPlugin14parseArgumentsEiPKPKci) referenced from testplugin.o(.rodata._ZTV10TestPlugin)
 <LI><a href="#[8e]">TestPlugin::parseArguments(int, const char*const *, int)</a> from memoryleakwarningplugin.o(.text._ZN10TestPlugin14parseArgumentsEiPKPKci) referenced from testplugin.o(.rodata._ZTV14NullTestPlugin)
 <LI><a href="#[8e]">TestPlugin::parseArguments(int, const char*const *, int)</a> from memoryleakwarningplugin.o(.text._ZN10TestPlugin14parseArgumentsEiPKPKci) referenced from testplugin.o(.rodata._ZTV16SetPointerPlugin)
 <LI><a href="#[8e]">TestPlugin::parseArguments(int, const char*const *, int)</a> from memoryleakwarningplugin.o(.text._ZN10TestPlugin14parseArgumentsEiPKPKci) referenced from memoryleakwarningplugin.o(.rodata._ZTV23MemoryLeakWarningPlugin)
 <LI><a href="#[8d]">TestPlugin::postTestAction(UtestShell&, TestResult&)</a> from testplugin.o(.text._ZN10TestPlugin14postTestActionER10UtestShellR10TestResult) referenced from testplugin.o(.rodata._ZTV10TestPlugin)
 <LI><a href="#[8d]">TestPlugin::postTestAction(UtestShell&, TestResult&)</a> from testplugin.o(.text._ZN10TestPlugin14postTestActionER10UtestShellR10TestResult) referenced from testplugin.o(.rodata._ZTV14NullTestPlugin)
 <LI><a href="#[91]">TestPlugin::parseAllArguments(int, const char*const *, int)</a> from testplugin.o(.text._ZN10TestPlugin17parseAllArgumentsEiPKPKci) referenced from testplugin.o(.rodata._ZTV10TestPlugin)
 <LI><a href="#[91]">TestPlugin::parseAllArguments(int, const char*const *, int)</a> from testplugin.o(.text._ZN10TestPlugin17parseAllArgumentsEiPKPKci) referenced from testplugin.o(.rodata._ZTV14NullTestPlugin)
 <LI><a href="#[91]">TestPlugin::parseAllArguments(int, const char*const *, int)</a> from testplugin.o(.text._ZN10TestPlugin17parseAllArgumentsEiPKPKci) referenced from testplugin.o(.rodata._ZTV16SetPointerPlugin)
 <LI><a href="#[91]">TestPlugin::parseAllArguments(int, const char*const *, int)</a> from testplugin.o(.text._ZN10TestPlugin17parseAllArgumentsEiPKPKci) referenced from memoryleakwarningplugin.o(.rodata._ZTV23MemoryLeakWarningPlugin)
 <LI><a href="#[92]">TestPlugin::parseAllArguments(int, char**, int)</a> from testplugin.o(.text._ZN10TestPlugin17parseAllArgumentsEiPPci) referenced from testplugin.o(.rodata._ZTV10TestPlugin)
 <LI><a href="#[92]">TestPlugin::parseAllArguments(int, char**, int)</a> from testplugin.o(.text._ZN10TestPlugin17parseAllArgumentsEiPPci) referenced from testplugin.o(.rodata._ZTV14NullTestPlugin)
 <LI><a href="#[92]">TestPlugin::parseAllArguments(int, char**, int)</a> from testplugin.o(.text._ZN10TestPlugin17parseAllArgumentsEiPPci) referenced from testplugin.o(.rodata._ZTV16SetPointerPlugin)
 <LI><a href="#[92]">TestPlugin::parseAllArguments(int, char**, int)</a> from testplugin.o(.text._ZN10TestPlugin17parseAllArgumentsEiPPci) referenced from memoryleakwarningplugin.o(.rodata._ZTV23MemoryLeakWarningPlugin)
 <LI><a href="#[94]">TestPlugin::removePluginByName(const SimpleString&)</a> from testplugin.o(.text._ZN10TestPlugin18removePluginByNameERK12SimpleString) referenced from testplugin.o(.rodata._ZTV10TestPlugin)
 <LI><a href="#[94]">TestPlugin::removePluginByName(const SimpleString&)</a> from testplugin.o(.text._ZN10TestPlugin18removePluginByNameERK12SimpleString) referenced from testplugin.o(.rodata._ZTV14NullTestPlugin)
 <LI><a href="#[94]">TestPlugin::removePluginByName(const SimpleString&)</a> from testplugin.o(.text._ZN10TestPlugin18removePluginByNameERK12SimpleString) referenced from testplugin.o(.rodata._ZTV16SetPointerPlugin)
 <LI><a href="#[94]">TestPlugin::removePluginByName(const SimpleString&)</a> from testplugin.o(.text._ZN10TestPlugin18removePluginByNameERK12SimpleString) referenced from memoryleakwarningplugin.o(.rodata._ZTV23MemoryLeakWarningPlugin)
 <LI><a href="#[8f]">TestPlugin::runAllPreTestAction(UtestShell&, TestResult&)</a> from testplugin.o(.text._ZN10TestPlugin19runAllPreTestActionER10UtestShellR10TestResult) referenced from testplugin.o(.rodata._ZTV10TestPlugin)
 <LI><a href="#[8f]">TestPlugin::runAllPreTestAction(UtestShell&, TestResult&)</a> from testplugin.o(.text._ZN10TestPlugin19runAllPreTestActionER10UtestShellR10TestResult) referenced from testplugin.o(.rodata._ZTV16SetPointerPlugin)
 <LI><a href="#[8f]">TestPlugin::runAllPreTestAction(UtestShell&, TestResult&)</a> from testplugin.o(.text._ZN10TestPlugin19runAllPreTestActionER10UtestShellR10TestResult) referenced from memoryleakwarningplugin.o(.rodata._ZTV23MemoryLeakWarningPlugin)
 <LI><a href="#[90]">TestPlugin::runAllPostTestAction(UtestShell&, TestResult&)</a> from testplugin.o(.text._ZN10TestPlugin20runAllPostTestActionER10UtestShellR10TestResult) referenced from testplugin.o(.rodata._ZTV10TestPlugin)
 <LI><a href="#[90]">TestPlugin::runAllPostTestAction(UtestShell&, TestResult&)</a> from testplugin.o(.text._ZN10TestPlugin20runAllPostTestActionER10UtestShellR10TestResult) referenced from testplugin.o(.rodata._ZTV16SetPointerPlugin)
 <LI><a href="#[90]">TestPlugin::runAllPostTestAction(UtestShell&, TestResult&)</a> from testplugin.o(.text._ZN10TestPlugin20runAllPostTestActionER10UtestShellR10TestResult) referenced from memoryleakwarningplugin.o(.rodata._ZTV23MemoryLeakWarningPlugin)
 <LI><a href="#[97]">TestPlugin::enable()</a> from testplugin.o(.text._ZN10TestPlugin6enableEv) referenced from testplugin.o(.rodata._ZTV10TestPlugin)
 <LI><a href="#[97]">TestPlugin::enable()</a> from testplugin.o(.text._ZN10TestPlugin6enableEv) referenced from testplugin.o(.rodata._ZTV14NullTestPlugin)
 <LI><a href="#[97]">TestPlugin::enable()</a> from testplugin.o(.text._ZN10TestPlugin6enableEv) referenced from testplugin.o(.rodata._ZTV16SetPointerPlugin)
 <LI><a href="#[97]">TestPlugin::enable()</a> from testplugin.o(.text._ZN10TestPlugin6enableEv) referenced from memoryleakwarningplugin.o(.rodata._ZTV23MemoryLeakWarningPlugin)
 <LI><a href="#[96]">TestPlugin::disable()</a> from testplugin.o(.text._ZN10TestPlugin7disableEv) referenced from testplugin.o(.rodata._ZTV10TestPlugin)
 <LI><a href="#[96]">TestPlugin::disable()</a> from testplugin.o(.text._ZN10TestPlugin7disableEv) referenced from testplugin.o(.rodata._ZTV14NullTestPlugin)
 <LI><a href="#[96]">TestPlugin::disable()</a> from testplugin.o(.text._ZN10TestPlugin7disableEv) referenced from testplugin.o(.rodata._ZTV16SetPointerPlugin)
 <LI><a href="#[96]">TestPlugin::disable()</a> from testplugin.o(.text._ZN10TestPlugin7disableEv) referenced from memoryleakwarningplugin.o(.rodata._ZTV23MemoryLeakWarningPlugin)
 <LI><a href="#[95]">TestPlugin::getNext()</a> from testplugin.o(.text._ZN10TestPlugin7getNextEv) referenced from testplugin.o(.rodata._ZTV10TestPlugin)
 <LI><a href="#[95]">TestPlugin::getNext()</a> from testplugin.o(.text._ZN10TestPlugin7getNextEv) referenced from testplugin.o(.rodata._ZTV14NullTestPlugin)
 <LI><a href="#[95]">TestPlugin::getNext()</a> from testplugin.o(.text._ZN10TestPlugin7getNextEv) referenced from testplugin.o(.rodata._ZTV16SetPointerPlugin)
 <LI><a href="#[95]">TestPlugin::getNext()</a> from testplugin.o(.text._ZN10TestPlugin7getNextEv) referenced from memoryleakwarningplugin.o(.rodata._ZTV23MemoryLeakWarningPlugin)
 <LI><a href="#[93]">TestPlugin::addPlugin(TestPlugin*)</a> from testplugin.o(.text._ZN10TestPlugin9addPluginEPS_) referenced from testplugin.o(.rodata._ZTV10TestPlugin)
 <LI><a href="#[93]">TestPlugin::addPlugin(TestPlugin*)</a> from testplugin.o(.text._ZN10TestPlugin9addPluginEPS_) referenced from testplugin.o(.rodata._ZTV14NullTestPlugin)
 <LI><a href="#[93]">TestPlugin::addPlugin(TestPlugin*)</a> from testplugin.o(.text._ZN10TestPlugin9addPluginEPS_) referenced from testplugin.o(.rodata._ZTV16SetPointerPlugin)
 <LI><a href="#[93]">TestPlugin::addPlugin(TestPlugin*)</a> from testplugin.o(.text._ZN10TestPlugin9addPluginEPS_) referenced from memoryleakwarningplugin.o(.rodata._ZTV23MemoryLeakWarningPlugin)
 <LI><a href="#[98]">TestPlugin::isEnabled()</a> from testplugin.o(.text._ZN10TestPlugin9isEnabledEv) referenced from testplugin.o(.rodata._ZTV10TestPlugin)
 <LI><a href="#[98]">TestPlugin::isEnabled()</a> from testplugin.o(.text._ZN10TestPlugin9isEnabledEv) referenced from testplugin.o(.rodata._ZTV14NullTestPlugin)
 <LI><a href="#[98]">TestPlugin::isEnabled()</a> from testplugin.o(.text._ZN10TestPlugin9isEnabledEv) referenced from testplugin.o(.rodata._ZTV16SetPointerPlugin)
 <LI><a href="#[98]">TestPlugin::isEnabled()</a> from testplugin.o(.text._ZN10TestPlugin9isEnabledEv) referenced from memoryleakwarningplugin.o(.rodata._ZTV23MemoryLeakWarningPlugin)
 <LI><a href="#[8b]">TestPlugin::~TestPlugin__deallocating()</a> from testplugin.o(.text._ZN10TestPluginD0Ev) referenced from testplugin.o(.rodata._ZTV10TestPlugin)
 <LI><a href="#[5e]">TestPlugin::~TestPlugin__sub_object()</a> from testplugin.o(.text._ZN10TestPluginD2Ev) referenced from testplugin.o(.rodata._ZTV10TestPlugin)
 <LI><a href="#[5e]">TestPlugin::~TestPlugin__sub_object()</a> from testplugin.o(.text._ZN10TestPluginD2Ev) referenced from testplugin.o(.rodata._ZTV14NullTestPlugin)
 <LI><a href="#[5e]">TestPlugin::~TestPlugin__sub_object()</a> from testplugin.o(.text._ZN10TestPluginD2Ev) referenced from testplugin.o(.rodata._ZTV16SetPointerPlugin)
 <LI><a href="#[5e]">TestPlugin::~TestPlugin__sub_object()</a> from testplugin.o(.text._ZN10TestPluginD2Ev) referenced from testplugin.o(.text._ZN14NullTestPlugin8instanceEv)
 <LI><a href="#[a6]">TestResult::addFailure(const TestFailure&)</a> from testresult.o(.text._ZN10TestResult10addFailureERK11TestFailure) referenced from testresult.o(.rodata._ZTV10TestResult)
 <LI><a href="#[a3]">TestResult::countCheck()</a> from testresult.o(.text._ZN10TestResult10countCheckEv) referenced from testresult.o(.rodata._ZTV10TestResult)
 <LI><a href="#[9c]">TestResult::testsEnded()</a> from testresult.o(.text._ZN10TestResult10testsEndedEv) referenced from testresult.o(.rodata._ZTV10TestResult)
 <LI><a href="#[a5]">TestResult::countIgnored()</a> from testresult.o(.text._ZN10TestResult12countIgnoredEv) referenced from testresult.o(.rodata._ZTV10TestResult)
 <LI><a href="#[9b]">TestResult::testsStarted()</a> from testresult.o(.text._ZN10TestResult12testsStartedEv) referenced from testresult.o(.rodata._ZTV10TestResult)
 <LI><a href="#[a4]">TestResult::countFilteredOut()</a> from testresult.o(.text._ZN10TestResult16countFilteredOutEv) referenced from testresult.o(.rodata._ZTV10TestResult)
 <LI><a href="#[a0]">TestResult::currentTestEnded(UtestShell*)</a> from testresult.o(.text._ZN10TestResult16currentTestEndedEP10UtestShell) referenced from testresult.o(.rodata._ZTV10TestResult)
 <LI><a href="#[a8]">TestResult::printVeryVerbose(const char*)</a> from testresult.o(.text._ZN10TestResult16printVeryVerboseEPKc) referenced from testresult.o(.rodata._ZTV10TestResult)
 <LI><a href="#[9e]">TestResult::currentGroupEnded(UtestShell*)</a> from testresult.o(.text._ZN10TestResult17currentGroupEndedEP10UtestShell) referenced from testresult.o(.rodata._ZTV10TestResult)
 <LI><a href="#[9f]">TestResult::currentTestStarted(UtestShell*)</a> from testresult.o(.text._ZN10TestResult18currentTestStartedEP10UtestShell) referenced from testresult.o(.rodata._ZTV10TestResult)
 <LI><a href="#[9d]">TestResult::currentGroupStarted(UtestShell*)</a> from testresult.o(.text._ZN10TestResult19currentGroupStartedEP10UtestShell) referenced from testresult.o(.rodata._ZTV10TestResult)
 <LI><a href="#[a7]">TestResult::print(const char*)</a> from testresult.o(.text._ZN10TestResult5printEPKc) referenced from testresult.o(.rodata._ZTV10TestResult)
 <LI><a href="#[a2]">TestResult::countRun()</a> from testresult.o(.text._ZN10TestResult8countRunEv) referenced from testresult.o(.rodata._ZTV10TestResult)
 <LI><a href="#[a1]">TestResult::countTest()</a> from testresult.o(.text._ZN10TestResult9countTestEv) referenced from testresult.o(.rodata._ZTV10TestResult)
 <LI><a href="#[9a]">TestResult::~TestResult__deallocating()</a> from testresult.o(.text._ZN10TestResultD0Ev) referenced from testresult.o(.rodata._ZTV10TestResult)
 <LI><a href="#[99]">TestResult::~TestResult__sub_object()</a> from testresult.o(.text._ZN10TestResultD2Ev) referenced from testresult.o(.rodata._ZTV10TestResult)
 <LI><a href="#[b0]">UtestShell::assertTrue(bool, const char*, const char*, const char*, const char*, unsigned, const TestTerminator&)</a> from utest.o(.text._ZN10UtestShell10assertTrueEbPKcS1_S1_S1_jRK14TestTerminator) referenced from utest.o(.rodata._ZTV10UtestShell)
 <LI><a href="#[b0]">UtestShell::assertTrue(bool, const char*, const char*, const char*, const char*, unsigned, const TestTerminator&)</a> from utest.o(.text._ZN10UtestShell10assertTrueEbPKcS1_S1_S1_jRK14TestTerminator) referenced from utest.o(.rodata._ZTV22OutsideTestRunnerUTest)
 <LI><a href="#[b0]">UtestShell::assertTrue(bool, const char*, const char*, const char*, const char*, unsigned, const TestTerminator&)</a> from utest.o(.text._ZN10UtestShell10assertTrueEbPKcS1_S1_S1_jRK14TestTerminator) referenced from pstring_test.o(.rodata._ZTV56TEST_PStringTestGroup_findDataAfterAcronimTest_TestShell)
 <LI><a href="#[b0]">UtestShell::assertTrue(bool, const char*, const char*, const char*, const char*, unsigned, const TestTerminator&)</a> from utest.o(.text._ZN10UtestShell10assertTrueEbPKcS1_S1_S1_jRK14TestTerminator) referenced from pstring_test.o(.rodata._ZTV57TEST_PStringTestGroup_findValueAfterAcronimTest_TestShell)
 <LI><a href="#[ac]">UtestShell::countTests()</a> from utest.o(.text._ZN10UtestShell10countTestsEv) referenced from utest.o(.rodata._ZTV10UtestShell)
 <LI><a href="#[ac]">UtestShell::countTests()</a> from utest.o(.text._ZN10UtestShell10countTestsEv) referenced from utest.o(.rodata._ZTV22OutsideTestRunnerUTest)
 <LI><a href="#[ac]">UtestShell::countTests()</a> from utest.o(.text._ZN10UtestShell10countTestsEv) referenced from pstring_test.o(.rodata._ZTV56TEST_PStringTestGroup_findDataAfterAcronimTest_TestShell)
 <LI><a href="#[ac]">UtestShell::countTests()</a> from utest.o(.text._ZN10UtestShell10countTestsEv) referenced from pstring_test.o(.rodata._ZTV57TEST_PStringTestGroup_findValueAfterAcronimTest_TestShell)
 <LI><a href="#[ca]">UtestShell::createTest()</a> from utest.o(.text._ZN10UtestShell10createTestEv) referenced from utest.o(.rodata._ZTV10UtestShell)
 <LI><a href="#[ca]">UtestShell::createTest()</a> from utest.o(.text._ZN10UtestShell10createTestEv) referenced from utest.o(.rodata._ZTV22OutsideTestRunnerUTest)
 <LI><a href="#[cc]">UtestShell::runOneTest(TestPlugin*, TestResult&)</a> from utest.o(.text._ZN10UtestShell10runOneTestEP10TestPluginR10TestResult) referenced from utest.o(.rodata._ZTV10UtestShell)
 <LI><a href="#[cc]">UtestShell::runOneTest(TestPlugin*, TestResult&)</a> from utest.o(.text._ZN10UtestShell10runOneTestEP10TestPluginR10TestResult) referenced from utest.o(.rodata._ZTV22OutsideTestRunnerUTest)
 <LI><a href="#[cc]">UtestShell::runOneTest(TestPlugin*, TestResult&)</a> from utest.o(.text._ZN10UtestShell10runOneTestEP10TestPluginR10TestResult) referenced from pstring_test.o(.rodata._ZTV56TEST_PStringTestGroup_findDataAfterAcronimTest_TestShell)
 <LI><a href="#[cc]">UtestShell::runOneTest(TestPlugin*, TestResult&)</a> from utest.o(.text._ZN10UtestShell10runOneTestEP10TestPluginR10TestResult) referenced from pstring_test.o(.rodata._ZTV57TEST_PStringTestGroup_findValueAfterAcronimTest_TestShell)
 <LI><a href="#[cb]">UtestShell::destroyTest(Utest*)</a> from utest.o(.text._ZN10UtestShell11destroyTestEP5Utest) referenced from utest.o(.rodata._ZTV10UtestShell)
 <LI><a href="#[cb]">UtestShell::destroyTest(Utest*)</a> from utest.o(.text._ZN10UtestShell11destroyTestEP5Utest) referenced from utest.o(.rodata._ZTV22OutsideTestRunnerUTest)
 <LI><a href="#[cb]">UtestShell::destroyTest(Utest*)</a> from utest.o(.text._ZN10UtestShell11destroyTestEP5Utest) referenced from pstring_test.o(.rodata._ZTV56TEST_PStringTestGroup_findDataAfterAcronimTest_TestShell)
 <LI><a href="#[cb]">UtestShell::destroyTest(Utest*)</a> from utest.o(.text._ZN10UtestShell11destroyTestEP5Utest) referenced from pstring_test.o(.rodata._ZTV57TEST_PStringTestGroup_findValueAfterAcronimTest_TestShell)
 <LI><a href="#[be]">UtestShell::assertEquals(bool, const char*, const char*, const char*, const char*, unsigned, const TestTerminator&)</a> from utest.o(.text._ZN10UtestShell12assertEqualsEbPKcS1_S1_S1_jRK14TestTerminator) referenced from utest.o(.rodata._ZTV10UtestShell)
 <LI><a href="#[be]">UtestShell::assertEquals(bool, const char*, const char*, const char*, const char*, unsigned, const TestTerminator&)</a> from utest.o(.text._ZN10UtestShell12assertEqualsEbPKcS1_S1_S1_jRK14TestTerminator) referenced from utest.o(.rodata._ZTV22OutsideTestRunnerUTest)
 <LI><a href="#[be]">UtestShell::assertEquals(bool, const char*, const char*, const char*, const char*, unsigned, const TestTerminator&)</a> from utest.o(.text._ZN10UtestShell12assertEqualsEbPKcS1_S1_S1_jRK14TestTerminator) referenced from pstring_test.o(.rodata._ZTV56TEST_PStringTestGroup_findDataAfterAcronimTest_TestShell)
 <LI><a href="#[be]">UtestShell::assertEquals(bool, const char*, const char*, const char*, const char*, unsigned, const TestTerminator&)</a> from utest.o(.text._ZN10UtestShell12assertEqualsEbPKcS1_S1_S1_jRK14TestTerminator) referenced from pstring_test.o(.rodata._ZTV57TEST_PStringTestGroup_findValueAfterAcronimTest_TestShell)
 <LI><a href="#[c1]">UtestShell::assertCompare(bool, const char*, const char*, const char*, const char*, unsigned, const TestTerminator&)</a> from utest.o(.text._ZN10UtestShell13assertCompareEbPKcS1_S1_S1_jRK14TestTerminator) referenced from utest.o(.rodata._ZTV10UtestShell)
 <LI><a href="#[c1]">UtestShell::assertCompare(bool, const char*, const char*, const char*, const char*, unsigned, const TestTerminator&)</a> from utest.o(.text._ZN10UtestShell13assertCompareEbPKcS1_S1_S1_jRK14TestTerminator) referenced from utest.o(.rodata._ZTV22OutsideTestRunnerUTest)
 <LI><a href="#[c1]">UtestShell::assertCompare(bool, const char*, const char*, const char*, const char*, unsigned, const TestTerminator&)</a> from utest.o(.text._ZN10UtestShell13assertCompareEbPKcS1_S1_S1_jRK14TestTerminator) referenced from pstring_test.o(.rodata._ZTV56TEST_PStringTestGroup_findDataAfterAcronimTest_TestShell)
 <LI><a href="#[c1]">UtestShell::assertCompare(bool, const char*, const char*, const char*, const char*, unsigned, const TestTerminator&)</a> from utest.o(.text._ZN10UtestShell13assertCompareEbPKcS1_S1_S1_jRK14TestTerminator) referenced from pstring_test.o(.rodata._ZTV57TEST_PStringTestGroup_findValueAfterAcronimTest_TestShell)
 <LI><a href="#[c9]">UtestShell::setRunIgnored()</a> from utest.o(.text._ZN10UtestShell13setRunIgnoredEv) referenced from utest.o(.rodata._ZTV10UtestShell)
 <LI><a href="#[c9]">UtestShell::setRunIgnored()</a> from utest.o(.text._ZN10UtestShell13setRunIgnoredEv) referenced from utest.o(.rodata._ZTV22OutsideTestRunnerUTest)
 <LI><a href="#[c9]">UtestShell::setRunIgnored()</a> from utest.o(.text._ZN10UtestShell13setRunIgnoredEv) referenced from pstring_test.o(.rodata._ZTV56TEST_PStringTestGroup_findDataAfterAcronimTest_TestShell)
 <LI><a href="#[c9]">UtestShell::setRunIgnored()</a> from utest.o(.text._ZN10UtestShell13setRunIgnoredEv) referenced from pstring_test.o(.rodata._ZTV57TEST_PStringTestGroup_findValueAfterAcronimTest_TestShell)
 <LI><a href="#[c0]">UtestShell::assertBitsEqual(unsigned long, unsigned long, unsigned long, unsigned, const char*, const char*, unsigned, const TestTerminator&)</a> from utest.o(.text._ZN10UtestShell15assertBitsEqualEmmmjPKcS1_jRK14TestTerminator) referenced from utest.o(.rodata._ZTV10UtestShell)
 <LI><a href="#[c0]">UtestShell::assertBitsEqual(unsigned long, unsigned long, unsigned long, unsigned, const char*, const char*, unsigned, const TestTerminator&)</a> from utest.o(.text._ZN10UtestShell15assertBitsEqualEmmmjPKcS1_jRK14TestTerminator) referenced from utest.o(.rodata._ZTV22OutsideTestRunnerUTest)
 <LI><a href="#[c0]">UtestShell::assertBitsEqual(unsigned long, unsigned long, unsigned long, unsigned, const char*, const char*, unsigned, const TestTerminator&)</a> from utest.o(.text._ZN10UtestShell15assertBitsEqualEmmmjPKcS1_jRK14TestTerminator) referenced from pstring_test.o(.rodata._ZTV56TEST_PStringTestGroup_findDataAfterAcronimTest_TestShell)
 <LI><a href="#[c0]">UtestShell::assertBitsEqual(unsigned long, unsigned long, unsigned long, unsigned, const char*, const char*, unsigned, const TestTerminator&)</a> from utest.o(.text._ZN10UtestShell15assertBitsEqualEmmmjPKcS1_jRK14TestTerminator) referenced from pstring_test.o(.rodata._ZTV57TEST_PStringTestGroup_findValueAfterAcronimTest_TestShell)
 <LI><a href="#[b1]">UtestShell::assertCstrEqual(const char*, const char*, const char*, const char*, unsigned, const TestTerminator&)</a> from utest.o(.text._ZN10UtestShell15assertCstrEqualEPKcS1_S1_S1_jRK14TestTerminator) referenced from utest.o(.rodata._ZTV10UtestShell)
 <LI><a href="#[b1]">UtestShell::assertCstrEqual(const char*, const char*, const char*, const char*, unsigned, const TestTerminator&)</a> from utest.o(.text._ZN10UtestShell15assertCstrEqualEPKcS1_S1_S1_jRK14TestTerminator) referenced from utest.o(.rodata._ZTV22OutsideTestRunnerUTest)
 <LI><a href="#[b1]">UtestShell::assertCstrEqual(const char*, const char*, const char*, const char*, unsigned, const TestTerminator&)</a> from utest.o(.text._ZN10UtestShell15assertCstrEqualEPKcS1_S1_S1_jRK14TestTerminator) referenced from pstring_test.o(.rodata._ZTV56TEST_PStringTestGroup_findDataAfterAcronimTest_TestShell)
 <LI><a href="#[b1]">UtestShell::assertCstrEqual(const char*, const char*, const char*, const char*, unsigned, const TestTerminator&)</a> from utest.o(.text._ZN10UtestShell15assertCstrEqualEPKcS1_S1_S1_jRK14TestTerminator) referenced from pstring_test.o(.rodata._ZTV57TEST_PStringTestGroup_findValueAfterAcronimTest_TestShell)
 <LI><a href="#[b2]">UtestShell::assertCstrNEqual(const char*, const char*, unsigned, const char*, const char*, unsigned, const TestTerminator&)</a> from utest.o(.text._ZN10UtestShell16assertCstrNEqualEPKcS1_jS1_S1_jRK14TestTerminator) referenced from utest.o(.rodata._ZTV10UtestShell)
 <LI><a href="#[b2]">UtestShell::assertCstrNEqual(const char*, const char*, unsigned, const char*, const char*, unsigned, const TestTerminator&)</a> from utest.o(.text._ZN10UtestShell16assertCstrNEqualEPKcS1_jS1_S1_jRK14TestTerminator) referenced from utest.o(.rodata._ZTV22OutsideTestRunnerUTest)
 <LI><a href="#[b2]">UtestShell::assertCstrNEqual(const char*, const char*, unsigned, const char*, const char*, unsigned, const TestTerminator&)</a> from utest.o(.text._ZN10UtestShell16assertCstrNEqualEPKcS1_jS1_S1_jRK14TestTerminator) referenced from pstring_test.o(.rodata._ZTV56TEST_PStringTestGroup_findDataAfterAcronimTest_TestShell)
 <LI><a href="#[b2]">UtestShell::assertCstrNEqual(const char*, const char*, unsigned, const char*, const char*, unsigned, const TestTerminator&)</a> from utest.o(.text._ZN10UtestShell16assertCstrNEqualEPKcS1_jS1_S1_jRK14TestTerminator) referenced from pstring_test.o(.rodata._ZTV57TEST_PStringTestGroup_findValueAfterAcronimTest_TestShell)
 <LI><a href="#[b6]">UtestShell::assertLongsEqual(long, long, const char*, const char*, unsigned, const TestTerminator&)</a> from utest.o(.text._ZN10UtestShell16assertLongsEqualEllPKcS1_jRK14TestTerminator) referenced from utest.o(.rodata._ZTV10UtestShell)
 <LI><a href="#[b6]">UtestShell::assertLongsEqual(long, long, const char*, const char*, unsigned, const TestTerminator&)</a> from utest.o(.text._ZN10UtestShell16assertLongsEqualEllPKcS1_jRK14TestTerminator) referenced from utest.o(.rodata._ZTV22OutsideTestRunnerUTest)
 <LI><a href="#[b6]">UtestShell::assertLongsEqual(long, long, const char*, const char*, unsigned, const TestTerminator&)</a> from utest.o(.text._ZN10UtestShell16assertLongsEqualEllPKcS1_jRK14TestTerminator) referenced from pstring_test.o(.rodata._ZTV56TEST_PStringTestGroup_findDataAfterAcronimTest_TestShell)
 <LI><a href="#[b6]">UtestShell::assertLongsEqual(long, long, const char*, const char*, unsigned, const TestTerminator&)</a> from utest.o(.text._ZN10UtestShell16assertLongsEqualEllPKcS1_jRK14TestTerminator) referenced from pstring_test.o(.rodata._ZTV57TEST_PStringTestGroup_findValueAfterAcronimTest_TestShell)
 <LI><a href="#[c6]">UtestShell::printVeryVerbose(const char*)</a> from utest.o(.text._ZN10UtestShell16printVeryVerboseEPKc) referenced from utest.o(.rodata._ZTV10UtestShell)
 <LI><a href="#[c6]">UtestShell::printVeryVerbose(const char*)</a> from utest.o(.text._ZN10UtestShell16printVeryVerboseEPKc) referenced from utest.o(.rodata._ZTV22OutsideTestRunnerUTest)
 <LI><a href="#[c6]">UtestShell::printVeryVerbose(const char*)</a> from utest.o(.text._ZN10UtestShell16printVeryVerboseEPKc) referenced from pstring_test.o(.rodata._ZTV56TEST_PStringTestGroup_findDataAfterAcronimTest_TestShell)
 <LI><a href="#[c6]">UtestShell::printVeryVerbose(const char*)</a> from utest.o(.text._ZN10UtestShell16printVeryVerboseEPKc) referenced from pstring_test.o(.rodata._ZTV57TEST_PStringTestGroup_findValueAfterAcronimTest_TestShell)
 <LI><a href="#[bf]">UtestShell::assertBinaryEqual(const void*, const void*, unsigned, const char*, const char*, unsigned, const TestTerminator&)</a> from utest.o(.text._ZN10UtestShell17assertBinaryEqualEPKvS1_jPKcS3_jRK14TestTerminator) referenced from utest.o(.rodata._ZTV10UtestShell)
 <LI><a href="#[bf]">UtestShell::assertBinaryEqual(const void*, const void*, unsigned, const char*, const char*, unsigned, const TestTerminator&)</a> from utest.o(.text._ZN10UtestShell17assertBinaryEqualEPKvS1_jPKcS3_jRK14TestTerminator) referenced from utest.o(.rodata._ZTV22OutsideTestRunnerUTest)
 <LI><a href="#[bf]">UtestShell::assertBinaryEqual(const void*, const void*, unsigned, const char*, const char*, unsigned, const TestTerminator&)</a> from utest.o(.text._ZN10UtestShell17assertBinaryEqualEPKvS1_jPKcS3_jRK14TestTerminator) referenced from pstring_test.o(.rodata._ZTV56TEST_PStringTestGroup_findDataAfterAcronimTest_TestShell)
 <LI><a href="#[bf]">UtestShell::assertBinaryEqual(const void*, const void*, unsigned, const char*, const char*, unsigned, const TestTerminator&)</a> from utest.o(.text._ZN10UtestShell17assertBinaryEqualEPKvS1_jPKcS3_jRK14TestTerminator) referenced from pstring_test.o(.rodata._ZTV57TEST_PStringTestGroup_findValueAfterAcronimTest_TestShell)
 <LI><a href="#[b4]">UtestShell::assertCstrContains(const char*, const char*, const char*, const char*, unsigned)</a> from utest.o(.text._ZN10UtestShell18assertCstrContainsEPKcS1_S1_S1_j) referenced from utest.o(.rodata._ZTV10UtestShell)
 <LI><a href="#[b4]">UtestShell::assertCstrContains(const char*, const char*, const char*, const char*, unsigned)</a> from utest.o(.text._ZN10UtestShell18assertCstrContainsEPKcS1_S1_S1_j) referenced from utest.o(.rodata._ZTV22OutsideTestRunnerUTest)
 <LI><a href="#[b4]">UtestShell::assertCstrContains(const char*, const char*, const char*, const char*, unsigned)</a> from utest.o(.text._ZN10UtestShell18assertCstrContainsEPKcS1_S1_S1_j) referenced from pstring_test.o(.rodata._ZTV56TEST_PStringTestGroup_findDataAfterAcronimTest_TestShell)
 <LI><a href="#[b4]">UtestShell::assertCstrContains(const char*, const char*, const char*, const char*, unsigned)</a> from utest.o(.text._ZN10UtestShell18assertCstrContainsEPKcS1_S1_S1_j) referenced from pstring_test.o(.rodata._ZTV57TEST_PStringTestGroup_findValueAfterAcronimTest_TestShell)
 <LI><a href="#[bd]">UtestShell::assertDoublesEqual(double, double, double, const char*, const char*, unsigned, const TestTerminator&)</a> from utest.o(.text._ZN10UtestShell18assertDoublesEqualEdddPKcS1_jRK14TestTerminator) referenced from utest.o(.rodata._ZTV10UtestShell)
 <LI><a href="#[bd]">UtestShell::assertDoublesEqual(double, double, double, const char*, const char*, unsigned, const TestTerminator&)</a> from utest.o(.text._ZN10UtestShell18assertDoublesEqualEdddPKcS1_jRK14TestTerminator) referenced from utest.o(.rodata._ZTV22OutsideTestRunnerUTest)
 <LI><a href="#[bd]">UtestShell::assertDoublesEqual(double, double, double, const char*, const char*, unsigned, const TestTerminator&)</a> from utest.o(.text._ZN10UtestShell18assertDoublesEqualEdddPKcS1_jRK14TestTerminator) referenced from pstring_test.o(.rodata._ZTV56TEST_PStringTestGroup_findDataAfterAcronimTest_TestShell)
 <LI><a href="#[bd]">UtestShell::assertDoublesEqual(double, double, double, const char*, const char*, unsigned, const TestTerminator&)</a> from utest.o(.text._ZN10UtestShell18assertDoublesEqualEdddPKcS1_jRK14TestTerminator) referenced from pstring_test.o(.rodata._ZTV57TEST_PStringTestGroup_findValueAfterAcronimTest_TestShell)
 <LI><a href="#[bb]">UtestShell::assertPointersEqual(const void*, const void*, const char*, const char*, unsigned, const TestTerminator&)</a> from utest.o(.text._ZN10UtestShell19assertPointersEqualEPKvS1_PKcS3_jRK14TestTerminator) referenced from utest.o(.rodata._ZTV10UtestShell)
 <LI><a href="#[bb]">UtestShell::assertPointersEqual(const void*, const void*, const char*, const char*, unsigned, const TestTerminator&)</a> from utest.o(.text._ZN10UtestShell19assertPointersEqualEPKvS1_PKcS3_jRK14TestTerminator) referenced from utest.o(.rodata._ZTV22OutsideTestRunnerUTest)
 <LI><a href="#[bb]">UtestShell::assertPointersEqual(const void*, const void*, const char*, const char*, unsigned, const TestTerminator&)</a> from utest.o(.text._ZN10UtestShell19assertPointersEqualEPKvS1_PKcS3_jRK14TestTerminator) referenced from pstring_test.o(.rodata._ZTV56TEST_PStringTestGroup_findDataAfterAcronimTest_TestShell)
 <LI><a href="#[bb]">UtestShell::assertPointersEqual(const void*, const void*, const char*, const char*, unsigned, const TestTerminator&)</a> from utest.o(.text._ZN10UtestShell19assertPointersEqualEPKvS1_PKcS3_jRK14TestTerminator) referenced from pstring_test.o(.rodata._ZTV57TEST_PStringTestGroup_findValueAfterAcronimTest_TestShell)
 <LI><a href="#[b8]">UtestShell::assertLongLongsEqual(long long, long long, const char*, const char*, unsigned, const TestTerminator&)</a> from utest.o(.text._ZN10UtestShell20assertLongLongsEqualExxPKcS1_jRK14TestTerminator) referenced from utest.o(.rodata._ZTV10UtestShell)
 <LI><a href="#[b8]">UtestShell::assertLongLongsEqual(long long, long long, const char*, const char*, unsigned, const TestTerminator&)</a> from utest.o(.text._ZN10UtestShell20assertLongLongsEqualExxPKcS1_jRK14TestTerminator) referenced from utest.o(.rodata._ZTV22OutsideTestRunnerUTest)
 <LI><a href="#[b8]">UtestShell::assertLongLongsEqual(long long, long long, const char*, const char*, unsigned, const TestTerminator&)</a> from utest.o(.text._ZN10UtestShell20assertLongLongsEqualExxPKcS1_jRK14TestTerminator) referenced from pstring_test.o(.rodata._ZTV56TEST_PStringTestGroup_findDataAfterAcronimTest_TestShell)
 <LI><a href="#[b8]">UtestShell::assertLongLongsEqual(long long, long long, const char*, const char*, unsigned, const TestTerminator&)</a> from utest.o(.text._ZN10UtestShell20assertLongLongsEqualExxPKcS1_jRK14TestTerminator) referenced from pstring_test.o(.rodata._ZTV57TEST_PStringTestGroup_findValueAfterAcronimTest_TestShell)
 <LI><a href="#[b3]">UtestShell::assertCstrNoCaseEqual(const char*, const char*, const char*, const char*, unsigned)</a> from utest.o(.text._ZN10UtestShell21assertCstrNoCaseEqualEPKcS1_S1_S1_j) referenced from utest.o(.rodata._ZTV10UtestShell)
 <LI><a href="#[b3]">UtestShell::assertCstrNoCaseEqual(const char*, const char*, const char*, const char*, unsigned)</a> from utest.o(.text._ZN10UtestShell21assertCstrNoCaseEqualEPKcS1_S1_S1_j) referenced from utest.o(.rodata._ZTV22OutsideTestRunnerUTest)
 <LI><a href="#[b3]">UtestShell::assertCstrNoCaseEqual(const char*, const char*, const char*, const char*, unsigned)</a> from utest.o(.text._ZN10UtestShell21assertCstrNoCaseEqualEPKcS1_S1_S1_j) referenced from pstring_test.o(.rodata._ZTV56TEST_PStringTestGroup_findDataAfterAcronimTest_TestShell)
 <LI><a href="#[b3]">UtestShell::assertCstrNoCaseEqual(const char*, const char*, const char*, const char*, unsigned)</a> from utest.o(.text._ZN10UtestShell21assertCstrNoCaseEqualEPKcS1_S1_S1_j) referenced from pstring_test.o(.rodata._ZTV57TEST_PStringTestGroup_findValueAfterAcronimTest_TestShell)
 <LI><a href="#[ba]">UtestShell::assertSignedBytesEqual(signed char, signed char, const char*, const char*, unsigned, const TestTerminator&)</a> from utest.o(.text._ZN10UtestShell22assertSignedBytesEqualEaaPKcS1_jRK14TestTerminator) referenced from utest.o(.rodata._ZTV10UtestShell)
 <LI><a href="#[ba]">UtestShell::assertSignedBytesEqual(signed char, signed char, const char*, const char*, unsigned, const TestTerminator&)</a> from utest.o(.text._ZN10UtestShell22assertSignedBytesEqualEaaPKcS1_jRK14TestTerminator) referenced from utest.o(.rodata._ZTV22OutsideTestRunnerUTest)
 <LI><a href="#[ba]">UtestShell::assertSignedBytesEqual(signed char, signed char, const char*, const char*, unsigned, const TestTerminator&)</a> from utest.o(.text._ZN10UtestShell22assertSignedBytesEqualEaaPKcS1_jRK14TestTerminator) referenced from pstring_test.o(.rodata._ZTV56TEST_PStringTestGroup_findDataAfterAcronimTest_TestShell)
 <LI><a href="#[ba]">UtestShell::assertSignedBytesEqual(signed char, signed char, const char*, const char*, unsigned, const TestTerminator&)</a> from utest.o(.text._ZN10UtestShell22assertSignedBytesEqualEaaPKcS1_jRK14TestTerminator) referenced from pstring_test.o(.rodata._ZTV57TEST_PStringTestGroup_findValueAfterAcronimTest_TestShell)
 <LI><a href="#[c8]">UtestShell::setRunInSeperateProcess()</a> from utest.o(.text._ZN10UtestShell23setRunInSeperateProcessEv) referenced from utest.o(.rodata._ZTV10UtestShell)
 <LI><a href="#[c8]">UtestShell::setRunInSeperateProcess()</a> from utest.o(.text._ZN10UtestShell23setRunInSeperateProcessEv) referenced from utest.o(.rodata._ZTV22OutsideTestRunnerUTest)
 <LI><a href="#[c8]">UtestShell::setRunInSeperateProcess()</a> from utest.o(.text._ZN10UtestShell23setRunInSeperateProcessEv) referenced from pstring_test.o(.rodata._ZTV56TEST_PStringTestGroup_findDataAfterAcronimTest_TestShell)
 <LI><a href="#[c8]">UtestShell::setRunInSeperateProcess()</a> from utest.o(.text._ZN10UtestShell23setRunInSeperateProcessEv) referenced from pstring_test.o(.rodata._ZTV57TEST_PStringTestGroup_findValueAfterAcronimTest_TestShell)
 <LI><a href="#[b5]">UtestShell::assertCstrNoCaseContains(const char*, const char*, const char*, const char*, unsigned)</a> from utest.o(.text._ZN10UtestShell24assertCstrNoCaseContainsEPKcS1_S1_S1_j) referenced from utest.o(.rodata._ZTV10UtestShell)
 <LI><a href="#[b5]">UtestShell::assertCstrNoCaseContains(const char*, const char*, const char*, const char*, unsigned)</a> from utest.o(.text._ZN10UtestShell24assertCstrNoCaseContainsEPKcS1_S1_S1_j) referenced from utest.o(.rodata._ZTV22OutsideTestRunnerUTest)
 <LI><a href="#[b5]">UtestShell::assertCstrNoCaseContains(const char*, const char*, const char*, const char*, unsigned)</a> from utest.o(.text._ZN10UtestShell24assertCstrNoCaseContainsEPKcS1_S1_S1_j) referenced from pstring_test.o(.rodata._ZTV56TEST_PStringTestGroup_findDataAfterAcronimTest_TestShell)
 <LI><a href="#[b5]">UtestShell::assertCstrNoCaseContains(const char*, const char*, const char*, const char*, unsigned)</a> from utest.o(.text._ZN10UtestShell24assertCstrNoCaseContainsEPKcS1_S1_S1_j) referenced from pstring_test.o(.rodata._ZTV57TEST_PStringTestGroup_findValueAfterAcronimTest_TestShell)
 <LI><a href="#[b7]">UtestShell::assertUnsignedLongsEqual(unsigned long, unsigned long, const char*, const char*, unsigned, const TestTerminator&)</a> from utest.o(.text._ZN10UtestShell24assertUnsignedLongsEqualEmmPKcS1_jRK14TestTerminator) referenced from utest.o(.rodata._ZTV10UtestShell)
 <LI><a href="#[b7]">UtestShell::assertUnsignedLongsEqual(unsigned long, unsigned long, const char*, const char*, unsigned, const TestTerminator&)</a> from utest.o(.text._ZN10UtestShell24assertUnsignedLongsEqualEmmPKcS1_jRK14TestTerminator) referenced from utest.o(.rodata._ZTV22OutsideTestRunnerUTest)
 <LI><a href="#[b7]">UtestShell::assertUnsignedLongsEqual(unsigned long, unsigned long, const char*, const char*, unsigned, const TestTerminator&)</a> from utest.o(.text._ZN10UtestShell24assertUnsignedLongsEqualEmmPKcS1_jRK14TestTerminator) referenced from pstring_test.o(.rodata._ZTV56TEST_PStringTestGroup_findDataAfterAcronimTest_TestShell)
 <LI><a href="#[b7]">UtestShell::assertUnsignedLongsEqual(unsigned long, unsigned long, const char*, const char*, unsigned, const TestTerminator&)</a> from utest.o(.text._ZN10UtestShell24assertUnsignedLongsEqualEmmPKcS1_jRK14TestTerminator) referenced from pstring_test.o(.rodata._ZTV57TEST_PStringTestGroup_findValueAfterAcronimTest_TestShell)
 <LI><a href="#[cd]">UtestShell::runOneTestInCurrentProcess(TestPlugin*, TestResult&)</a> from utest.o(.text._ZN10UtestShell26runOneTestInCurrentProcessEP10TestPluginR10TestResult) referenced from utest.o(.rodata._ZTV10UtestShell)
 <LI><a href="#[cd]">UtestShell::runOneTestInCurrentProcess(TestPlugin*, TestResult&)</a> from utest.o(.text._ZN10UtestShell26runOneTestInCurrentProcessEP10TestPluginR10TestResult) referenced from utest.o(.rodata._ZTV22OutsideTestRunnerUTest)
 <LI><a href="#[cd]">UtestShell::runOneTestInCurrentProcess(TestPlugin*, TestResult&)</a> from utest.o(.text._ZN10UtestShell26runOneTestInCurrentProcessEP10TestPluginR10TestResult) referenced from pstring_test.o(.rodata._ZTV56TEST_PStringTestGroup_findDataAfterAcronimTest_TestShell)
 <LI><a href="#[cd]">UtestShell::runOneTestInCurrentProcess(TestPlugin*, TestResult&)</a> from utest.o(.text._ZN10UtestShell26runOneTestInCurrentProcessEP10TestPluginR10TestResult) referenced from pstring_test.o(.rodata._ZTV57TEST_PStringTestGroup_findValueAfterAcronimTest_TestShell)
 <LI><a href="#[bc]">UtestShell::assertFunctionPointersEqual(void(*)(), void(*)(), const char*, const char*, unsigned, const TestTerminator&)</a> from utest.o(.text._ZN10UtestShell27assertFunctionPointersEqualEPFvvES1_PKcS3_jRK14TestTerminator) referenced from utest.o(.rodata._ZTV10UtestShell)
 <LI><a href="#[bc]">UtestShell::assertFunctionPointersEqual(void(*)(), void(*)(), const char*, const char*, unsigned, const TestTerminator&)</a> from utest.o(.text._ZN10UtestShell27assertFunctionPointersEqualEPFvvES1_PKcS3_jRK14TestTerminator) referenced from utest.o(.rodata._ZTV22OutsideTestRunnerUTest)
[...]
</UL>
<P><STRONG><a name="[69]"></a>_ZL25normal_operator_new_arrayj</STRONG> (Thumb, 8 bytes, Stack size 0 bytes, memoryleakwarningplugin.o(.text._ZL25normal_operator_new_arrayj))
<BR>[Address Reference Count : 1]<UL><LI> memoryleakwarningplugin.o(.text._ZN23MemoryLeakWarningPlugin25turnOffNewDeleteOverloadsEv)
</UL>
<P><STRONG><a name="[6a]"></a>_ZL25normal_operator_new_debugjPKcj</STRONG> (Thumb, 8 bytes, Stack size 0 bytes, memoryleakwarningplugin.o(.text._ZL25normal_operator_new_debugjPKcj))
<BR>[Address Reference Count : 1]<UL><LI> memoryleakwarningplugin.o(.text._ZN23MemoryLeakWarningPlugin25turnOffNewDeleteOverloadsEv)
</UL>
<P><STRONG><a name="[18e]"></a>_ZL27mem_leak_operator_new_arrayj</STRONG> (Thumb, 30 bytes, Stack size 16 bytes, memoryleakwarningplugin.o(.text._ZL27mem_leak_operator_new_arrayj))
<BR><BR>[Stack]<UL><LI>Max Depth = 120 + Unknown Stack Size
<LI>Call Chain = _ZL27mem_leak_operator_new_arrayj &rArr; getCurrentNewArrayAllocator() &rArr; setCurrentNewArrayAllocatorToDefault() &rArr; defaultNewArrayAllocator() &rArr; __cxa_atexit &rArr; __aeabi_atexit &rArr; malloc &rArr; __Heap_Full &rArr; __Heap_ProvideMemory &rArr; free
</UL>
<BR>[Calls]<UL><LI><a href="#[288]">&gt;&gt;</a>&nbsp;&nbsp;&nbsp;MemoryLeakWarningPlugin::getGlobalDetector()
<LI><a href="#[28d]">&gt;&gt;</a>&nbsp;&nbsp;&nbsp;MemoryLeakDetector::allocMemory(TestMemoryAllocator*, unsigned, bool)
<LI><a href="#[281]">&gt;&gt;</a>&nbsp;&nbsp;&nbsp;getCurrentNewArrayAllocator()
</UL>
<BR>[Address Reference Count : 1]<UL><LI> memoryleakwarningplugin.o(.data..L_MergedGlobals)
</UL>
<P><STRONG><a name="[18c]"></a>_ZL27mem_leak_operator_new_debugjPKcj</STRONG> (Thumb, 38 bytes, Stack size 32 bytes, memoryleakwarningplugin.o(.text._ZL27mem_leak_operator_new_debugjPKcj))
<BR><BR>[Stack]<UL><LI>Max Depth = 136 + Unknown Stack Size
<LI>Call Chain = _ZL27mem_leak_operator_new_debugjPKcj &rArr; getCurrentNewAllocator() &rArr; setCurrentNewAllocatorToDefault() &rArr; defaultNewAllocator() &rArr; __cxa_atexit &rArr; __aeabi_atexit &rArr; malloc &rArr; __Heap_Full &rArr; __Heap_ProvideMemory &rArr; free
</UL>
<BR>[Calls]<UL><LI><a href="#[288]">&gt;&gt;</a>&nbsp;&nbsp;&nbsp;MemoryLeakWarningPlugin::getGlobalDetector()
<LI><a href="#[28b]">&gt;&gt;</a>&nbsp;&nbsp;&nbsp;MemoryLeakDetector::allocMemory(TestMemoryAllocator*, unsigned, const char*, unsigned, bool)
<LI><a href="#[279]">&gt;&gt;</a>&nbsp;&nbsp;&nbsp;getCurrentNewAllocator()
</UL>
<BR>[Address Reference Count : 1]<UL><LI> memoryleakwarningplugin.o(.data..L_MergedGlobals)
</UL>
<P><STRONG><a name="[66]"></a>_ZL27normal_operator_new_nothrowj</STRONG> (Thumb, 8 bytes, Stack size 0 bytes, memoryleakwarningplugin.o(.text._ZL27normal_operator_new_nothrowj))
<BR>[Address Reference Count : 1]<UL><LI> memoryleakwarningplugin.o(.text._ZN23MemoryLeakWarningPlugin25turnOffNewDeleteOverloadsEv)
</UL>
<P><STRONG><a name="[6c]"></a>_ZL28normal_operator_delete_arrayPv</STRONG> (Thumb, 12 bytes, Stack size 0 bytes, memoryleakwarningplugin.o(.text._ZL28normal_operator_delete_arrayPv))
<BR>[Address Reference Count : 1]<UL><LI> memoryleakwarningplugin.o(.text._ZN23MemoryLeakWarningPlugin25turnOffNewDeleteOverloadsEv)
</UL>
<P><STRONG><a name="[191]"></a>_ZL29mem_leak_operator_new_nothrowj</STRONG> (Thumb, 30 bytes, Stack size 16 bytes, memoryleakwarningplugin.o(.text._ZL29mem_leak_operator_new_nothrowj))
<BR><BR>[Stack]<UL><LI>Max Depth = 120 + Unknown Stack Size
<LI>Call Chain = _ZL29mem_leak_operator_new_nothrowj &rArr; getCurrentNewAllocator() &rArr; setCurrentNewAllocatorToDefault() &rArr; defaultNewAllocator() &rArr; __cxa_atexit &rArr; __aeabi_atexit &rArr; malloc &rArr; __Heap_Full &rArr; __Heap_ProvideMemory &rArr; free
</UL>
<BR>[Calls]<UL><LI><a href="#[288]">&gt;&gt;</a>&nbsp;&nbsp;&nbsp;MemoryLeakWarningPlugin::getGlobalDetector()
<LI><a href="#[28d]">&gt;&gt;</a>&nbsp;&nbsp;&nbsp;MemoryLeakDetector::allocMemory(TestMemoryAllocator*, unsigned, bool)
<LI><a href="#[279]">&gt;&gt;</a>&nbsp;&nbsp;&nbsp;getCurrentNewAllocator()
</UL>
<BR>[Address Reference Count : 1]<UL><LI> memoryleakwarningplugin.o(.data..L_MergedGlobals)
</UL>
<P><STRONG><a name="[190]"></a>_ZL30mem_leak_operator_delete_arrayPv</STRONG> (Thumb, 40 bytes, Stack size 16 bytes, memoryleakwarningplugin.o(.text._ZL30mem_leak_operator_delete_arrayPv))
<BR><BR>[Stack]<UL><LI>Max Depth = 256 + Unknown Stack Size
<LI>Call Chain = _ZL30mem_leak_operator_delete_arrayPv &rArr; MemoryLeakDetector::deallocMemory(TestMemoryAllocator*, void*, bool) &rArr; MemoryLeakDetector::deallocMemory(TestMemoryAllocator*, void*, const char*, unsigned, bool) &rArr; MemoryLeakDetector::checkForCorruption(MemoryLeakDetectorNode*, const char*, unsigned, TestMemoryAllocator*, bool) &rArr; MemoryLeakOutputStringBuffer::reportAllocationDeallocationMismatchFailure(MemoryLeakDetectorNode*, const char*, unsigned, TestMemoryAllocator*, MemoryLeakFailure*) &rArr; MemoryLeakOutputStringBuffer::reportFailure(const char*, const char*, unsigned, unsigned, TestMemoryAllocator*, const char*, unsigned, TestMemoryAllocator*, MemoryLeakFailure*) &rArr; MemoryLeakOutputStringBuffer::addAllocationLocation(const char*, unsigned, unsigned, TestMemoryAllocator*) &rArr; SimpleStringBuffer::add(const char*, ...)
</UL>
<BR>[Calls]<UL><LI><a href="#[288]">&gt;&gt;</a>&nbsp;&nbsp;&nbsp;MemoryLeakWarningPlugin::getGlobalDetector()
<LI><a href="#[289]">&gt;&gt;</a>&nbsp;&nbsp;&nbsp;MemoryLeakDetector::invalidateMemory(char*)
<LI><a href="#[290]">&gt;&gt;</a>&nbsp;&nbsp;&nbsp;MemoryLeakDetector::deallocMemory(TestMemoryAllocator*, void*, bool)
<LI><a href="#[281]">&gt;&gt;</a>&nbsp;&nbsp;&nbsp;getCurrentNewArrayAllocator()
</UL>
<BR>[Address Reference Count : 1]<UL><LI> memoryleakwarningplugin.o(.data..L_MergedGlobals)
</UL>
<P><STRONG><a name="[6b]"></a>_ZL31normal_operator_new_array_debugjPKcj</STRONG> (Thumb, 8 bytes, Stack size 0 bytes, memoryleakwarningplugin.o(.text._ZL31normal_operator_new_array_debugjPKcj))
<BR>[Address Reference Count : 1]<UL><LI> memoryleakwarningplugin.o(.text._ZN23MemoryLeakWarningPlugin25turnOffNewDeleteOverloadsEv)
</UL>
<P><STRONG><a name="[65]"></a>_ZL32threadsafe_mem_leak_operator_newj</STRONG> (Thumb, 46 bytes, Stack size 24 bytes, memoryleakwarningplugin.o(.text._ZL32threadsafe_mem_leak_operator_newj))
<BR><BR>[Stack]<UL><LI>Max Depth = 128 + Unknown Stack Size
<LI>Call Chain = _ZL32threadsafe_mem_leak_operator_newj &rArr; getCurrentNewAllocator() &rArr; setCurrentNewAllocatorToDefault() &rArr; defaultNewAllocator() &rArr; __cxa_atexit &rArr; __aeabi_atexit &rArr; malloc &rArr; __Heap_Full &rArr; __Heap_ProvideMemory &rArr; free
</UL>
<BR>[Calls]<UL><LI><a href="#[288]">&gt;&gt;</a>&nbsp;&nbsp;&nbsp;MemoryLeakWarningPlugin::getGlobalDetector()
<LI><a href="#[28d]">&gt;&gt;</a>&nbsp;&nbsp;&nbsp;MemoryLeakDetector::allocMemory(TestMemoryAllocator*, unsigned, bool)
<LI><a href="#[292]">&gt;&gt;</a>&nbsp;&nbsp;&nbsp;MemLeakScopedMutex::MemLeakScopedMutex__sub_object()
<LI><a href="#[293]">&gt;&gt;</a>&nbsp;&nbsp;&nbsp;ScopedMutexLock::~ScopedMutexLock()
<LI><a href="#[279]">&gt;&gt;</a>&nbsp;&nbsp;&nbsp;getCurrentNewAllocator()
</UL>
<BR>[Address Reference Count : 1]<UL><LI> memoryleakwarningplugin.o(.text._ZN23MemoryLeakWarningPlugin14postTestActionER10UtestShellR10TestResult)
</UL>
<P><STRONG><a name="[18f]"></a>_ZL33mem_leak_operator_new_array_debugjPKcj</STRONG> (Thumb, 38 bytes, Stack size 32 bytes, memoryleakwarningplugin.o(.text._ZL33mem_leak_operator_new_array_debugjPKcj))
<BR><BR>[Stack]<UL><LI>Max Depth = 136 + Unknown Stack Size
<LI>Call Chain = _ZL33mem_leak_operator_new_array_debugjPKcj &rArr; getCurrentNewArrayAllocator() &rArr; setCurrentNewArrayAllocatorToDefault() &rArr; defaultNewArrayAllocator() &rArr; __cxa_atexit &rArr; __aeabi_atexit &rArr; malloc &rArr; __Heap_Full &rArr; __Heap_ProvideMemory &rArr; free
</UL>
<BR>[Calls]<UL><LI><a href="#[288]">&gt;&gt;</a>&nbsp;&nbsp;&nbsp;MemoryLeakWarningPlugin::getGlobalDetector()
<LI><a href="#[28b]">&gt;&gt;</a>&nbsp;&nbsp;&nbsp;MemoryLeakDetector::allocMemory(TestMemoryAllocator*, unsigned, const char*, unsigned, bool)
<LI><a href="#[281]">&gt;&gt;</a>&nbsp;&nbsp;&nbsp;getCurrentNewArrayAllocator()
</UL>
<BR>[Address Reference Count : 1]<UL><LI> memoryleakwarningplugin.o(.data..L_MergedGlobals)
</UL>
<P><STRONG><a name="[68]"></a>_ZL33normal_operator_new_array_nothrowj</STRONG> (Thumb, 12 bytes, Stack size 0 bytes, memoryleakwarningplugin.o(.text._ZL33normal_operator_new_array_nothrowj))
<BR>[Address Reference Count : 1]<UL><LI> memoryleakwarningplugin.o(.text._ZN23MemoryLeakWarningPlugin25turnOffNewDeleteOverloadsEv)
</UL>
<P><STRONG><a name="[192]"></a>_ZL35mem_leak_operator_new_array_nothrowj</STRONG> (Thumb, 30 bytes, Stack size 16 bytes, memoryleakwarningplugin.o(.text._ZL35mem_leak_operator_new_array_nothrowj))
<BR><BR>[Stack]<UL><LI>Max Depth = 120 + Unknown Stack Size
<LI>Call Chain = _ZL35mem_leak_operator_new_array_nothrowj &rArr; getCurrentNewArrayAllocator() &rArr; setCurrentNewArrayAllocatorToDefault() &rArr; defaultNewArrayAllocator() &rArr; __cxa_atexit &rArr; __aeabi_atexit &rArr; malloc &rArr; __Heap_Full &rArr; __Heap_ProvideMemory &rArr; free
</UL>
<BR>[Calls]<UL><LI><a href="#[288]">&gt;&gt;</a>&nbsp;&nbsp;&nbsp;MemoryLeakWarningPlugin::getGlobalDetector()
<LI><a href="#[28d]">&gt;&gt;</a>&nbsp;&nbsp;&nbsp;MemoryLeakDetector::allocMemory(TestMemoryAllocator*, unsigned, bool)
<LI><a href="#[281]">&gt;&gt;</a>&nbsp;&nbsp;&nbsp;getCurrentNewArrayAllocator()
</UL>
<BR>[Address Reference Count : 1]<UL><LI> memoryleakwarningplugin.o(.data..L_MergedGlobals)
</UL>
<P><STRONG><a name="[73]"></a>_ZL16helperDoTestBodyPv</STRONG> (Thumb, 6 bytes, Stack size 0 bytes, utest.o(.text._ZL16helperDoTestBodyPv))
<BR>[Address Reference Count : 1]<UL><LI> utest.o(.text._ZN5Utest3runEv)
</UL>
<P><STRONG><a name="[72]"></a>_ZL17helperDoTestSetupPv</STRONG> (Thumb, 6 bytes, Stack size 0 bytes, utest.o(.text._ZL17helperDoTestSetupPv))
<BR>[Address Reference Count : 1]<UL><LI> utest.o(.text._ZN5Utest3runEv)
</UL>
<P><STRONG><a name="[1ab]"></a>_ZL18defaultCrashMethodv</STRONG> (Thumb, 2 bytes, Stack size 0 bytes, utest.o(.text._ZL18defaultCrashMethodv))
<BR>[Address Reference Count : 1]<UL><LI> utest.o(.data._ZL21pleaseCrashMeRightNow)
</UL>
<P><STRONG><a name="[74]"></a>_ZL20helperDoTestTeardownPv</STRONG> (Thumb, 6 bytes, Stack size 0 bytes, utest.o(.text._ZL20helperDoTestTeardownPv))
<BR>[Address Reference Count : 1]<UL><LI> utest.o(.text._ZN5Utest3runEv)
</UL>
<P><STRONG><a name="[56]"></a>_ZL33helperDoRunOneTestSeperateProcessPv</STRONG> (Thumb, 20 bytes, Stack size 0 bytes, utest.o(.text._ZL33helperDoRunOneTestSeperateProcessPv))
<BR>[Address Reference Count : 1]<UL><LI> utest.o(.text._ZN10UtestShell10runOneTestEP10TestPluginR10TestResult)
</UL>
<P><STRONG><a name="[57]"></a>_ZL34helperDoRunOneTestInCurrentProcessPv</STRONG> (Thumb, 16 bytes, Stack size 0 bytes, utest.o(.text._ZL34helperDoRunOneTestInCurrentProcessPv))
<BR>[Address Reference Count : 1]<UL><LI> utest.o(.text._ZN10UtestShell10runOneTestEP10TestPluginR10TestResult)
</UL>
<P><STRONG><a name="[1a2]"></a>_ZL14DummyMutexLockPv</STRONG> (Thumb, 2 bytes, Stack size 0 bytes, utestplatform.o(.text._ZL14DummyMutexLockPv))
<BR>[Address Reference Count : 1]<UL><LI> utestplatform.o(.data.PlatformSpecificMutexLock)
</UL>
<P><STRONG><a name="[1a0]"></a>_ZL16DummyMutexCreatev</STRONG> (Thumb, 4 bytes, Stack size 0 bytes, utestplatform.o(.text._ZL16DummyMutexCreatev))
<BR>[Address Reference Count : 1]<UL><LI> utestplatform.o(.data.PlatformSpecificMutexCreate)
</UL>
<P><STRONG><a name="[1a3]"></a>_ZL16DummyMutexUnlockPv</STRONG> (Thumb, 2 bytes, Stack size 0 bytes, utestplatform.o(.text._ZL16DummyMutexUnlockPv))
<BR>[Address Reference Count : 1]<UL><LI> utestplatform.o(.data.PlatformSpecificMutexUnlock)
</UL>
<P><STRONG><a name="[1a1]"></a>_ZL17DummyMutexDestroyPv</STRONG> (Thumb, 2 bytes, Stack size 0 bytes, utestplatform.o(.text._ZL17DummyMutexDestroyPv))
<BR>[Address Reference Count : 1]<UL><LI> utestplatform.o(.data.PlatformSpecificMutexDestroy)
</UL>
<P><STRONG><a name="[19b]"></a>_ZL19IsInfImplementationd</STRONG> (Thumb, 20 bytes, Stack size 0 bytes, utestplatform.o(.text._ZL19IsInfImplementationd))
<BR>[Address Reference Count : 1]<UL><LI> utestplatform.o(.data.PlatformSpecificIsInf)
</UL>
<P><STRONG><a name="[19c]"></a>_ZL19IsNanImplementationd</STRONG> (Thumb, 32 bytes, Stack size 0 bytes, utestplatform.o(.text._ZL19IsNanImplementationd))
<BR>[Address Reference Count : 1]<UL><LI> utestplatform.o(.data.PlatformSpecificIsNan)
</UL>
<P><STRONG><a name="[194]"></a>_ZL24TimeStringImplementationv</STRONG> (Thumb, 34 bytes, Stack size 24 bytes, utestplatform.o(.text._ZL24TimeStringImplementationv))
<BR><BR>[Stack]<UL><LI>Max Depth = 208 + Unknown Stack Size
<LI>Call Chain = _ZL24TimeStringImplementationv &rArr; ctime &rArr; asctime &rArr; _asctime_r &rArr; sprintf &rArr; _printf_char_common &rArr; __printf
</UL>
<BR>[Calls]<UL><LI><a href="#[206]">&gt;&gt;</a>&nbsp;&nbsp;&nbsp;ctime
<LI><a href="#[28f]">&gt;&gt;</a>&nbsp;&nbsp;&nbsp;strchr
<LI><a href="#[28e]">&gt;&gt;</a>&nbsp;&nbsp;&nbsp;time
</UL>
<BR>[Address Reference Count : 1]<UL><LI> utestplatform.o(.data.GetPlatformSpecificTimeString)
</UL>
<P><STRONG><a name="[193]"></a>_ZL26TimeInMillisImplementationv</STRONG> (Thumb, 14 bytes, Stack size 8 bytes, utestplatform.o(.text._ZL26TimeInMillisImplementationv))
<BR><BR>[Stack]<UL><LI>Max Depth = 8<LI>Call Chain = _ZL26TimeInMillisImplementationv
</UL>
<BR>[Calls]<UL><LI><a href="#[291]">&gt;&gt;</a>&nbsp;&nbsp;&nbsp;clock
</UL>
<BR>[Address Reference Count : 1]<UL><LI> utestplatform.o(.data.GetPlatformSpecificTimeInMillis)
</UL>
<P><STRONG><a name="[196]"></a>_ZL35PlatformSpecificFOpenImplementationPKcS0_</STRONG> (Thumb, 16 bytes, Stack size 0 bytes, utestplatform.o(.text._ZL35PlatformSpecificFOpenImplementationPKcS0_))
<BR>[Address Reference Count : 1]<UL><LI> utestplatform.o(.data.PlatformSpecificFOpen)
</UL>
<P><STRONG><a name="[197]"></a>_ZL35PlatformSpecificFPutsImplementationPKcPv</STRONG> (Thumb, 20 bytes, Stack size 0 bytes, utestplatform.o(.text._ZL35PlatformSpecificFPutsImplementationPKcPv))
<BR><BR>[Stack]<UL><LI>Max Depth = 144 + Unknown Stack Size
<LI>Call Chain = _ZL35PlatformSpecificFPutsImplementationPKcPv &rArr; __2printf &rArr; _printf_char_file &rArr; _printf_char_common &rArr; __printf
</UL>
<BR>[Calls]<UL><LI><a href="#[1f6]">&gt;&gt;</a>&nbsp;&nbsp;&nbsp;__2printf
</UL>
<BR>[Address Reference Count : 1]<UL><LI> utestplatform.o(.data.PlatformSpecificFPuts)
</UL>
<P><STRONG><a name="[199]"></a>_ZL35PlatformSpecificFlushImplementationv</STRONG> (Thumb, 2 bytes, Stack size 0 bytes, utestplatform.o(.text._ZL35PlatformSpecificFlushImplementationv))
<BR>[Address Reference Count : 1]<UL><LI> utestplatform.o(.data.PlatformSpecificFlush)
</UL>
<P><STRONG><a name="[195]"></a>_ZL36PlatformSpecificFCloseImplementationPv</STRONG> (Thumb, 2 bytes, Stack size 0 bytes, utestplatform.o(.text._ZL36PlatformSpecificFCloseImplementationPv))
<BR>[Address Reference Count : 1]<UL><LI> utestplatform.o(.data.PlatformSpecificFClose)
</UL>
<P><STRONG><a name="[1a8]"></a>_ZL36PlatformSpecificSetJmpImplementationPFvPvES_</STRONG> (Thumb, 52 bytes, Stack size 16 bytes, utestplatform.o(.text._ZL36PlatformSpecificSetJmpImplementationPFvPvES_))
<BR><BR>[Stack]<UL><LI>Max Depth = 24<LI>Call Chain = _ZL36PlatformSpecificSetJmpImplementationPFvPvES_ &rArr; setjmp
</UL>
<BR>[Calls]<UL><LI><a href="#[294]">&gt;&gt;</a>&nbsp;&nbsp;&nbsp;setjmp
</UL>
<BR>[Address Reference Count : 1]<UL><LI> utestplatform.o(.data.PlatformSpecificSetJmp)
</UL>
<P><STRONG><a name="[19d]"></a>_ZL37PlatformSpecificLongJmpImplementationv</STRONG> (Thumb, 32 bytes, Stack size 0 bytes, utestplatform.o(.text._ZL37PlatformSpecificLongJmpImplementationv))
<BR><BR>[Calls]<UL><LI><a href="#[295]">&gt;&gt;</a>&nbsp;&nbsp;&nbsp;longjmp
</UL>
<BR>[Address Reference Count : 1]<UL><LI> utestplatform.o(.data.PlatformSpecificLongJmp)
</UL>
<P><STRONG><a name="[1a7]"></a>_ZL46DummyPlatformSpecificRunTestInASeperateProcessP10UtestShellP10TestPluginP10TestResult</STRONG> (Thumb, 116 bytes, Stack size 80 bytes, utestplatform.o(.text._ZL46DummyPlatformSpecificRunTestInASeperateProcessP10UtestShellP10TestPluginP10TestResult))
<BR><BR>[Stack]<UL><LI>Max Depth = 248 + Unknown Stack Size
<LI>Call Chain = _ZL46DummyPlatformSpecificRunTestInASeperateProcessP10UtestShellP10TestPluginP10TestResult &rArr; TestFailure::TestFailure(UtestShell*, const SimpleString&) &rArr; UtestShell::getName() const &rArr; SimpleString::SimpleString(const char*) &rArr; SimpleString::setInternalBufferAsEmptyString() &rArr; SimpleString::deallocateInternalBuffer() &rArr; SimpleString::deallocStringBuffer(char*, unsigned, const char*, unsigned) &rArr; SimpleString::getStringAllocator() &rArr; defaultNewArrayAllocator() &rArr; __cxa_atexit &rArr; __aeabi_atexit &rArr; malloc &rArr; __Heap_Full &rArr; __Heap_ProvideMemory &rArr; free
</UL>
<BR>[Calls]<UL><LI><a href="#[55]">&gt;&gt;</a>&nbsp;&nbsp;&nbsp;SimpleString::~SimpleString()
<LI><a href="#[58]">&gt;&gt;</a>&nbsp;&nbsp;&nbsp;SimpleString::SimpleString(const char*)
<LI><a href="#[297]">&gt;&gt;</a>&nbsp;&nbsp;&nbsp;TestFailure::~TestFailure()
<LI><a href="#[296]">&gt;&gt;</a>&nbsp;&nbsp;&nbsp;TestFailure::TestFailure(UtestShell*, const SimpleString&)
</UL>
<BR>[Address Reference Count : 1]<UL><LI> utestplatform.o(.data.PlatformSpecificRunTestInASeperateProcess)
</UL>
<P><STRONG><a name="[3c1]"></a>_dadd1</STRONG> (Thumb, 0 bytes, Stack size unknown bytes, daddsub_clz.o(x$fpl$dadd), UNUSED)
<BR><BR>[Called By]<UL><LI><a href="#[3c0]">&gt;&gt;</a>&nbsp;&nbsp;&nbsp;_dsub
</UL>

<P><STRONG><a name="[3b6]"></a>_dsub1</STRONG> (Thumb, 0 bytes, Stack size unknown bytes, daddsub_clz.o(x$fpl$dsub), UNUSED)
<BR><BR>[Called By]<UL><LI><a href="#[3b5]">&gt;&gt;</a>&nbsp;&nbsp;&nbsp;_dadd
</UL>

<P><STRONG><a name="[49]"></a>_printf_input_char</STRONG> (Thumb, 10 bytes, Stack size 0 bytes, _printf_char_common.o(.text))
<BR>[Address Reference Count : 1]<UL><LI> _printf_char_common.o(.text)
</UL>
<P><STRONG><a name="[217]"></a>_local_sscanf</STRONG> (Thumb, 68 bytes, Stack size 64 bytes, strtod.o(.text))
<BR><BR>[Stack]<UL><LI>Max Depth = 404<LI>Call Chain = _local_sscanf &rArr; _scanf_real &rArr; _scanf_really_real &rArr; _fp_value &rArr; _btod_etento &rArr; _btod_emul &rArr; _e2e
</UL>
<BR>[Calls]<UL><LI><a href="#[218]">&gt;&gt;</a>&nbsp;&nbsp;&nbsp;_scanf_real
</UL>
<BR>[Called By]<UL><LI><a href="#[219]">&gt;&gt;</a>&nbsp;&nbsp;&nbsp;__strtod_int
</UL>

<P><STRONG><a name="[228]"></a>_fp_digits</STRONG> (Thumb, 432 bytes, Stack size 96 bytes, _printf_fp_dec.o(.text))
<BR><BR>[Stack]<UL><LI>Max Depth = 220<LI>Call Chain = _fp_digits &rArr; _btod_etento &rArr; _btod_emul &rArr; _e2e
</UL>
<BR>[Calls]<UL><LI><a href="#[214]">&gt;&gt;</a>&nbsp;&nbsp;&nbsp;_ll_udiv10
<LI><a href="#[22c]">&gt;&gt;</a>&nbsp;&nbsp;&nbsp;_btod_emul
<LI><a href="#[22b]">&gt;&gt;</a>&nbsp;&nbsp;&nbsp;_btod_ediv
<LI><a href="#[22a]">&gt;&gt;</a>&nbsp;&nbsp;&nbsp;_btod_d2e
<LI><a href="#[229]">&gt;&gt;</a>&nbsp;&nbsp;&nbsp;_btod_etento
</UL>
<BR>[Called By]<UL><LI><a href="#[22d]">&gt;&gt;</a>&nbsp;&nbsp;&nbsp;_printf_fp_dec_real
</UL>

<P><STRONG><a name="[244]"></a>_fp_value</STRONG> (Thumb, 588 bytes, Stack size 96 bytes, scanf_fp.o(.text))
<BR><BR>[Stack]<UL><LI>Max Depth = 220<LI>Call Chain = _fp_value &rArr; _btod_etento &rArr; _btod_emul &rArr; _e2e
</UL>
<BR>[Calls]<UL><LI><a href="#[245]">&gt;&gt;</a>&nbsp;&nbsp;&nbsp;__ieee_status
<LI><a href="#[246]">&gt;&gt;</a>&nbsp;&nbsp;&nbsp;_btod_emuld
<LI><a href="#[247]">&gt;&gt;</a>&nbsp;&nbsp;&nbsp;_btod_edivd
<LI><a href="#[229]">&gt;&gt;</a>&nbsp;&nbsp;&nbsp;_btod_etento
<LI><a href="#[20e]">&gt;&gt;</a>&nbsp;&nbsp;&nbsp;__aeabi_errno_addr
</UL>
<BR>[Called By]<UL><LI><a href="#[248]">&gt;&gt;</a>&nbsp;&nbsp;&nbsp;_scanf_really_real
</UL>
<P>
<H3>
Undefined Global Symbols
</H3><HR></body></html>
